grid: 36 tiles in 6x6 (266x150 each) on a 1600x900 surface
encoding h265 test clip (640x480, 575 frames) -> C:\Users\zubair\AppData\Local\Temp/vms_grid_pattern.h265 ...
encoded with x265enc; fanning out 36 decode-only branch(es). Sink sync is OFF, so per-tile fps is
max decode throughput; sum(fps)/25 ~= sustainable 25 fps streams.
connecting to 36 source(s) (credentials not shown)...
--
  tile 0  5 fps  [nvh265dec]
  tile 1  8 fps  [nvh265dec]
  tile 2  10 fps  [nvh265dec]
  tile 3  1 fps  [nvh265dec]
  tile 4  3 fps  [nvh265dec]
  tile 5  18 fps  [nvh265dec]
  tile 6  8 fps  [nvh265dec]
  tile 7  14 fps  [nvh265dec]
  tile 8  10 fps  [nvh265dec]
  tile 9  6 fps  [nvh265dec]
  tile 10  9 fps  [nvh265dec]
  tile 11  6 fps  [nvh265dec]
  tile 12  14 fps  [nvh265dec]
  tile 13  7 fps  [nvh265dec]
  tile 14  5 fps  [nvh265dec]
  tile 15  9 fps  [nvh265dec]
  tile 16  0 fps  [nvh265dec]
  tile 17  3 fps  [nvh265dec]
  tile 18  3 fps  [nvh265dec]
  tile 19  12 fps  [nvh265dec]
  tile 20  14 fps  [nvh265dec]
  tile 21  4 fps  [nvh265dec]
  tile 22  8 fps  [nvh265dec]
  tile 23  8 fps  [nvh265dec]
  tile 24  7 fps  [nvh265dec]
  tile 25  8 fps  [nvh265dec]
  tile 26  8 fps  [nvh265dec]
  tile 27  8 fps  [nvh265dec]
  tile 28  10 fps  [nvh265dec]
  tile 29  9 fps  [nvh265dec]
  tile 30  8 fps  [nvh265dec]
  tile 31  9 fps  [nvh265dec]
  tile 32  11 fps  [nvh265dec]
  tile 33  3 fps  [nvh265dec]
  tile 34  8 fps  [nvh265dec]
  tile 35  10 fps  [nvh265dec]
  composited: rendered=0 dropped=0  rss=1016MB
first composited frame after 526.763 ms
--
  tile 0  24 fps  [nvh265dec]
  tile 1  26 fps  [nvh265dec]
  tile 2  29 fps  [nvh265dec]
  tile 3  37 fps  [nvh265dec]
  tile 4  40 fps  [nvh265dec]
  tile 5  40 fps  [nvh265dec]
  tile 6  33 fps  [nvh265dec]
  tile 7  35 fps  [nvh265dec]
  tile 8  32 fps  [nvh265dec]
  tile 9  32 fps  [nvh265dec]
  tile 10  25 fps  [nvh265dec]
  tile 11  22 fps  [nvh265dec]
  tile 12  34 fps  [nvh265dec]
  tile 13  35 fps  [nvh265dec]
  tile 14  25 fps  [nvh265dec]
  tile 15  29 fps  [nvh265dec]
  tile 16  28 fps  [nvh265dec]
  tile 17  24 fps  [nvh265dec]
  tile 18  22 fps  [nvh265dec]
  tile 19  31 fps  [nvh265dec]
  tile 20  46 fps  [nvh265dec]
  tile 21  39 fps  [nvh265dec]
  tile 22  38 fps  [nvh265dec]
  tile 23  32 fps  [nvh265dec]
  tile 24  25 fps  [nvh265dec]
  tile 25  24 fps  [nvh265dec]
  tile 26  22 fps  [nvh265dec]
  tile 27  29 fps  [nvh265dec]
  tile 28  30 fps  [nvh265dec]
  tile 29  32 fps  [nvh265dec]
  tile 30  37 fps  [nvh265dec]
  tile 31  30 fps  [nvh265dec]
  tile 32  23 fps  [nvh265dec]
  tile 33  27 fps  [nvh265dec]
  tile 34  20 fps  [nvh265dec]
  tile 35  32 fps  [nvh265dec]
  composited: rendered=15 dropped=0  cpu=1%  rss=1267MB
--
  tile 0  28 fps  [nvh265dec]
  tile 1  26 fps  [nvh265dec]
  tile 2  25 fps  [nvh265dec]
  tile 3  37 fps  [nvh265dec]
  tile 4  39 fps  [nvh265dec]
  tile 5  35 fps  [nvh265dec]
  tile 6  32 fps  [nvh265dec]
  tile 7  40 fps  [nvh265dec]
  tile 8  30 fps  [nvh265dec]
  tile 9  37 fps  [nvh265dec]
  tile 10  27 fps  [nvh265dec]
  tile 11  41 fps  [nvh265dec]
  tile 12  40 fps  [nvh265dec]
  tile 13  30 fps  [nvh265dec]
  tile 14  30 fps  [nvh265dec]
  tile 15  42 fps  [nvh265dec]
  tile 16  28 fps  [nvh265dec]
  tile 17  31 fps  [nvh265dec]
  tile 18  28 fps  [nvh265dec]
  tile 19  34 fps  [nvh265dec]
  tile 20  36 fps  [nvh265dec]
  tile 21  36 fps  [nvh265dec]
  tile 22  32 fps  [nvh265dec]
  tile 23  36 fps  [nvh265dec]
  tile 24  26 fps  [nvh265dec]
  tile 25  27 fps  [nvh265dec]
  tile 26  25 fps  [nvh265dec]
  tile 27  37 fps  [nvh265dec]
  tile 28  43 fps  [nvh265dec]
  tile 29  40 fps  [nvh265dec]
  tile 30  44 fps  [nvh265dec]
  tile 31  44 fps  [nvh265dec]
  tile 32  25 fps  [nvh265dec]
  tile 33  33 fps  [nvh265dec]
  tile 34  35 fps  [nvh265dec]
  tile 35  43 fps  [nvh265dec]
  composited: rendered=40 dropped=0  cpu=1%  rss=1281MB
--
  tile 0  32 fps  [nvh265dec]
  tile 1  29 fps  [nvh265dec]
  tile 2  35 fps  [nvh265dec]
  tile 3  36 fps  [nvh265dec]
  tile 4  35 fps  [nvh265dec]
  tile 5  34 fps  [nvh265dec]
  tile 6  27 fps  [nvh265dec]
  tile 7  40 fps  [nvh265dec]
  tile 8  32 fps  [nvh265dec]
  tile 9  20 fps  [nvh265dec]
  tile 10  30 fps  [nvh265dec]
  tile 11  34 fps  [nvh265dec]
  tile 12  41 fps  [nvh265dec]
  tile 13  33 fps  [nvh265dec]
  tile 14  27 fps  [nvh265dec]
  tile 15  41 fps  [nvh265dec]
  tile 16  39 fps  [nvh265dec]
  tile 17  30 fps  [nvh265dec]
  tile 18  31 fps  [nvh265dec]
  tile 19  27 fps  [nvh265dec]
  tile 20  37 fps  [nvh265dec]
  tile 21  38 fps  [nvh265dec]
  tile 22  48 fps  [nvh265dec]
  tile 23  37 fps  [nvh265dec]
  tile 24  34 fps  [nvh265dec]
  tile 25  28 fps  [nvh265dec]
  tile 26  27 fps  [nvh265dec]
  tile 27  40 fps  [nvh265dec]
  tile 28  43 fps  [nvh265dec]
  tile 29  39 fps  [nvh265dec]
  tile 30  42 fps  [nvh265dec]
  tile 31  32 fps  [nvh265dec]
  tile 32  29 fps  [nvh265dec]
  tile 33  36 fps  [nvh265dec]
  tile 34  33 fps  [nvh265dec]
  tile 35  39 fps  [nvh265dec]
  composited: rendered=65 dropped=0  cpu=2%  rss=1295MB
--
  tile 0  29 fps  [nvh265dec]
  tile 1  24 fps  [nvh265dec]
  tile 2  30 fps  [nvh265dec]
  tile 3  34 fps  [nvh265dec]
  tile 4  40 fps  [nvh265dec]
  tile 5  39 fps  [nvh265dec]
  tile 6  32 fps  [nvh265dec]
  tile 7  32 fps  [nvh265dec]
  tile 8  34 fps  [nvh265dec]
  tile 9  32 fps  [nvh265dec]
  tile 10  27 fps  [nvh265dec]
  tile 11  41 fps  [nvh265dec]
  tile 12  40 fps  [nvh265dec]
  tile 13  42 fps  [nvh265dec]
  tile 14  31 fps  [nvh265dec]
  tile 15  35 fps  [nvh265dec]
  tile 16  27 fps  [nvh265dec]
  tile 17  31 fps  [nvh265dec]
  tile 18  34 fps  [nvh265dec]
  tile 19  40 fps  [nvh265dec]
  tile 20  39 fps  [nvh265dec]
  tile 21  29 fps  [nvh265dec]
  tile 22  35 fps  [nvh265dec]
  tile 23  38 fps  [nvh265dec]
  tile 24  35 fps  [nvh265dec]
  tile 25  26 fps  [nvh265dec]
  tile 26  29 fps  [nvh265dec]
  tile 27  43 fps  [nvh265dec]
  tile 28  43 fps  [nvh265dec]
  tile 29  42 fps  [nvh265dec]
  tile 30  44 fps  [nvh265dec]
  tile 31  40 fps  [nvh265dec]
  tile 32  31 fps  [nvh265dec]
  tile 33  31 fps  [nvh265dec]
  tile 34  30 fps  [nvh265dec]
  tile 35  41 fps  [nvh265dec]
  composited: rendered=90 dropped=0  cpu=1%  rss=1299MB
--
  tile 0  40 fps  [nvh265dec]
  tile 1  25 fps  [nvh265dec]
  tile 2  30 fps  [nvh265dec]
  tile 3  44 fps  [nvh265dec]
  tile 4  36 fps  [nvh265dec]
  tile 5  33 fps  [nvh265dec]
  tile 6  33 fps  [nvh265dec]
  tile 7  38 fps  [nvh265dec]
  tile 8  32 fps  [nvh265dec]
  tile 9  32 fps  [nvh265dec]
  tile 10  25 fps  [nvh265dec]
  tile 11  42 fps  [nvh265dec]
  tile 12  30 fps  [nvh265dec]
  tile 13  43 fps  [nvh265dec]
  tile 14  30 fps  [nvh265dec]
  tile 15  27 fps  [nvh265dec]
  tile 16  38 fps  [nvh265dec]
  tile 17  37 fps  [nvh265dec]
  tile 18  19 fps  [nvh265dec]
  tile 19  42 fps  [nvh265dec]
  tile 20  26 fps  [nvh265dec]
  tile 21  34 fps  [nvh265dec]
  tile 22  45 fps  [nvh265dec]
  tile 23  35 fps  [nvh265dec]
  tile 24  32 fps  [nvh265dec]
  tile 25  32 fps  [nvh265dec]
  tile 26  28 fps  [nvh265dec]
  tile 27  40 fps  [nvh265dec]
  tile 28  36 fps  [nvh265dec]
  tile 29  45 fps  [nvh265dec]
  tile 30  38 fps  [nvh265dec]
  tile 31  28 fps  [nvh265dec]
  tile 32  38 fps  [nvh265dec]
  tile 33  27 fps  [nvh265dec]
  tile 34  30 fps  [nvh265dec]
  tile 35  35 fps  [nvh265dec]
  composited: rendered=114 dropped=0  cpu=1%  rss=1309MB
--
  tile 0  25 fps  [nvh265dec]
  tile 1  27 fps  [nvh265dec]
  tile 2  23 fps  [nvh265dec]
  tile 3  37 fps  [nvh265dec]
  tile 4  40 fps  [nvh265dec]
  tile 5  40 fps  [nvh265dec]
  tile 6  35 fps  [nvh265dec]
  tile 7  36 fps  [nvh265dec]
  tile 8  31 fps  [nvh265dec]
  tile 9  31 fps  [nvh265dec]
  tile 10  28 fps  [nvh265dec]
  tile 11  35 fps  [nvh265dec]
  tile 12  41 fps  [nvh265dec]
  tile 13  35 fps  [nvh265dec]
  tile 14  28 fps  [nvh265dec]
  tile 15  40 fps  [nvh265dec]
  tile 16  30 fps  [nvh265dec]
  tile 17  33 fps  [nvh265dec]
  tile 18  21 fps  [nvh265dec]
  tile 19  39 fps  [nvh265dec]
  tile 20  27 fps  [nvh265dec]
  tile 21  36 fps  [nvh265dec]
  tile 22  39 fps  [nvh265dec]
  tile 23  33 fps  [nvh265dec]
  tile 24  36 fps  [nvh265dec]
  tile 25  28 fps  [nvh265dec]
  tile 26  32 fps  [nvh265dec]
  tile 27  40 fps  [nvh265dec]
  tile 28  39 fps  [nvh265dec]
  tile 29  36 fps  [nvh265dec]
  tile 30  43 fps  [nvh265dec]
  tile 31  34 fps  [nvh265dec]
  tile 32  42 fps  [nvh265dec]
  tile 33  33 fps  [nvh265dec]
  tile 34  19 fps  [nvh265dec]
  tile 35  35 fps  [nvh265dec]
  composited: rendered=140 dropped=0  cpu=1%  rss=1316MB
--
  tile 0  29 fps  [nvh265dec]
  tile 1  29 fps  [nvh265dec]
  tile 2  36 fps  [nvh265dec]
  tile 3  37 fps  [nvh265dec]
  tile 4  38 fps  [nvh265dec]
  tile 5  38 fps  [nvh265dec]
  tile 6  31 fps  [nvh265dec]
  tile 7  37 fps  [nvh265dec]
  tile 8  29 fps  [nvh265dec]
  tile 9  27 fps  [nvh265dec]
  tile 10  21 fps  [nvh265dec]
  tile 11  43 fps  [nvh265dec]
  tile 12  39 fps  [nvh265dec]
  tile 13  49 fps  [nvh265dec]
  tile 14  26 fps  [nvh265dec]
  tile 15  42 fps  [nvh265dec]
  tile 16  29 fps  [nvh265dec]
  tile 17  37 fps  [nvh265dec]
  tile 18  26 fps  [nvh265dec]
  tile 19  38 fps  [nvh265dec]
  tile 20  37 fps  [nvh265dec]
  tile 21  34 fps  [nvh265dec]
  tile 22  36 fps  [nvh265dec]
  tile 23  38 fps  [nvh265dec]
  tile 24  26 fps  [nvh265dec]
  tile 25  32 fps  [nvh265dec]
  tile 26  26 fps  [nvh265dec]
  tile 27  38 fps  [nvh265dec]
  tile 28  43 fps  [nvh265dec]
  tile 29  33 fps  [nvh265dec]
  tile 30  41 fps  [nvh265dec]
  tile 31  33 fps  [nvh265dec]
  tile 32  32 fps  [nvh265dec]
  tile 33  26 fps  [nvh265dec]
  tile 34  26 fps  [nvh265dec]
  tile 35  37 fps  [nvh265dec]
  composited: rendered=165 dropped=0  cpu=1%  rss=1319MB
--
  tile 0  31 fps  [nvh265dec]
  tile 1  31 fps  [nvh265dec]
  tile 2  32 fps  [nvh265dec]
  tile 3  42 fps  [nvh265dec]
  tile 4  39 fps  [nvh265dec]
  tile 5  32 fps  [nvh265dec]
  tile 6  34 fps  [nvh265dec]
  tile 7  42 fps  [nvh265dec]
  tile 8  35 fps  [nvh265dec]
  tile 9  31 fps  [nvh265dec]
  tile 10  28 fps  [nvh265dec]
  tile 11  37 fps  [nvh265dec]
  tile 12  34 fps  [nvh265dec]
  tile 13  35 fps  [nvh265dec]
  tile 14  22 fps  [nvh265dec]
  tile 15  35 fps  [nvh265dec]
  tile 16  40 fps  [nvh265dec]
  tile 17  36 fps  [nvh265dec]
  tile 18  28 fps  [nvh265dec]
  tile 19  33 fps  [nvh265dec]
  tile 20  38 fps  [nvh265dec]
  tile 21  38 fps  [nvh265dec]
  tile 22  45 fps  [nvh265dec]
  tile 23  35 fps  [nvh265dec]
  tile 24  39 fps  [nvh265dec]
  tile 25  26 fps  [nvh265dec]
  tile 26  32 fps  [nvh265dec]
  tile 27  28 fps  [nvh265dec]
  tile 28  39 fps  [nvh265dec]
  tile 29  40 fps  [nvh265dec]
  tile 30  43 fps  [nvh265dec]
  tile 31  33 fps  [nvh265dec]
  tile 32  28 fps  [nvh265dec]
  tile 33  33 fps  [nvh265dec]
  tile 34  32 fps  [nvh265dec]
  tile 35  45 fps  [nvh265dec]
  composited: rendered=190 dropped=0  cpu=1%  rss=1322MB
--
  tile 0  39 fps  [nvh265dec]
  tile 1  34 fps  [nvh265dec]
  tile 2  38 fps  [nvh265dec]
  tile 3  34 fps  [nvh265dec]
  tile 4  39 fps  [nvh265dec]
  tile 5  35 fps  [nvh265dec]
  tile 6  32 fps  [nvh265dec]
  tile 7  36 fps  [nvh265dec]
  tile 8  34 fps  [nvh265dec]
  tile 9  32 fps  [nvh265dec]
  tile 10  25 fps  [nvh265dec]
  tile 11  32 fps  [nvh265dec]
  tile 12  41 fps  [nvh265dec]
  tile 13  36 fps  [nvh265dec]
  tile 14  35 fps  [nvh265dec]
  tile 15  35 fps  [nvh265dec]
  tile 16  30 fps  [nvh265dec]
  tile 17  37 fps  [nvh265dec]
  tile 18  27 fps  [nvh265dec]
  tile 19  30 fps  [nvh265dec]
  tile 20  39 fps  [nvh265dec]
  tile 21  38 fps  [nvh265dec]
  tile 22  35 fps  [nvh265dec]
  tile 23  31 fps  [nvh265dec]
  tile 24  33 fps  [nvh265dec]
  tile 25  30 fps  [nvh265dec]
  tile 26  27 fps  [nvh265dec]
  tile 27  36 fps  [nvh265dec]
  tile 28  36 fps  [nvh265dec]
  tile 29  35 fps  [nvh265dec]
  tile 30  35 fps  [nvh265dec]
  tile 31  37 fps  [nvh265dec]
  tile 32  30 fps  [nvh265dec]
  tile 33  31 fps  [nvh265dec]
  tile 34  25 fps  [nvh265dec]
  tile 35  34 fps  [nvh265dec]
  composited: rendered=215 dropped=0  cpu=2%  rss=1325MB
--
  tile 0  33 fps  [nvh265dec]
  tile 1  26 fps  [nvh265dec]
  tile 2  28 fps  [nvh265dec]
  tile 3  34 fps  [nvh265dec]
  tile 4  44 fps  [nvh265dec]
  tile 5  37 fps  [nvh265dec]
  tile 6  30 fps  [nvh265dec]
  tile 7  44 fps  [nvh265dec]
  tile 8  30 fps  [nvh265dec]
  tile 9  35 fps  [nvh265dec]
  tile 10  25 fps  [nvh265dec]
  tile 11  29 fps  [nvh265dec]
  tile 12  35 fps  [nvh265dec]
  tile 13  44 fps  [nvh265dec]
  tile 14  26 fps  [nvh265dec]
  tile 15  36 fps  [nvh265dec]
  tile 16  33 fps  [nvh265dec]
  tile 17  28 fps  [nvh265dec]
  tile 18  28 fps  [nvh265dec]
  tile 19  34 fps  [nvh265dec]
  tile 20  32 fps  [nvh265dec]
  tile 21  38 fps  [nvh265dec]
  tile 22  33 fps  [nvh265dec]
  tile 23  36 fps  [nvh265dec]
  tile 24  30 fps  [nvh265dec]
  tile 25  31 fps  [nvh265dec]
  tile 26  25 fps  [nvh265dec]
  tile 27  38 fps  [nvh265dec]
  tile 28  35 fps  [nvh265dec]
  tile 29  40 fps  [nvh265dec]
  tile 30  38 fps  [nvh265dec]
  tile 31  30 fps  [nvh265dec]
  tile 32  29 fps  [nvh265dec]
  tile 33  26 fps  [nvh265dec]
  tile 34  29 fps  [nvh265dec]
  tile 35  39 fps  [nvh265dec]
  composited: rendered=239 dropped=0  cpu=2%  rss=1331MB
--
  tile 0  39 fps  [nvh265dec]
  tile 1  29 fps  [nvh265dec]
  tile 2  32 fps  [nvh265dec]
  tile 3  52 fps  [nvh265dec]
  tile 4  51 fps  [nvh265dec]
  tile 5  45 fps  [nvh265dec]
  tile 6  42 fps  [nvh265dec]
  tile 7  43 fps  [nvh265dec]
  tile 8  37 fps  [nvh265dec]
  tile 9  44 fps  [nvh265dec]
  tile 10  34 fps  [nvh265dec]
  tile 11  36 fps  [nvh265dec]
  tile 12  40 fps  [nvh265dec]
  tile 13  54 fps  [nvh265dec]
  tile 14  34 fps  [nvh265dec]
  tile 15  37 fps  [nvh265dec]
  tile 16  31 fps  [nvh265dec]
  tile 17  41 fps  [nvh265dec]
  tile 18  28 fps  [nvh265dec]
  tile 19  45 fps  [nvh265dec]
  tile 20  32 fps  [nvh265dec]
  tile 21  53 fps  [nvh265dec]
  tile 22  34 fps  [nvh265dec]
  tile 23  34 fps  [nvh265dec]
  tile 24  23 fps  [nvh265dec]
  tile 25  38 fps  [nvh265dec]
  tile 26  39 fps  [nvh265dec]
  tile 27  42 fps  [nvh265dec]
  tile 28  42 fps  [nvh265dec]
  tile 29  48 fps  [nvh265dec]
  tile 30  40 fps  [nvh265dec]
  tile 31  41 fps  [nvh265dec]
  tile 32  40 fps  [nvh265dec]
  tile 33  36 fps  [nvh265dec]
  tile 34  43 fps  [nvh265dec]
  tile 35  44 fps  [nvh265dec]
  composited: rendered=265 dropped=0  cpu=1%  rss=1336MB
--
  tile 0  44 fps  [nvh265dec]
  tile 1  46 fps  [nvh265dec]
  tile 2  39 fps  [nvh265dec]
  tile 3  48 fps  [nvh265dec]
  tile 4  47 fps  [nvh265dec]
  tile 5  44 fps  [nvh265dec]
  tile 6  42 fps  [nvh265dec]
  tile 7  41 fps  [nvh265dec]
  tile 8  34 fps  [nvh265dec]
  tile 9  44 fps  [nvh265dec]
  tile 10  40 fps  [nvh265dec]
  tile 11  44 fps  [nvh265dec]
  tile 12  46 fps  [nvh265dec]
  tile 13  43 fps  [nvh265dec]
  tile 14  44 fps  [nvh265dec]
  tile 15  37 fps  [nvh265dec]
  tile 16  37 fps  [nvh265dec]
  tile 17  43 fps  [nvh265dec]
  tile 18  48 fps  [nvh265dec]
  tile 19  48 fps  [nvh265dec]
  tile 20  44 fps  [nvh265dec]
  tile 21  47 fps  [nvh265dec]
  tile 22  51 fps  [nvh265dec]
  tile 23  46 fps  [nvh265dec]
  tile 24  41 fps  [nvh265dec]
  tile 25  44 fps  [nvh265dec]
  tile 26  41 fps  [nvh265dec]
  tile 27  43 fps  [nvh265dec]
  tile 28  39 fps  [nvh265dec]
  tile 29  42 fps  [nvh265dec]
  tile 30  42 fps  [nvh265dec]
  tile 31  35 fps  [nvh265dec]
  tile 32  36 fps  [nvh265dec]
  tile 33  42 fps  [nvh265dec]
  tile 34  40 fps  [nvh265dec]
  tile 35  49 fps  [nvh265dec]
  composited: rendered=290 dropped=0  cpu=0%  rss=1342MB
--
  tile 0  38 fps  [nvh265dec]
  tile 1  41 fps  [nvh265dec]
  tile 2  36 fps  [nvh265dec]
  tile 3  49 fps  [nvh265dec]
  tile 4  45 fps  [nvh265dec]
  tile 5  52 fps  [nvh265dec]
  tile 6  47 fps  [nvh265dec]
  tile 7  42 fps  [nvh265dec]
  tile 8  39 fps  [nvh265dec]
  tile 9  35 fps  [nvh265dec]
  tile 10  34 fps  [nvh265dec]
  tile 11  42 fps  [nvh265dec]
  tile 12  39 fps  [nvh265dec]
  tile 13  52 fps  [nvh265dec]
  tile 14  42 fps  [nvh265dec]
  tile 15  43 fps  [nvh265dec]
  tile 16  33 fps  [nvh265dec]
  tile 17  42 fps  [nvh265dec]
  tile 18  39 fps  [nvh265dec]
  tile 19  40 fps  [nvh265dec]
  tile 20  39 fps  [nvh265dec]
  tile 21  53 fps  [nvh265dec]
  tile 22  49 fps  [nvh265dec]
  tile 23  40 fps  [nvh265dec]
  tile 24  47 fps  [nvh265dec]
  tile 25  45 fps  [nvh265dec]
  tile 26  37 fps  [nvh265dec]
  tile 27  43 fps  [nvh265dec]
  tile 28  48 fps  [nvh265dec]
  tile 29  43 fps  [nvh265dec]
  tile 30  49 fps  [nvh265dec]
  tile 31  38 fps  [nvh265dec]
  tile 32  36 fps  [nvh265dec]
  tile 33  43 fps  [nvh265dec]
  tile 34  42 fps  [nvh265dec]
  tile 35  46 fps  [nvh265dec]
  composited: rendered=315 dropped=0  cpu=2%  rss=1344MB
--
  tile 0  43 fps  [nvh265dec]
  tile 1  38 fps  [nvh265dec]
  tile 2  39 fps  [nvh265dec]
  tile 3  38 fps  [nvh265dec]
  tile 4  47 fps  [nvh265dec]
  tile 5  42 fps  [nvh265dec]
  tile 6  45 fps  [nvh265dec]
  tile 7  42 fps  [nvh265dec]
  tile 8  37 fps  [nvh265dec]
  tile 9  37 fps  [nvh265dec]
  tile 10  39 fps  [nvh265dec]
  tile 11  47 fps  [nvh265dec]
  tile 12  47 fps  [nvh265dec]
  tile 13  39 fps  [nvh265dec]
  tile 14  51 fps  [nvh265dec]
  tile 15  41 fps  [nvh265dec]
  tile 16  33 fps  [nvh265dec]
  tile 17  35 fps  [nvh265dec]
  tile 18  46 fps  [nvh265dec]
  tile 19  38 fps  [nvh265dec]
  tile 20  42 fps  [nvh265dec]
  tile 21  49 fps  [nvh265dec]
  tile 22  44 fps  [nvh265dec]
  tile 23  36 fps  [nvh265dec]
  tile 24  37 fps  [nvh265dec]
  tile 25  47 fps  [nvh265dec]
  tile 26  41 fps  [nvh265dec]
  tile 27  47 fps  [nvh265dec]
  tile 28  41 fps  [nvh265dec]
  tile 29  49 fps  [nvh265dec]
  tile 30  42 fps  [nvh265dec]
  tile 31  40 fps  [nvh265dec]
  tile 32  35 fps  [nvh265dec]
  tile 33  43 fps  [nvh265dec]
  tile 34  39 fps  [nvh265dec]
  tile 35  40 fps  [nvh265dec]
  composited: rendered=340 dropped=0  cpu=1%  rss=1346MB
--
  tile 0  47 fps  [nvh265dec]
  tile 1  43 fps  [nvh265dec]
  tile 2  37 fps  [nvh265dec]
  tile 3  37 fps  [nvh265dec]
  tile 4  48 fps  [nvh265dec]
  tile 5  51 fps  [nvh265dec]
  tile 6  38 fps  [nvh265dec]
  tile 7  63 fps  [nvh265dec]
  tile 8  44 fps  [nvh265dec]
  tile 9  38 fps  [nvh265dec]
  tile 10  40 fps  [nvh265dec]
  tile 11  36 fps  [nvh265dec]
  tile 12  39 fps  [nvh265dec]
  tile 13  39 fps  [nvh265dec]
  tile 14  42 fps  [nvh265dec]
  tile 15  44 fps  [nvh265dec]
  tile 16  34 fps  [nvh265dec]
  tile 17  39 fps  [nvh265dec]
  tile 18  44 fps  [nvh265dec]
  tile 19  48 fps  [nvh265dec]
  tile 20  39 fps  [nvh265dec]
  tile 21  30 fps  [nvh265dec]
  tile 22  39 fps  [nvh265dec]
  tile 23  42 fps  [nvh265dec]
  tile 24  36 fps  [nvh265dec]
  tile 25  36 fps  [nvh265dec]
  tile 26  42 fps  [nvh265dec]
  tile 27  43 fps  [nvh265dec]
  tile 28  36 fps  [nvh265dec]
  tile 29  49 fps  [nvh265dec]
  tile 30  45 fps  [nvh265dec]
  tile 31  39 fps  [nvh265dec]
  tile 32  40 fps  [nvh265dec]
  tile 33  42 fps  [nvh265dec]
  tile 34  35 fps  [nvh265dec]
  tile 35  48 fps  [nvh265dec]
  composited: rendered=364 dropped=0  cpu=1%  rss=1348MB
--
  tile 0  40 fps  [nvh265dec]
  tile 1  44 fps  [nvh265dec]
  tile 2  39 fps  [nvh265dec]
  tile 3  52 fps  [nvh265dec]
  tile 4  45 fps  [nvh265dec]
  tile 5  44 fps  [nvh265dec]
  tile 6  35 fps  [nvh265dec]
  tile 7  43 fps  [nvh265dec]
  tile 8  43 fps  [nvh265dec]
  tile 9  33 fps  [nvh265dec]
  tile 10  48 fps  [nvh265dec]
  tile 11  40 fps  [nvh265dec]
  tile 12  44 fps  [nvh265dec]
  tile 13  42 fps  [nvh265dec]
  tile 14  42 fps  [nvh265dec]
  tile 15  46 fps  [nvh265dec]
  tile 16  38 fps  [nvh265dec]
  tile 17  33 fps  [nvh265dec]
  tile 18  51 fps  [nvh265dec]
  tile 19  46 fps  [nvh265dec]
  tile 20  47 fps  [nvh265dec]
  tile 21  40 fps  [nvh265dec]
  tile 22  40 fps  [nvh265dec]
  tile 23  36 fps  [nvh265dec]
  tile 24  36 fps  [nvh265dec]
  tile 25  37 fps  [nvh265dec]
  tile 26  37 fps  [nvh265dec]
  tile 27  52 fps  [nvh265dec]
  tile 28  33 fps  [nvh265dec]
  tile 29  45 fps  [nvh265dec]
  tile 30  41 fps  [nvh265dec]
  tile 31  38 fps  [nvh265dec]
  tile 32  35 fps  [nvh265dec]
  tile 33  47 fps  [nvh265dec]
  tile 34  43 fps  [nvh265dec]
  tile 35  41 fps  [nvh265dec]
  composited: rendered=390 dropped=0  cpu=1%  rss=1349MB
--
  tile 0  36 fps  [nvh265dec]
  tile 1  41 fps  [nvh265dec]
  tile 2  37 fps  [nvh265dec]
  tile 3  45 fps  [nvh265dec]
  tile 4  46 fps  [nvh265dec]
  tile 5  42 fps  [nvh265dec]
  tile 6  40 fps  [nvh265dec]
  tile 7  40 fps  [nvh265dec]
  tile 8  33 fps  [nvh265dec]
  tile 9  38 fps  [nvh265dec]
  tile 10  35 fps  [nvh265dec]
  tile 11  34 fps  [nvh265dec]
  tile 12  41 fps  [nvh265dec]
  tile 13  38 fps  [nvh265dec]
  tile 14  48 fps  [nvh265dec]
  tile 15  42 fps  [nvh265dec]
  tile 16  44 fps  [nvh265dec]
  tile 17  40 fps  [nvh265dec]
  tile 18  42 fps  [nvh265dec]
  tile 19  45 fps  [nvh265dec]
  tile 20  49 fps  [nvh265dec]
  tile 21  39 fps  [nvh265dec]
  tile 22  45 fps  [nvh265dec]
  tile 23  37 fps  [nvh265dec]
  tile 24  35 fps  [nvh265dec]
  tile 25  51 fps  [nvh265dec]
  tile 26  44 fps  [nvh265dec]
  tile 27  43 fps  [nvh265dec]
  tile 28  36 fps  [nvh265dec]
  tile 29  55 fps  [nvh265dec]
  tile 30  47 fps  [nvh265dec]
  tile 31  49 fps  [nvh265dec]
  tile 32  33 fps  [nvh265dec]
  tile 33  46 fps  [nvh265dec]
  tile 34  36 fps  [nvh265dec]
  tile 35  53 fps  [nvh265dec]
  composited: rendered=415 dropped=0  cpu=2%  rss=1352MB
--
  tile 0  47 fps  [nvh265dec]
  tile 1  53 fps  [nvh265dec]
  tile 2  45 fps  [nvh265dec]
  tile 3  42 fps  [nvh265dec]
  tile 4  39 fps  [nvh265dec]
  tile 5  52 fps  [nvh265dec]
  tile 6  43 fps  [nvh265dec]
  tile 7  42 fps  [nvh265dec]
  tile 8  30 fps  [nvh265dec]
  tile 9  38 fps  [nvh265dec]
  tile 10  38 fps  [nvh265dec]
  tile 11  49 fps  [nvh265dec]
  tile 12  50 fps  [nvh265dec]
  tile 13  48 fps  [nvh265dec]
  tile 14  45 fps  [nvh265dec]
  tile 15  44 fps  [nvh265dec]
  tile 16  35 fps  [nvh265dec]
  tile 17  36 fps  [nvh265dec]
  tile 18  41 fps  [nvh265dec]
  tile 19  54 fps  [nvh265dec]
  tile 20  43 fps  [nvh265dec]
  tile 21  43 fps  [nvh265dec]
  tile 22  51 fps  [nvh265dec]
  tile 23  31 fps  [nvh265dec]
  tile 24  37 fps  [nvh265dec]
  tile 25  51 fps  [nvh265dec]
  tile 26  43 fps  [nvh265dec]
  tile 27  48 fps  [nvh265dec]
  tile 28  40 fps  [nvh265dec]
  tile 29  44 fps  [nvh265dec]
  tile 30  39 fps  [nvh265dec]
  tile 31  45 fps  [nvh265dec]
  tile 32  33 fps  [nvh265dec]
  tile 33  38 fps  [nvh265dec]
  tile 34  40 fps  [nvh265dec]
  tile 35  49 fps  [nvh265dec]
  composited: rendered=440 dropped=0  cpu=1%  rss=1353MB
--
  tile 0  42 fps  [nvh265dec]
  tile 1  39 fps  [nvh265dec]
  tile 2  35 fps  [nvh265dec]
  tile 3  39 fps  [nvh265dec]
  tile 4  49 fps  [nvh265dec]
  tile 5  54 fps  [nvh265dec]
  tile 6  46 fps  [nvh265dec]
  tile 7  38 fps  [nvh265dec]
  tile 8  37 fps  [nvh265dec]
  tile 9  47 fps  [nvh265dec]
  tile 10  46 fps  [nvh265dec]
  tile 11  52 fps  [nvh265dec]
  tile 12  48 fps  [nvh265dec]
  tile 13  43 fps  [nvh265dec]
  tile 14  41 fps  [nvh265dec]
  tile 15  48 fps  [nvh265dec]
  tile 16  35 fps  [nvh265dec]
  tile 17  46 fps  [nvh265dec]
  tile 18  56 fps  [nvh265dec]
  tile 19  47 fps  [nvh265dec]
  tile 20  50 fps  [nvh265dec]
  tile 21  54 fps  [nvh265dec]
  tile 22  37 fps  [nvh265dec]
  tile 23  36 fps  [nvh265dec]
  tile 24  38 fps  [nvh265dec]
  tile 25  36 fps  [nvh265dec]
  tile 26  36 fps  [nvh265dec]
  tile 27  43 fps  [nvh265dec]
  tile 28  46 fps  [nvh265dec]
  tile 29  44 fps  [nvh265dec]
  tile 30  50 fps  [nvh265dec]
  tile 31  28 fps  [nvh265dec]
  tile 32  30 fps  [nvh265dec]
  tile 33  43 fps  [nvh265dec]
  tile 34  47 fps  [nvh265dec]
  tile 35  48 fps  [nvh265dec]
  composited: rendered=465 dropped=0  cpu=1%  rss=1356MB
-- time limit reached --
SUMMARY: tiles=36 composited rendered=465 dropped=0
SUMMARY(test-pattern): codec=h265 src=640x480 tiles=36 aggregate decode fps=1401  (~56 sustainable 25fps streams)
