grid: 36 tiles in 6x6 (266x150 each) on a 1600x900 surface
encoding h265 test clip (1920x1080, 575 frames) -> C:\Users\zubair\AppData\Local\Temp/vms_grid_pattern.h265 ...
encoded with x265enc; fanning out 36 decode-only branch(es). Sink sync is OFF, so per-tile fps is
max decode throughput; sum(fps)/25 ~= sustainable 25 fps streams.
connecting to 36 source(s) (credentials not shown)...
first composited frame after 1.81626e+08 ms
--
  tile 0  1 fps  [nvh265dec]
  tile 1  2 fps  [nvh265dec]
  tile 2  4 fps  [nvh265dec]
  tile 3  4 fps  [nvh265dec]
  tile 4  16 fps  [nvh265dec]
  tile 5  2 fps  [nvh265dec]
  tile 6  11 fps  [nvh265dec]
  tile 7  3 fps  [nvh265dec]
  tile 8  4 fps  [nvh265dec]
  tile 9  14 fps  [nvh265dec]
  tile 10  5 fps  [nvh265dec]
  tile 11  11 fps  [nvh265dec]
  tile 12  9 fps  [nvh265dec]
  tile 13  11 fps  [nvh265dec]
  tile 14  2 fps  [nvh265dec]
  tile 15  11 fps  [nvh265dec]
  tile 16  9 fps  [nvh265dec]
  tile 17  8 fps  [nvh265dec]
  tile 18  6 fps  [nvh265dec]
  tile 19  6 fps  [nvh265dec]
  tile 20  7 fps  [nvh265dec]
  tile 21  5 fps  [nvh265dec]
  tile 22  4 fps  [nvh265dec]
  tile 23  4 fps  [nvh265dec]
  tile 24  6 fps  [nvh265dec]
  tile 25  5 fps  [nvh265dec]
  tile 26  4 fps  [nvh265dec]
  tile 27  12 fps  [nvh265dec]
  tile 28  17 fps  [nvh265dec]
  tile 29  10 fps  [nvh265dec]
  tile 30  6 fps  [nvh265dec]
  tile 31  5 fps  [nvh265dec]
  tile 32  6 fps  [nvh265dec]
  tile 33  11 fps  [nvh265dec]
  tile 34  3 fps  [nvh265dec]
  tile 35  6 fps  [nvh265dec]
  composited: rendered=1 dropped=0  rss=3699MB
--
  tile 0  9 fps  [nvh265dec]
  tile 1  8 fps  [nvh265dec]
  tile 2  8 fps  [nvh265dec]
  tile 3  7 fps  [nvh265dec]
  tile 4  11 fps  [nvh265dec]
  tile 5  7 fps  [nvh265dec]
  tile 6  7 fps  [nvh265dec]
  tile 7  8 fps  [nvh265dec]
  tile 8  6 fps  [nvh265dec]
  tile 9  8 fps  [nvh265dec]
  tile 10  6 fps  [nvh265dec]
  tile 11  9 fps  [nvh265dec]
  tile 12  6 fps  [nvh265dec]
  tile 13  7 fps  [nvh265dec]
  tile 14  6 fps  [nvh265dec]
  tile 15  6 fps  [nvh265dec]
  tile 16  7 fps  [nvh265dec]
  tile 17  7 fps  [nvh265dec]
  tile 18  5 fps  [nvh265dec]
  tile 19  9 fps  [nvh265dec]
  tile 20  13 fps  [nvh265dec]
  tile 21  8 fps  [nvh265dec]
  tile 22  7 fps  [nvh265dec]
  tile 23  5 fps  [nvh265dec]
  tile 24  8 fps  [nvh265dec]
  tile 25  7 fps  [nvh265dec]
  tile 26  8 fps  [nvh265dec]
  tile 27  7 fps  [nvh265dec]
  tile 28  7 fps  [nvh265dec]
  tile 29  8 fps  [nvh265dec]
  tile 30  9 fps  [nvh265dec]
  tile 31  5 fps  [nvh265dec]
  tile 32  8 fps  [nvh265dec]
  tile 33  6 fps  [nvh265dec]
  tile 34  8 fps  [nvh265dec]
  tile 35  7 fps  [nvh265dec]
  composited: rendered=2 dropped=0  cpu=3%  rss=5251MB
--
  tile 0  12 fps  [nvh265dec]
  tile 1  6 fps  [nvh265dec]
  tile 2  6 fps  [nvh265dec]
  tile 3  4 fps  [nvh265dec]
  tile 4  9 fps  [nvh265dec]
  tile 5  9 fps  [nvh265dec]
  tile 6  9 fps  [nvh265dec]
  tile 7  7 fps  [nvh265dec]
  tile 8  5 fps  [nvh265dec]
  tile 9  7 fps  [nvh265dec]
  tile 10  6 fps  [nvh265dec]
  tile 11  9 fps  [nvh265dec]
  tile 12  8 fps  [nvh265dec]
  tile 13  3 fps  [nvh265dec]
  tile 14  5 fps  [nvh265dec]
  tile 15  12 fps  [nvh265dec]
  tile 16  8 fps  [nvh265dec]
  tile 17  6 fps  [nvh265dec]
  tile 18  7 fps  [nvh265dec]
  tile 19  9 fps  [nvh265dec]
  tile 20  8 fps  [nvh265dec]
  tile 21  7 fps  [nvh265dec]
  tile 22  7 fps  [nvh265dec]
  tile 23  2 fps  [nvh265dec]
  tile 24  4 fps  [nvh265dec]
  tile 25  8 fps  [nvh265dec]
  tile 26  8 fps  [nvh265dec]
  tile 27  8 fps  [nvh265dec]
  tile 28  6 fps  [nvh265dec]
  tile 29  8 fps  [nvh265dec]
  tile 30  6 fps  [nvh265dec]
  tile 31  12 fps  [nvh265dec]
  tile 32  11 fps  [nvh265dec]
  tile 33  6 fps  [nvh265dec]
  tile 34  10 fps  [nvh265dec]
  tile 35  10 fps  [nvh265dec]
  composited: rendered=2 dropped=9  cpu=5%  rss=5317MB
--
  tile 0  9 fps  [nvh265dec]
  tile 1  6 fps  [nvh265dec]
  tile 2  10 fps  [nvh265dec]
  tile 3  9 fps  [nvh265dec]
  tile 4  11 fps  [nvh265dec]
  tile 5  8 fps  [nvh265dec]
  tile 6  12 fps  [nvh265dec]
  tile 7  7 fps  [nvh265dec]
  tile 8  11 fps  [nvh265dec]
  tile 9  9 fps  [nvh265dec]
  tile 10  8 fps  [nvh265dec]
  tile 11  9 fps  [nvh265dec]
  tile 12  6 fps  [nvh265dec]
  tile 13  7 fps  [nvh265dec]
  tile 14  8 fps  [nvh265dec]
  tile 15  7 fps  [nvh265dec]
  tile 16  11 fps  [nvh265dec]
  tile 17  6 fps  [nvh265dec]
  tile 18  8 fps  [nvh265dec]
  tile 19  8 fps  [nvh265dec]
  tile 20  6 fps  [nvh265dec]
  tile 21  8 fps  [nvh265dec]
  tile 22  11 fps  [nvh265dec]
  tile 23  6 fps  [nvh265dec]
  tile 24  7 fps  [nvh265dec]
  tile 25  6 fps  [nvh265dec]
  tile 26  9 fps  [nvh265dec]
  tile 27  8 fps  [nvh265dec]
  tile 28  9 fps  [nvh265dec]
  tile 29  8 fps  [nvh265dec]
  tile 30  8 fps  [nvh265dec]
  tile 31  5 fps  [nvh265dec]
  tile 32  8 fps  [nvh265dec]
  tile 33  9 fps  [nvh265dec]
  tile 34  10 fps  [nvh265dec]
  tile 35  10 fps  [nvh265dec]
  composited: rendered=2 dropped=15  cpu=1%  rss=5354MB
--
  tile 0  9 fps  [nvh265dec]
  tile 1  6 fps  [nvh265dec]
  tile 2  8 fps  [nvh265dec]
  tile 3  13 fps  [nvh265dec]
  tile 4  12 fps  [nvh265dec]
  tile 5  11 fps  [nvh265dec]
  tile 6  6 fps  [nvh265dec]
  tile 7  6 fps  [nvh265dec]
  tile 8  9 fps  [nvh265dec]
  tile 9  8 fps  [nvh265dec]
  tile 10  12 fps  [nvh265dec]
  tile 11  5 fps  [nvh265dec]
  tile 12  7 fps  [nvh265dec]
  tile 13  9 fps  [nvh265dec]
  tile 14  12 fps  [nvh265dec]
  tile 15  6 fps  [nvh265dec]
  tile 16  8 fps  [nvh265dec]
  tile 17  7 fps  [nvh265dec]
  tile 18  5 fps  [nvh265dec]
  tile 19  9 fps  [nvh265dec]
  tile 20  9 fps  [nvh265dec]
  tile 21  7 fps  [nvh265dec]
  tile 22  17 fps  [nvh265dec]
  tile 23  7 fps  [nvh265dec]
  tile 24  7 fps  [nvh265dec]
  tile 25  12 fps  [nvh265dec]
  tile 26  9 fps  [nvh265dec]
  tile 27  8 fps  [nvh265dec]
  tile 28  15 fps  [nvh265dec]
  tile 29  8 fps  [nvh265dec]
  tile 30  11 fps  [nvh265dec]
  tile 31  8 fps  [nvh265dec]
  tile 32  6 fps  [nvh265dec]
  tile 33  6 fps  [nvh265dec]
  tile 34  8 fps  [nvh265dec]
  tile 35  7 fps  [nvh265dec]
  composited: rendered=2 dropped=22  cpu=1%  rss=5352MB
--
  tile 0  3 fps  [nvh265dec]
  tile 1  4 fps  [nvh265dec]
  tile 2  1 fps  [nvh265dec]
  tile 3  3 fps  [nvh265dec]
  tile 4  9 fps  [nvh265dec]
  tile 5  1 fps  [nvh265dec]
  tile 6  5 fps  [nvh265dec]
  tile 7  2 fps  [nvh265dec]
  tile 8  4 fps  [nvh265dec]
  tile 9  4 fps  [nvh265dec]
  tile 10  3 fps  [nvh265dec]
  tile 11  7 fps  [nvh265dec]
  tile 12  2 fps  [nvh265dec]
  tile 13  2 fps  [nvh265dec]
  tile 14  3 fps  [nvh265dec]
  tile 15  3 fps  [nvh265dec]
  tile 16  7 fps  [nvh265dec]
  tile 17  5 fps  [nvh265dec]
  tile 18  2 fps  [nvh265dec]
  tile 19  2 fps  [nvh265dec]
  tile 20  3 fps  [nvh265dec]
  tile 21  1 fps  [nvh265dec]
  tile 22  14 fps  [nvh265dec]
  tile 23  4 fps  [nvh265dec]
  tile 24  1 fps  [nvh265dec]
  tile 25  5 fps  [nvh265dec]
  tile 26  2 fps  [nvh265dec]
  tile 27  6 fps  [nvh265dec]
  tile 28  12 fps  [nvh265dec]
  tile 29  3 fps  [nvh265dec]
  tile 30  3 fps  [nvh265dec]
  tile 31  4 fps  [nvh265dec]
  tile 32  4 fps  [nvh265dec]
  tile 33  3 fps  [nvh265dec]
  tile 34  1 fps  [nvh265dec]
  tile 35  4 fps  [nvh265dec]
  composited: rendered=3 dropped=25  cpu=1%  rss=5354MB
--
  tile 0  12 fps  [nvh265dec]
  tile 1  0 fps  [nvh265dec]
  tile 2  0 fps  [nvh265dec]
  tile 3  13 fps  [nvh265dec]
  tile 4  12 fps  [nvh265dec]
  tile 5  3 fps  [nvh265dec]
  tile 6  13 fps  [nvh265dec]
  tile 7  0 fps  [nvh265dec]
  tile 8  4 fps  [nvh265dec]
  tile 9  10 fps  [nvh265dec]
  tile 10  15 fps  [nvh265dec]
  tile 11  5 fps  [nvh265dec]
  tile 12  4 fps  [nvh265dec]
  tile 13  6 fps  [nvh265dec]
  tile 14  0 fps  [nvh265dec]
  tile 15  10 fps  [nvh265dec]
  tile 16  12 fps  [nvh265dec]
  tile 17  2 fps  [nvh265dec]
  tile 18  0 fps  [nvh265dec]
  tile 19  6 fps  [nvh265dec]
  tile 20  5 fps  [nvh265dec]
  tile 21  0 fps  [nvh265dec]
  tile 22  9 fps  [nvh265dec]
  tile 23  0 fps  [nvh265dec]
  tile 24  0 fps  [nvh265dec]
  tile 25  7 fps  [nvh265dec]
  tile 26  1 fps  [nvh265dec]
  tile 27  14 fps  [nvh265dec]
  tile 28  14 fps  [nvh265dec]
  tile 29  6 fps  [nvh265dec]
  tile 30  10 fps  [nvh265dec]
  tile 31  6 fps  [nvh265dec]
  tile 32  4 fps  [nvh265dec]
  tile 33  6 fps  [nvh265dec]
  tile 34  1 fps  [nvh265dec]
  tile 35  8 fps  [nvh265dec]
  composited: rendered=3 dropped=25  cpu=0%  rss=5354MB
--
  tile 0  15 fps  [nvh265dec]
  tile 1  8 fps  [nvh265dec]
  tile 2  8 fps  [nvh265dec]
  tile 3  10 fps  [nvh265dec]
  tile 4  11 fps  [nvh265dec]
  tile 5  9 fps  [nvh265dec]
  tile 6  12 fps  [nvh265dec]
  tile 7  3 fps  [nvh265dec]
  tile 8  6 fps  [nvh265dec]
  tile 9  9 fps  [nvh265dec]
  tile 10  9 fps  [nvh265dec]
  tile 11  8 fps  [nvh265dec]
  tile 12  7 fps  [nvh265dec]
  tile 13  12 fps  [nvh265dec]
  tile 14  11 fps  [nvh265dec]
  tile 15  12 fps  [nvh265dec]
  tile 16  9 fps  [nvh265dec]
  tile 17  12 fps  [nvh265dec]
  tile 18  7 fps  [nvh265dec]
  tile 19  9 fps  [nvh265dec]
  tile 20  5 fps  [nvh265dec]
  tile 21  8 fps  [nvh265dec]
  tile 22  14 fps  [nvh265dec]
  tile 23  0 fps  [nvh265dec]
  tile 24  8 fps  [nvh265dec]
  tile 25  7 fps  [nvh265dec]
  tile 26  8 fps  [nvh265dec]
  tile 27  13 fps  [nvh265dec]
  tile 28  16 fps  [nvh265dec]
  tile 29  15 fps  [nvh265dec]
  tile 30  19 fps  [nvh265dec]
  tile 31  10 fps  [nvh265dec]
  tile 32  14 fps  [nvh265dec]
  tile 33  5 fps  [nvh265dec]
  tile 34  9 fps  [nvh265dec]
  tile 35  11 fps  [nvh265dec]
  composited: rendered=3 dropped=25  cpu=0%  rss=5355MB
--
  tile 0  14 fps  [nvh265dec]
  tile 1  6 fps  [nvh265dec]
  tile 2  8 fps  [nvh265dec]
  tile 3  11 fps  [nvh265dec]
  tile 4  10 fps  [nvh265dec]
  tile 5  12 fps  [nvh265dec]
  tile 6  13 fps  [nvh265dec]
  tile 7  8 fps  [nvh265dec]
  tile 8  8 fps  [nvh265dec]
  tile 9  7 fps  [nvh265dec]
  tile 10  14 fps  [nvh265dec]
  tile 11  9 fps  [nvh265dec]
  tile 12  14 fps  [nvh265dec]
  tile 13  9 fps  [nvh265dec]
  tile 14  10 fps  [nvh265dec]
  tile 15  13 fps  [nvh265dec]
  tile 16  14 fps  [nvh265dec]
  tile 17  11 fps  [nvh265dec]
  tile 18  11 fps  [nvh265dec]
  tile 19  9 fps  [nvh265dec]
  tile 20  9 fps  [nvh265dec]
  tile 21  15 fps  [nvh265dec]
  tile 22  12 fps  [nvh265dec]
  tile 23  0 fps  [nvh265dec]
  tile 24  10 fps  [nvh265dec]
  tile 25  9 fps  [nvh265dec]
  tile 26  8 fps  [nvh265dec]
  tile 27  11 fps  [nvh265dec]
  tile 28  11 fps  [nvh265dec]
  tile 29  16 fps  [nvh265dec]
  tile 30  14 fps  [nvh265dec]
  tile 31  10 fps  [nvh265dec]
  tile 32  8 fps  [nvh265dec]
  tile 33  8 fps  [nvh265dec]
  tile 34  11 fps  [nvh265dec]
  tile 35  11 fps  [nvh265dec]
  composited: rendered=3 dropped=25  cpu=0%  rss=5355MB
--
  tile 0  11 fps  [nvh265dec]
  tile 1  4 fps  [nvh265dec]
  tile 2  4 fps  [nvh265dec]
  tile 3  3 fps  [nvh265dec]
  tile 4  8 fps  [nvh265dec]
  tile 5  11 fps  [nvh265dec]
  tile 6  13 fps  [nvh265dec]
  tile 7  6 fps  [nvh265dec]
  tile 8  3 fps  [nvh265dec]
  tile 9  10 fps  [nvh265dec]
  tile 10  7 fps  [nvh265dec]
  tile 11  7 fps  [nvh265dec]
  tile 12  9 fps  [nvh265dec]
  tile 13  5 fps  [nvh265dec]
  tile 14  10 fps  [nvh265dec]
  tile 15  6 fps  [nvh265dec]
  tile 16  8 fps  [nvh265dec]
  tile 17  8 fps  [nvh265dec]
  tile 18  4 fps  [nvh265dec]
  tile 19  7 fps  [nvh265dec]
  tile 20  4 fps  [nvh265dec]
  tile 21  8 fps  [nvh265dec]
  tile 22  9 fps  [nvh265dec]
  tile 23  6 fps  [nvh265dec]
  tile 24  3 fps  [nvh265dec]
  tile 25  6 fps  [nvh265dec]
  tile 26  4 fps  [nvh265dec]
  tile 27  8 fps  [nvh265dec]
  tile 28  7 fps  [nvh265dec]
  tile 29  7 fps  [nvh265dec]
  tile 30  10 fps  [nvh265dec]
  tile 31  5 fps  [nvh265dec]
  tile 32  7 fps  [nvh265dec]
  tile 33  5 fps  [nvh265dec]
  tile 34  6 fps  [nvh265dec]
  tile 35  5 fps  [nvh265dec]
  composited: rendered=4 dropped=25  cpu=4%  rss=5964MB
--
  tile 0  10 fps  [nvh265dec]
  tile 1  0 fps  [nvh265dec]
  tile 2  8 fps  [nvh265dec]
  tile 3  8 fps  [nvh265dec]
  tile 4  8 fps  [nvh265dec]
  tile 5  12 fps  [nvh265dec]
  tile 6  12 fps  [nvh265dec]
  tile 7  4 fps  [nvh265dec]
  tile 8  8 fps  [nvh265dec]
  tile 9  11 fps  [nvh265dec]
  tile 10  9 fps  [nvh265dec]
  tile 11  11 fps  [nvh265dec]
  tile 12  11 fps  [nvh265dec]
  tile 13  9 fps  [nvh265dec]
  tile 14  10 fps  [nvh265dec]
  tile 15  13 fps  [nvh265dec]
  tile 16  16 fps  [nvh265dec]
  tile 17  13 fps  [nvh265dec]
  tile 18  7 fps  [nvh265dec]
  tile 19  12 fps  [nvh265dec]
  tile 20  7 fps  [nvh265dec]
  tile 21  12 fps  [nvh265dec]
  tile 22  14 fps  [nvh265dec]
  tile 23  0 fps  [nvh265dec]
  tile 24  5 fps  [nvh265dec]
  tile 25  5 fps  [nvh265dec]
  tile 26  8 fps  [nvh265dec]
  tile 27  13 fps  [nvh265dec]
  tile 28  6 fps  [nvh265dec]
  tile 29  12 fps  [nvh265dec]
  tile 30  8 fps  [nvh265dec]
  tile 31  8 fps  [nvh265dec]
  tile 32  12 fps  [nvh265dec]
  tile 33  10 fps  [nvh265dec]
  tile 34  8 fps  [nvh265dec]
  tile 35  9 fps  [nvh265dec]
  composited: rendered=4 dropped=25  cpu=1%  rss=5965MB
--
  tile 0  7 fps  [nvh265dec]
  tile 1  5 fps  [nvh265dec]
  tile 2  14 fps  [nvh265dec]
  tile 3  10 fps  [nvh265dec]
  tile 4  12 fps  [nvh265dec]
  tile 5  8 fps  [nvh265dec]
  tile 6  8 fps  [nvh265dec]
  tile 7  6 fps  [nvh265dec]
  tile 8  12 fps  [nvh265dec]
  tile 9  9 fps  [nvh265dec]
  tile 10  9 fps  [nvh265dec]
  tile 11  10 fps  [nvh265dec]
  tile 12  10 fps  [nvh265dec]
  tile 13  8 fps  [nvh265dec]
  tile 14  11 fps  [nvh265dec]
  tile 15  10 fps  [nvh265dec]
  tile 16  11 fps  [nvh265dec]
  tile 17  13 fps  [nvh265dec]
  tile 18  11 fps  [nvh265dec]
  tile 19  8 fps  [nvh265dec]
  tile 20  10 fps  [nvh265dec]
  tile 21  13 fps  [nvh265dec]
  tile 22  9 fps  [nvh265dec]
  tile 23  0 fps  [nvh265dec]
  tile 24  9 fps  [nvh265dec]
  tile 25  10 fps  [nvh265dec]
  tile 26  8 fps  [nvh265dec]
  tile 27  12 fps  [nvh265dec]
  tile 28  10 fps  [nvh265dec]
  tile 29  17 fps  [nvh265dec]
  tile 30  7 fps  [nvh265dec]
  tile 31  8 fps  [nvh265dec]
  tile 32  9 fps  [nvh265dec]
  tile 33  16 fps  [nvh265dec]
  tile 34  9 fps  [nvh265dec]
  tile 35  6 fps  [nvh265dec]
  composited: rendered=4 dropped=25  cpu=1%  rss=5966MB
--
  tile 0  13 fps  [nvh265dec]
  tile 1  5 fps  [nvh265dec]
  tile 2  11 fps  [nvh265dec]
  tile 3  10 fps  [nvh265dec]
  tile 4  11 fps  [nvh265dec]
  tile 5  6 fps  [nvh265dec]
  tile 6  15 fps  [nvh265dec]
  tile 7  3 fps  [nvh265dec]
  tile 8  9 fps  [nvh265dec]
  tile 9  7 fps  [nvh265dec]
  tile 10  7 fps  [nvh265dec]
  tile 11  9 fps  [nvh265dec]
  tile 12  10 fps  [nvh265dec]
  tile 13  7 fps  [nvh265dec]
  tile 14  8 fps  [nvh265dec]
  tile 15  9 fps  [nvh265dec]
  tile 16  7 fps  [nvh265dec]
  tile 17  7 fps  [nvh265dec]
  tile 18  5 fps  [nvh265dec]
  tile 19  10 fps  [nvh265dec]
  tile 20  7 fps  [nvh265dec]
  tile 21  6 fps  [nvh265dec]
  tile 22  13 fps  [nvh265dec]
  tile 23  2 fps  [nvh265dec]
  tile 24  5 fps  [nvh265dec]
  tile 25  5 fps  [nvh265dec]
  tile 26  4 fps  [nvh265dec]
  tile 27  9 fps  [nvh265dec]
  tile 28  15 fps  [nvh265dec]
  tile 29  10 fps  [nvh265dec]
  tile 30  8 fps  [nvh265dec]
  tile 31  7 fps  [nvh265dec]
  tile 32  7 fps  [nvh265dec]
  tile 33  9 fps  [nvh265dec]
  tile 34  10 fps  [nvh265dec]
  tile 35  10 fps  [nvh265dec]
  composited: rendered=5 dropped=25  cpu=2%  rss=6104MB
--
  tile 0  7 fps  [nvh265dec]
  tile 1  0 fps  [nvh265dec]
  tile 2  6 fps  [nvh265dec]
  tile 3  12 fps  [nvh265dec]
  tile 4  8 fps  [nvh265dec]
  tile 5  13 fps  [nvh265dec]
  tile 6  11 fps  [nvh265dec]
  tile 7  0 fps  [nvh265dec]
  tile 8  5 fps  [nvh265dec]
  tile 9  8 fps  [nvh265dec]
  tile 10  5 fps  [nvh265dec]
  tile 11  7 fps  [nvh265dec]
  tile 12  10 fps  [nvh265dec]
  tile 13  9 fps  [nvh265dec]
  tile 14  4 fps  [nvh265dec]
  tile 15  12 fps  [nvh265dec]
  tile 16  12 fps  [nvh265dec]
  tile 17  12 fps  [nvh265dec]
  tile 18  12 fps  [nvh265dec]
  tile 19  6 fps  [nvh265dec]
  tile 20  10 fps  [nvh265dec]
  tile 21  8 fps  [nvh265dec]
  tile 22  12 fps  [nvh265dec]
  tile 23  0 fps  [nvh265dec]
  tile 24  5 fps  [nvh265dec]
  tile 25  9 fps  [nvh265dec]
  tile 26  3 fps  [nvh265dec]
  tile 27  10 fps  [nvh265dec]
  tile 28  12 fps  [nvh265dec]
  tile 29  14 fps  [nvh265dec]
  tile 30  8 fps  [nvh265dec]
  tile 31  8 fps  [nvh265dec]
  tile 32  7 fps  [nvh265dec]
  tile 33  5 fps  [nvh265dec]
  tile 34  8 fps  [nvh265dec]
  tile 35  8 fps  [nvh265dec]
  composited: rendered=5 dropped=25  cpu=1%  rss=6104MB
--
  tile 0  8 fps  [nvh265dec]
  tile 1  2 fps  [nvh265dec]
  tile 2  14 fps  [nvh265dec]
  tile 3  13 fps  [nvh265dec]
  tile 4  15 fps  [nvh265dec]
  tile 5  12 fps  [nvh265dec]
  tile 6  12 fps  [nvh265dec]
  tile 7  6 fps  [nvh265dec]
  tile 8  6 fps  [nvh265dec]
  tile 9  7 fps  [nvh265dec]
  tile 10  14 fps  [nvh265dec]
  tile 11  11 fps  [nvh265dec]
  tile 12  12 fps  [nvh265dec]
  tile 13  8 fps  [nvh265dec]
  tile 14  5 fps  [nvh265dec]
  tile 15  11 fps  [nvh265dec]
  tile 16  10 fps  [nvh265dec]
  tile 17  18 fps  [nvh265dec]
  tile 18  8 fps  [nvh265dec]
  tile 19  10 fps  [nvh265dec]
  tile 20  5 fps  [nvh265dec]
  tile 21  10 fps  [nvh265dec]
  tile 22  12 fps  [nvh265dec]
  tile 23  0 fps  [nvh265dec]
  tile 24  10 fps  [nvh265dec]
  tile 25  10 fps  [nvh265dec]
  tile 26  7 fps  [nvh265dec]
  tile 27  12 fps  [nvh265dec]
  tile 28  12 fps  [nvh265dec]
  tile 29  10 fps  [nvh265dec]
  tile 30  10 fps  [nvh265dec]
  tile 31  9 fps  [nvh265dec]
  tile 32  7 fps  [nvh265dec]
  tile 33  9 fps  [nvh265dec]
  tile 34  9 fps  [nvh265dec]
  tile 35  14 fps  [nvh265dec]
  composited: rendered=5 dropped=25  cpu=0%  rss=6104MB
--
  tile 0  18 fps  [nvh265dec]
  tile 1  9 fps  [nvh265dec]
  tile 2  12 fps  [nvh265dec]
  tile 3  15 fps  [nvh265dec]
  tile 4  11 fps  [nvh265dec]
  tile 5  9 fps  [nvh265dec]
  tile 6  17 fps  [nvh265dec]
  tile 7  13 fps  [nvh265dec]
  tile 8  9 fps  [nvh265dec]
  tile 9  9 fps  [nvh265dec]
  tile 10  12 fps  [nvh265dec]
  tile 11  6 fps  [nvh265dec]
  tile 12  11 fps  [nvh265dec]
  tile 13  9 fps  [nvh265dec]
  tile 14  9 fps  [nvh265dec]
  tile 15  13 fps  [nvh265dec]
  tile 16  11 fps  [nvh265dec]
  tile 17  9 fps  [nvh265dec]
  tile 18  9 fps  [nvh265dec]
  tile 19  4 fps  [nvh265dec]
  tile 20  10 fps  [nvh265dec]
  tile 21  8 fps  [nvh265dec]
  tile 22  15 fps  [nvh265dec]
  tile 23  0 fps  [nvh265dec]
  tile 24  7 fps  [nvh265dec]
  tile 25  8 fps  [nvh265dec]
  tile 26  8 fps  [nvh265dec]
  tile 27  12 fps  [nvh265dec]
  tile 28  10 fps  [nvh265dec]
  tile 29  12 fps  [nvh265dec]
  tile 30  8 fps  [nvh265dec]
  tile 31  9 fps  [nvh265dec]
  tile 32  7 fps  [nvh265dec]
  tile 33  10 fps  [nvh265dec]
  tile 34  7 fps  [nvh265dec]
  tile 35  15 fps  [nvh265dec]
  composited: rendered=5 dropped=25  cpu=1%  rss=6105MB
--
  tile 0  11 fps  [nvh265dec]
  tile 1  0 fps  [nvh265dec]
  tile 2  10 fps  [nvh265dec]
  tile 3  9 fps  [nvh265dec]
  tile 4  9 fps  [nvh265dec]
  tile 5  7 fps  [nvh265dec]
  tile 6  6 fps  [nvh265dec]
  tile 7  3 fps  [nvh265dec]
  tile 8  7 fps  [nvh265dec]
  tile 9  12 fps  [nvh265dec]
  tile 10  12 fps  [nvh265dec]
  tile 11  9 fps  [nvh265dec]
  tile 12  9 fps  [nvh265dec]
  tile 13  5 fps  [nvh265dec]
  tile 14  6 fps  [nvh265dec]
  tile 15  12 fps  [nvh265dec]
  tile 16  10 fps  [nvh265dec]
  tile 17  9 fps  [nvh265dec]
  tile 18  7 fps  [nvh265dec]
  tile 19  5 fps  [nvh265dec]
  tile 20  9 fps  [nvh265dec]
  tile 21  12 fps  [nvh265dec]
  tile 22  12 fps  [nvh265dec]
  tile 23  2 fps  [nvh265dec]
  tile 24  1 fps  [nvh265dec]
  tile 25  8 fps  [nvh265dec]
  tile 26  1 fps  [nvh265dec]
  tile 27  8 fps  [nvh265dec]
  tile 28  11 fps  [nvh265dec]
  tile 29  8 fps  [nvh265dec]
  tile 30  11 fps  [nvh265dec]
  tile 31  6 fps  [nvh265dec]
  tile 32  9 fps  [nvh265dec]
  tile 33  7 fps  [nvh265dec]
  tile 34  9 fps  [nvh265dec]
  tile 35  9 fps  [nvh265dec]
  composited: rendered=6 dropped=25  cpu=4%  rss=6168MB
--
  tile 0  13 fps  [nvh265dec]
  tile 1  0 fps  [nvh265dec]
  tile 2  9 fps  [nvh265dec]
  tile 3  13 fps  [nvh265dec]
  tile 4  15 fps  [nvh265dec]
  tile 5  10 fps  [nvh265dec]
  tile 6  10 fps  [nvh265dec]
  tile 7  8 fps  [nvh265dec]
  tile 8  11 fps  [nvh265dec]
  tile 9  10 fps  [nvh265dec]
  tile 10  8 fps  [nvh265dec]
  tile 11  8 fps  [nvh265dec]
  tile 12  13 fps  [nvh265dec]
  tile 13  10 fps  [nvh265dec]
  tile 14  5 fps  [nvh265dec]
  tile 15  15 fps  [nvh265dec]
  tile 16  14 fps  [nvh265dec]
  tile 17  8 fps  [nvh265dec]
  tile 18  11 fps  [nvh265dec]
  tile 19  7 fps  [nvh265dec]
  tile 20  8 fps  [nvh265dec]
  tile 21  14 fps  [nvh265dec]
  tile 22  9 fps  [nvh265dec]
  tile 23  0 fps  [nvh265dec]
  tile 24  7 fps  [nvh265dec]
  tile 25  8 fps  [nvh265dec]
  tile 26  9 fps  [nvh265dec]
  tile 27  12 fps  [nvh265dec]
  tile 28  11 fps  [nvh265dec]
  tile 29  13 fps  [nvh265dec]
  tile 30  5 fps  [nvh265dec]
  tile 31  10 fps  [nvh265dec]
  tile 32  6 fps  [nvh265dec]
  tile 33  11 fps  [nvh265dec]
  tile 34  9 fps  [nvh265dec]
  tile 35  16 fps  [nvh265dec]
  composited: rendered=6 dropped=25  cpu=1%  rss=6168MB
--
  tile 0  10 fps  [nvh265dec]
  tile 1  11 fps  [nvh265dec]
  tile 2  13 fps  [nvh265dec]
  tile 3  11 fps  [nvh265dec]
  tile 4  12 fps  [nvh265dec]
  tile 5  9 fps  [nvh265dec]
  tile 6  11 fps  [nvh265dec]
  tile 7  8 fps  [nvh265dec]
  tile 8  10 fps  [nvh265dec]
  tile 9  8 fps  [nvh265dec]
  tile 10  11 fps  [nvh265dec]
  tile 11  9 fps  [nvh265dec]
  tile 12  11 fps  [nvh265dec]
  tile 13  7 fps  [nvh265dec]
  tile 14  11 fps  [nvh265dec]
  tile 15  11 fps  [nvh265dec]
  tile 16  8 fps  [nvh265dec]
  tile 17  12 fps  [nvh265dec]
  tile 18  8 fps  [nvh265dec]
  tile 19  13 fps  [nvh265dec]
  tile 20  8 fps  [nvh265dec]
  tile 21  13 fps  [nvh265dec]
  tile 22  10 fps  [nvh265dec]
  tile 23  0 fps  [nvh265dec]
  tile 24  11 fps  [nvh265dec]
  tile 25  11 fps  [nvh265dec]
  tile 26  4 fps  [nvh265dec]
  tile 27  11 fps  [nvh265dec]
  tile 28  9 fps  [nvh265dec]
  tile 29  11 fps  [nvh265dec]
  tile 30  14 fps  [nvh265dec]
  tile 31  7 fps  [nvh265dec]
  tile 32  8 fps  [nvh265dec]
  tile 33  8 fps  [nvh265dec]
  tile 34  13 fps  [nvh265dec]
  tile 35  16 fps  [nvh265dec]
  composited: rendered=6 dropped=25  cpu=1%  rss=6170MB
--
  tile 0  9 fps  [nvh265dec]
  tile 1  4 fps  [nvh265dec]
  tile 2  7 fps  [nvh265dec]
  tile 3  11 fps  [nvh265dec]
  tile 4  9 fps  [nvh265dec]
  tile 5  8 fps  [nvh265dec]
  tile 6  8 fps  [nvh265dec]
  tile 7  3 fps  [nvh265dec]
  tile 8  6 fps  [nvh265dec]
  tile 9  7 fps  [nvh265dec]
  tile 10  9 fps  [nvh265dec]
  tile 11  7 fps  [nvh265dec]
  tile 12  9 fps  [nvh265dec]
  tile 13  12 fps  [nvh265dec]
  tile 14  5 fps  [nvh265dec]
  tile 15  9 fps  [nvh265dec]
  tile 16  10 fps  [nvh265dec]
  tile 17  16 fps  [nvh265dec]
  tile 18  9 fps  [nvh265dec]
  tile 19  6 fps  [nvh265dec]
  tile 20  11 fps  [nvh265dec]
  tile 21  8 fps  [nvh265dec]
  tile 22  14 fps  [nvh265dec]
  tile 23  2 fps  [nvh265dec]
  tile 24  4 fps  [nvh265dec]
  tile 25  10 fps  [nvh265dec]
  tile 26  3 fps  [nvh265dec]
  tile 27  11 fps  [nvh265dec]
  tile 28  12 fps  [nvh265dec]
  tile 29  10 fps  [nvh265dec]
  tile 30  10 fps  [nvh265dec]
  tile 31  11 fps  [nvh265dec]
  tile 32  7 fps  [nvh265dec]
  tile 33  4 fps  [nvh265dec]
  tile 34  6 fps  [nvh265dec]
  tile 35  10 fps  [nvh265dec]
  composited: rendered=7 dropped=25  cpu=2%  rss=6171MB
-- time limit reached --
SUMMARY: tiles=36 composited rendered=7 dropped=25
SUMMARY(test-pattern): codec=h265 src=1920x1080 tiles=36 aggregate decode fps=328  (~13 sustainable 25fps streams)
