grid: 16 tiles in 4x4 (400x225 each) on a 1600x900 surface
encoding h265 test clip (1920x1080, 575 frames) -> C:\Users\zubair\AppData\Local\Temp/vms_grid_pattern.h265 ...
encoded with x265enc; fanning out 16 decode-only branch(es). Sink sync is OFF, so per-tile fps is
max decode throughput; sum(fps)/25 ~= sustainable 25 fps streams.
connecting to 16 source(s) (credentials not shown)...
first composited frame after 292.109 ms
--
  tile 0  13 fps  [nvh265dec]
  tile 1  22 fps  [nvh265dec]
  tile 2  14 fps  [nvh265dec]
  tile 3  25 fps  [nvh265dec]
  tile 4  17 fps  [nvh265dec]
  tile 5  11 fps  [nvh265dec]
  tile 6  15 fps  [nvh265dec]
  tile 7  14 fps  [nvh265dec]
  tile 8  15 fps  [nvh265dec]
  tile 9  10 fps  [nvh265dec]
  tile 10  21 fps  [nvh265dec]
  tile 11  13 fps  [nvh265dec]
  tile 12  15 fps  [nvh265dec]
  tile 13  14 fps  [nvh265dec]
  tile 14  22 fps  [nvh265dec]
  tile 15  21 fps  [nvh265dec]
  composited: rendered=6 dropped=0  rss=2463MB
--
  tile 0  16 fps  [nvh265dec]
  tile 1  19 fps  [nvh265dec]
  tile 2  24 fps  [nvh265dec]
  tile 3  21 fps  [nvh265dec]
  tile 4  18 fps  [nvh265dec]
  tile 5  13 fps  [nvh265dec]
  tile 6  18 fps  [nvh265dec]
  tile 7  13 fps  [nvh265dec]
  tile 8  15 fps  [nvh265dec]
  tile 9  17 fps  [nvh265dec]
  tile 10  19 fps  [nvh265dec]
  tile 11  23 fps  [nvh265dec]
  tile 12  15 fps  [nvh265dec]
  tile 13  19 fps  [nvh265dec]
  tile 14  25 fps  [nvh265dec]
  tile 15  18 fps  [nvh265dec]
  composited: rendered=11 dropped=8  cpu=4%  rss=2490MB
--
  tile 0  15 fps  [nvh265dec]
  tile 1  14 fps  [nvh265dec]
  tile 2  15 fps  [nvh265dec]
  tile 3  12 fps  [nvh265dec]
  tile 4  14 fps  [nvh265dec]
  tile 5  14 fps  [nvh265dec]
  tile 6  26 fps  [nvh265dec]
  tile 7  14 fps  [nvh265dec]
  tile 8  14 fps  [nvh265dec]
  tile 9  12 fps  [nvh265dec]
  tile 10  15 fps  [nvh265dec]
  tile 11  19 fps  [nvh265dec]
  tile 12  13 fps  [nvh265dec]
  tile 13  18 fps  [nvh265dec]
  tile 14  15 fps  [nvh265dec]
  tile 15  16 fps  [nvh265dec]
  composited: rendered=12 dropped=22  cpu=2%  rss=2493MB
--
  tile 0  10 fps  [nvh265dec]
  tile 1  19 fps  [nvh265dec]
  tile 2  12 fps  [nvh265dec]
  tile 3  14 fps  [nvh265dec]
  tile 4  8 fps  [nvh265dec]
  tile 5  3 fps  [nvh265dec]
  tile 6  26 fps  [nvh265dec]
  tile 7  2 fps  [nvh265dec]
  tile 8  5 fps  [nvh265dec]
  tile 9  3 fps  [nvh265dec]
  tile 10  20 fps  [nvh265dec]
  tile 11  17 fps  [nvh265dec]
  tile 12  2 fps  [nvh265dec]
  tile 13  14 fps  [nvh265dec]
  tile 14  24 fps  [nvh265dec]
  tile 15  10 fps  [nvh265dec]
  composited: rendered=13 dropped=22  cpu=1%  rss=2529MB
--
  tile 0  7 fps  [nvh265dec]
  tile 1  20 fps  [nvh265dec]
  tile 2  6 fps  [nvh265dec]
  tile 3  18 fps  [nvh265dec]
  tile 4  0 fps  [nvh265dec]
  tile 5  0 fps  [nvh265dec]
  tile 6  23 fps  [nvh265dec]
  tile 7  6 fps  [nvh265dec]
  tile 8  3 fps  [nvh265dec]
  tile 9  2 fps  [nvh265dec]
  tile 10  21 fps  [nvh265dec]
  tile 11  17 fps  [nvh265dec]
  tile 12  0 fps  [nvh265dec]
  tile 13  13 fps  [nvh265dec]
  tile 14  24 fps  [nvh265dec]
  tile 15  6 fps  [nvh265dec]
  composited: rendered=13 dropped=22  cpu=1%  rss=2578MB
--
  tile 0  9 fps  [nvh265dec]
  tile 1  28 fps  [nvh265dec]
  tile 2  12 fps  [nvh265dec]
  tile 3  22 fps  [nvh265dec]
  tile 4  2 fps  [nvh265dec]
  tile 5  4 fps  [nvh265dec]
  tile 6  25 fps  [nvh265dec]
  tile 7  12 fps  [nvh265dec]
  tile 8  3 fps  [nvh265dec]
  tile 9  5 fps  [nvh265dec]
  tile 10  23 fps  [nvh265dec]
  tile 11  17 fps  [nvh265dec]
  tile 12  2 fps  [nvh265dec]
  tile 13  11 fps  [nvh265dec]
  tile 14  19 fps  [nvh265dec]
  tile 15  13 fps  [nvh265dec]
  composited: rendered=14 dropped=22  cpu=1%  rss=2591MB
--
  tile 0  8 fps  [nvh265dec]
  tile 1  21 fps  [nvh265dec]
  tile 2  15 fps  [nvh265dec]
  tile 3  19 fps  [nvh265dec]
  tile 4  4 fps  [nvh265dec]
  tile 5  2 fps  [nvh265dec]
  tile 6  23 fps  [nvh265dec]
  tile 7  18 fps  [nvh265dec]
  tile 8  6 fps  [nvh265dec]
  tile 9  13 fps  [nvh265dec]
  tile 10  27 fps  [nvh265dec]
  tile 11  26 fps  [nvh265dec]
  tile 12  2 fps  [nvh265dec]
  tile 13  19 fps  [nvh265dec]
  tile 14  15 fps  [nvh265dec]
  tile 15  12 fps  [nvh265dec]
  composited: rendered=15 dropped=22  cpu=1%  rss=2616MB
--
  tile 0  17 fps  [nvh265dec]
  tile 1  28 fps  [nvh265dec]
  tile 2  12 fps  [nvh265dec]
  tile 3  39 fps  [nvh265dec]
  tile 4  9 fps  [nvh265dec]
  tile 5  2 fps  [nvh265dec]
  tile 6  21 fps  [nvh265dec]
  tile 7  14 fps  [nvh265dec]
  tile 8  15 fps  [nvh265dec]
  tile 9  8 fps  [nvh265dec]
  tile 10  22 fps  [nvh265dec]
  tile 11  26 fps  [nvh265dec]
  tile 12  2 fps  [nvh265dec]
  tile 13  22 fps  [nvh265dec]
  tile 14  19 fps  [nvh265dec]
  tile 15  15 fps  [nvh265dec]
  composited: rendered=16 dropped=22  cpu=1%  rss=2616MB
--
  tile 0  22 fps  [nvh265dec]
  tile 1  31 fps  [nvh265dec]
  tile 2  16 fps  [nvh265dec]
  tile 3  28 fps  [nvh265dec]
  tile 4  7 fps  [nvh265dec]
  tile 5  3 fps  [nvh265dec]
  tile 6  23 fps  [nvh265dec]
  tile 7  20 fps  [nvh265dec]
  tile 8  23 fps  [nvh265dec]
  tile 9  13 fps  [nvh265dec]
  tile 10  30 fps  [nvh265dec]
  tile 11  21 fps  [nvh265dec]
  tile 12  2 fps  [nvh265dec]
  tile 13  23 fps  [nvh265dec]
  tile 14  19 fps  [nvh265dec]
  tile 15  7 fps  [nvh265dec]
  composited: rendered=17 dropped=22  cpu=1%  rss=2617MB
--
  tile 0  20 fps  [nvh265dec]
  tile 1  22 fps  [nvh265dec]
  tile 2  14 fps  [nvh265dec]
  tile 3  25 fps  [nvh265dec]
  tile 4  10 fps  [nvh265dec]
  tile 5  5 fps  [nvh265dec]
  tile 6  24 fps  [nvh265dec]
  tile 7  12 fps  [nvh265dec]
  tile 8  17 fps  [nvh265dec]
  tile 9  11 fps  [nvh265dec]
  tile 10  21 fps  [nvh265dec]
  tile 11  25 fps  [nvh265dec]
  tile 12  0 fps  [nvh265dec]
  tile 13  23 fps  [nvh265dec]
  tile 14  20 fps  [nvh265dec]
  tile 15  4 fps  [nvh265dec]
  composited: rendered=17 dropped=22  cpu=1%  rss=2618MB
--
  tile 0  26 fps  [nvh265dec]
  tile 1  22 fps  [nvh265dec]
  tile 2  23 fps  [nvh265dec]
  tile 3  20 fps  [nvh265dec]
  tile 4  6 fps  [nvh265dec]
  tile 5  9 fps  [nvh265dec]
  tile 6  32 fps  [nvh265dec]
  tile 7  7 fps  [nvh265dec]
  tile 8  22 fps  [nvh265dec]
  tile 9  11 fps  [nvh265dec]
  tile 10  23 fps  [nvh265dec]
  tile 11  24 fps  [nvh265dec]
  tile 12  2 fps  [nvh265dec]
  tile 13  27 fps  [nvh265dec]
  tile 14  20 fps  [nvh265dec]
  tile 15  7 fps  [nvh265dec]
  composited: rendered=18 dropped=22  cpu=1%  rss=2618MB
--
  tile 0  19 fps  [nvh265dec]
  tile 1  26 fps  [nvh265dec]
  tile 2  23 fps  [nvh265dec]
  tile 3  23 fps  [nvh265dec]
  tile 4  9 fps  [nvh265dec]
  tile 5  9 fps  [nvh265dec]
  tile 6  28 fps  [nvh265dec]
  tile 7  9 fps  [nvh265dec]
  tile 8  21 fps  [nvh265dec]
  tile 9  17 fps  [nvh265dec]
  tile 10  19 fps  [nvh265dec]
  tile 11  15 fps  [nvh265dec]
  tile 12  2 fps  [nvh265dec]
  tile 13  28 fps  [nvh265dec]
  tile 14  12 fps  [nvh265dec]
  tile 15  12 fps  [nvh265dec]
  composited: rendered=19 dropped=22  cpu=1%  rss=2619MB
--
  tile 0  10 fps  [nvh265dec]
  tile 1  22 fps  [nvh265dec]
  tile 2  15 fps  [nvh265dec]
  tile 3  25 fps  [nvh265dec]
  tile 4  7 fps  [nvh265dec]
  tile 5  8 fps  [nvh265dec]
  tile 6  18 fps  [nvh265dec]
  tile 7  17 fps  [nvh265dec]
  tile 8  18 fps  [nvh265dec]
  tile 9  23 fps  [nvh265dec]
  tile 10  20 fps  [nvh265dec]
  tile 11  23 fps  [nvh265dec]
  tile 12  2 fps  [nvh265dec]
  tile 13  23 fps  [nvh265dec]
  tile 14  17 fps  [nvh265dec]
  tile 15  14 fps  [nvh265dec]
  composited: rendered=20 dropped=22  cpu=1%  rss=2631MB
--
  tile 0  14 fps  [nvh265dec]
  tile 1  25 fps  [nvh265dec]
  tile 2  19 fps  [nvh265dec]
  tile 3  32 fps  [nvh265dec]
  tile 4  8 fps  [nvh265dec]
  tile 5  16 fps  [nvh265dec]
  tile 6  27 fps  [nvh265dec]
  tile 7  16 fps  [nvh265dec]
  tile 8  14 fps  [nvh265dec]
  tile 9  26 fps  [nvh265dec]
  tile 10  19 fps  [nvh265dec]
  tile 11  19 fps  [nvh265dec]
  tile 12  2 fps  [nvh265dec]
  tile 13  32 fps  [nvh265dec]
  tile 14  21 fps  [nvh265dec]
  tile 15  21 fps  [nvh265dec]
  composited: rendered=21 dropped=22  cpu=1%  rss=2632MB
--
  tile 0  13 fps  [nvh265dec]
  tile 1  28 fps  [nvh265dec]
  tile 2  20 fps  [nvh265dec]
  tile 3  26 fps  [nvh265dec]
  tile 4  10 fps  [nvh265dec]
  tile 5  15 fps  [nvh265dec]
  tile 6  24 fps  [nvh265dec]
  tile 7  23 fps  [nvh265dec]
  tile 8  26 fps  [nvh265dec]
  tile 9  24 fps  [nvh265dec]
  tile 10  22 fps  [nvh265dec]
  tile 11  23 fps  [nvh265dec]
  tile 12  0 fps  [nvh265dec]
  tile 13  29 fps  [nvh265dec]
  tile 14  25 fps  [nvh265dec]
  tile 15  27 fps  [nvh265dec]
  composited: rendered=21 dropped=22  cpu=1%  rss=2632MB
--
  tile 0  14 fps  [nvh265dec]
  tile 1  30 fps  [nvh265dec]
  tile 2  16 fps  [nvh265dec]
  tile 3  25 fps  [nvh265dec]
  tile 4  12 fps  [nvh265dec]
  tile 5  14 fps  [nvh265dec]
  tile 6  27 fps  [nvh265dec]
  tile 7  22 fps  [nvh265dec]
  tile 8  17 fps  [nvh265dec]
  tile 9  24 fps  [nvh265dec]
  tile 10  26 fps  [nvh265dec]
  tile 11  27 fps  [nvh265dec]
  tile 12  2 fps  [nvh265dec]
  tile 13  23 fps  [nvh265dec]
  tile 14  25 fps  [nvh265dec]
  tile 15  25 fps  [nvh265dec]
  composited: rendered=22 dropped=22  cpu=1%  rss=2633MB
--
  tile 0  3 fps  [nvh265dec]
  tile 1  28 fps  [nvh265dec]
  tile 2  8 fps  [nvh265dec]
  tile 3  29 fps  [nvh265dec]
  tile 4  5 fps  [nvh265dec]
  tile 5  8 fps  [nvh265dec]
  tile 6  28 fps  [nvh265dec]
  tile 7  23 fps  [nvh265dec]
  tile 8  18 fps  [nvh265dec]
  tile 9  26 fps  [nvh265dec]
  tile 10  15 fps  [nvh265dec]
  tile 11  26 fps  [nvh265dec]
  tile 12  2 fps  [nvh265dec]
  tile 13  28 fps  [nvh265dec]
  tile 14  25 fps  [nvh265dec]
  tile 15  25 fps  [nvh265dec]
  composited: rendered=23 dropped=22  cpu=1%  rss=2633MB
--
  tile 0  8 fps  [nvh265dec]
  tile 1  17 fps  [nvh265dec]
  tile 2  22 fps  [nvh265dec]
  tile 3  37 fps  [nvh265dec]
  tile 4  12 fps  [nvh265dec]
  tile 5  18 fps  [nvh265dec]
  tile 6  27 fps  [nvh265dec]
  tile 7  26 fps  [nvh265dec]
  tile 8  18 fps  [nvh265dec]
  tile 9  19 fps  [nvh265dec]
  tile 10  20 fps  [nvh265dec]
  tile 11  22 fps  [nvh265dec]
  tile 12  2 fps  [nvh265dec]
  tile 13  24 fps  [nvh265dec]
  tile 14  21 fps  [nvh265dec]
  tile 15  19 fps  [nvh265dec]
  composited: rendered=24 dropped=22  cpu=1%  rss=2634MB
--
  tile 0  2 fps  [nvh265dec]
  tile 1  28 fps  [nvh265dec]
  tile 2  17 fps  [nvh265dec]
  tile 3  22 fps  [nvh265dec]
  tile 4  8 fps  [nvh265dec]
  tile 5  18 fps  [nvh265dec]
  tile 6  30 fps  [nvh265dec]
  tile 7  27 fps  [nvh265dec]
  tile 8  15 fps  [nvh265dec]
  tile 9  22 fps  [nvh265dec]
  tile 10  19 fps  [nvh265dec]
  tile 11  20 fps  [nvh265dec]
  tile 12  6 fps  [nvh265dec]
  tile 13  22 fps  [nvh265dec]
  tile 14  21 fps  [nvh265dec]
  tile 15  27 fps  [nvh265dec]
  composited: rendered=25 dropped=22  cpu=1%  rss=2634MB
--
  tile 0  2 fps  [nvh265dec]
  tile 1  30 fps  [nvh265dec]
  tile 2  25 fps  [nvh265dec]
  tile 3  25 fps  [nvh265dec]
  tile 4  6 fps  [nvh265dec]
  tile 5  16 fps  [nvh265dec]
  tile 6  26 fps  [nvh265dec]
  tile 7  19 fps  [nvh265dec]
  tile 8  13 fps  [nvh265dec]
  tile 9  24 fps  [nvh265dec]
  tile 10  24 fps  [nvh265dec]
  tile 11  18 fps  [nvh265dec]
  tile 12  9 fps  [nvh265dec]
  tile 13  26 fps  [nvh265dec]
  tile 14  27 fps  [nvh265dec]
  tile 15  24 fps  [nvh265dec]
  composited: rendered=26 dropped=22  cpu=1%  rss=2646MB
-- time limit reached --
SUMMARY: tiles=16 composited rendered=26 dropped=22
SUMMARY(test-pattern): codec=h265 src=1920x1080 tiles=16 aggregate decode fps=281  (~11 sustainable 25fps streams)
