grid: 49 tiles in 7x7 (228x128 each) on a 1600x900 surface
encoding h265 test clip (1920x1080, 575 frames) -> C:\Users\zubair\AppData\Local\Temp/vms_grid_pattern.h265 ...
encoded with x265enc; fanning out 49 decode-only branch(es). Sink sync is OFF, so per-tile fps is
max decode throughput; sum(fps)/25 ~= sustainable 25 fps streams.
connecting to 49 source(s) (credentials not shown)...
--
  tile 0  3 fps  [nvh265dec]
  tile 1  4 fps  [nvh265dec]
  tile 2  2 fps  [nvh265dec]
  tile 3  13 fps  [nvh265dec]
  tile 4  1 fps  [nvh265dec]
  tile 5  1 fps  [nvh265dec]
  tile 6  2 fps  [nvh265dec]
  tile 7  8 fps  [nvh265dec]
  tile 8  3 fps  [nvh265dec]
  tile 9  0 fps  [nvh265dec]
  tile 10  0 fps  [nvh265dec]
  tile 11  10 fps  [nvh265dec]
  tile 12  0 fps  [nvh265dec]
  tile 13  0 fps  [nvh265dec]
  tile 14  0 fps  [nvh265dec]
  tile 15  0 fps  [nvh265dec]
  tile 16  0 fps  [nvh265dec]
  tile 17  0 fps  [nvh265dec]
  tile 18  0 fps  [nvh265dec]
  tile 19  5 fps  [nvh265dec]
  tile 20  11 fps  [nvh265dec]
  tile 21  0 fps  [nvh265dec]
  tile 22  0 fps  [nvh265dec]
  tile 23  0 fps  [nvh265dec]
  tile 24  6 fps  [nvh265dec]
  tile 25  0 fps  [nvh265dec]
  tile 26  7 fps  [nvh265dec]
  tile 27  5 fps  [nvh265dec]
  tile 28  5 fps  [nvh265dec]
  tile 29  2 fps  [nvh265dec]
  tile 30  2 fps  [nvh265dec]
  tile 31  8 fps  [nvh265dec]
  tile 32  10 fps  [nvh265dec]
  tile 33  11 fps  [nvh265dec]
  tile 34  4 fps  [nvh265dec]
  tile 35  0 fps  [nvh265dec]
  tile 36  3 fps  [nvh265dec]
  tile 37  5 fps  [nvh265dec]
  tile 38  2 fps  [nvh265dec]
  tile 39  3 fps  [nvh265dec]
  tile 40  4 fps  [nvh265dec]
  tile 41  2 fps  [nvh265dec]
  tile 42  0 fps  [nvh265dec]
  tile 43  8 fps  [nvh265dec]
  tile 44  1 fps  [nvh265dec]
  tile 45  1 fps  [nvh265dec]
  tile 46  3 fps  [nvh265dec]
  tile 47  2 fps  [nvh265dec]
  tile 48  8 fps  [nvh265dec]
  composited: rendered=0 dropped=0  rss=3689MB
--
  tile 0  5 fps  [nvh265dec]
  tile 1  2 fps  [nvh265dec]
  tile 2  4 fps  [nvh265dec]
  tile 3  8 fps  [nvh265dec]
  tile 4  6 fps  [nvh265dec]
  tile 5  9 fps  [nvh265dec]
  tile 6  5 fps  [nvh265dec]
  tile 7  5 fps  [nvh265dec]
  tile 8  9 fps  [nvh265dec]
  tile 9  7 fps  [nvh265dec]
  tile 10  6 fps  [nvh265dec]
  tile 11  6 fps  [nvh265dec]
  tile 12  5 fps  [nvh265dec]
  tile 13  7 fps  [nvh265dec]
  tile 14  2 fps  [nvh265dec]
  tile 15  4 fps  [nvh265dec]
  tile 16  5 fps  [nvh265dec]
  tile 17  6 fps  [nvh265dec]
  tile 18  3 fps  [nvh265dec]
  tile 19  8 fps  [nvh265dec]
  tile 20  2 fps  [nvh265dec]
  tile 21  4 fps  [nvh265dec]
  tile 22  2 fps  [nvh265dec]
  tile 23  2 fps  [nvh265dec]
  tile 24  3 fps  [nvh265dec]
  tile 25  5 fps  [nvh265dec]
  tile 26  4 fps  [nvh265dec]
  tile 27  5 fps  [nvh265dec]
  tile 28  8 fps  [nvh265dec]
  tile 29  6 fps  [nvh265dec]
  tile 30  6 fps  [nvh265dec]
  tile 31  6 fps  [nvh265dec]
  tile 32  8 fps  [nvh265dec]
  tile 33  3 fps  [nvh265dec]
  tile 34  6 fps  [nvh265dec]
  tile 35  5 fps  [nvh265dec]
  tile 36  5 fps  [nvh265dec]
  tile 37  6 fps  [nvh265dec]
  tile 38  6 fps  [nvh265dec]
  tile 39  3 fps  [nvh265dec]
  tile 40  7 fps  [nvh265dec]
  tile 41  5 fps  [nvh265dec]
  tile 42  6 fps  [nvh265dec]
  tile 43  8 fps  [nvh265dec]
  tile 44  6 fps  [nvh265dec]
  tile 45  6 fps  [nvh265dec]
  tile 46  6 fps  [nvh265dec]
  tile 47  4 fps  [nvh265dec]
  tile 48  9 fps  [nvh265dec]
  composited: rendered=0 dropped=0  cpu=1%  rss=5881MB
first composited frame after 1.81669e+08 ms
--
  tile 0  6 fps  [nvh265dec]
  tile 1  7 fps  [nvh265dec]
  tile 2  4 fps  [nvh265dec]
  tile 3  8 fps  [nvh265dec]
  tile 4  6 fps  [nvh265dec]
  tile 5  6 fps  [nvh265dec]
  tile 6  6 fps  [nvh265dec]
  tile 7  7 fps  [nvh265dec]
  tile 8  4 fps  [nvh265dec]
  tile 9  4 fps  [nvh265dec]
  tile 10  7 fps  [nvh265dec]
  tile 11  4 fps  [nvh265dec]
  tile 12  5 fps  [nvh265dec]
  tile 13  6 fps  [nvh265dec]
  tile 14  8 fps  [nvh265dec]
  tile 15  6 fps  [nvh265dec]
  tile 16  8 fps  [nvh265dec]
  tile 17  5 fps  [nvh265dec]
  tile 18  5 fps  [nvh265dec]
  tile 19  6 fps  [nvh265dec]
  tile 20  5 fps  [nvh265dec]
  tile 21  5 fps  [nvh265dec]
  tile 22  10 fps  [nvh265dec]
  tile 23  5 fps  [nvh265dec]
  tile 24  6 fps  [nvh265dec]
  tile 25  8 fps  [nvh265dec]
  tile 26  7 fps  [nvh265dec]
  tile 27  6 fps  [nvh265dec]
  tile 28  8 fps  [nvh265dec]
  tile 29  5 fps  [nvh265dec]
  tile 30  7 fps  [nvh265dec]
  tile 31  4 fps  [nvh265dec]
  tile 32  10 fps  [nvh265dec]
  tile 33  6 fps  [nvh265dec]
  tile 34  7 fps  [nvh265dec]
  tile 35  3 fps  [nvh265dec]
  tile 36  5 fps  [nvh265dec]
  tile 37  9 fps  [nvh265dec]
  tile 38  6 fps  [nvh265dec]
  tile 39  4 fps  [nvh265dec]
  tile 40  4 fps  [nvh265dec]
  tile 41  6 fps  [nvh265dec]
  tile 42  10 fps  [nvh265dec]
  tile 43  6 fps  [nvh265dec]
  tile 44  5 fps  [nvh265dec]
  tile 45  5 fps  [nvh265dec]
  tile 46  6 fps  [nvh265dec]
  tile 47  4 fps  [nvh265dec]
  tile 48  5 fps  [nvh265dec]
  composited: rendered=1 dropped=0  cpu=3%  rss=7390MB
--
  tile 0  6 fps  [nvh265dec]
  tile 1  7 fps  [nvh265dec]
  tile 2  8 fps  [nvh265dec]
  tile 3  6 fps  [nvh265dec]
  tile 4  5 fps  [nvh265dec]
  tile 5  7 fps  [nvh265dec]
  tile 6  6 fps  [nvh265dec]
  tile 7  9 fps  [nvh265dec]
  tile 8  5 fps  [nvh265dec]
  tile 9  4 fps  [nvh265dec]
  tile 10  6 fps  [nvh265dec]
  tile 11  6 fps  [nvh265dec]
  tile 12  4 fps  [nvh265dec]
  tile 13  6 fps  [nvh265dec]
  tile 14  7 fps  [nvh265dec]
  tile 15  12 fps  [nvh265dec]
  tile 16  7 fps  [nvh265dec]
  tile 17  6 fps  [nvh265dec]
  tile 18  5 fps  [nvh265dec]
  tile 19  8 fps  [nvh265dec]
  tile 20  7 fps  [nvh265dec]
  tile 21  4 fps  [nvh265dec]
  tile 22  6 fps  [nvh265dec]
  tile 23  7 fps  [nvh265dec]
  tile 24  6 fps  [nvh265dec]
  tile 25  4 fps  [nvh265dec]
  tile 26  6 fps  [nvh265dec]
  tile 27  5 fps  [nvh265dec]
  tile 28  7 fps  [nvh265dec]
  tile 29  7 fps  [nvh265dec]
  tile 30  5 fps  [nvh265dec]
  tile 31  7 fps  [nvh265dec]
  tile 32  6 fps  [nvh265dec]
  tile 33  5 fps  [nvh265dec]
  tile 34  6 fps  [nvh265dec]
  tile 35  3 fps  [nvh265dec]
  tile 36  4 fps  [nvh265dec]
  tile 37  6 fps  [nvh265dec]
  tile 38  6 fps  [nvh265dec]
  tile 39  5 fps  [nvh265dec]
  tile 40  5 fps  [nvh265dec]
  tile 41  8 fps  [nvh265dec]
  tile 42  4 fps  [nvh265dec]
  tile 43  3 fps  [nvh265dec]
  tile 44  6 fps  [nvh265dec]
  tile 45  8 fps  [nvh265dec]
  tile 46  5 fps  [nvh265dec]
  tile 47  8 fps  [nvh265dec]
  tile 48  6 fps  [nvh265dec]
  composited: rendered=3 dropped=0  cpu=2%  rss=8656MB
--
  tile 0  7 fps  [nvh265dec]
  tile 1  8 fps  [nvh265dec]
  tile 2  5 fps  [nvh265dec]
  tile 3  6 fps  [nvh265dec]
  tile 4  6 fps  [nvh265dec]
  tile 5  5 fps  [nvh265dec]
  tile 6  3 fps  [nvh265dec]
  tile 7  8 fps  [nvh265dec]
  tile 8  4 fps  [nvh265dec]
  tile 9  2 fps  [nvh265dec]
  tile 10  4 fps  [nvh265dec]
  tile 11  2 fps  [nvh265dec]
  tile 12  4 fps  [nvh265dec]
  tile 13  2 fps  [nvh265dec]
  tile 14  6 fps  [nvh265dec]
  tile 15  7 fps  [nvh265dec]
  tile 16  6 fps  [nvh265dec]
  tile 17  4 fps  [nvh265dec]
  tile 18  6 fps  [nvh265dec]
  tile 19  3 fps  [nvh265dec]
  tile 20  4 fps  [nvh265dec]
  tile 21  4 fps  [nvh265dec]
  tile 22  6 fps  [nvh265dec]
  tile 23  7 fps  [nvh265dec]
  tile 24  10 fps  [nvh265dec]
  tile 25  6 fps  [nvh265dec]
  tile 26  5 fps  [nvh265dec]
  tile 27  8 fps  [nvh265dec]
  tile 28  4 fps  [nvh265dec]
  tile 29  3 fps  [nvh265dec]
  tile 30  6 fps  [nvh265dec]
  tile 31  3 fps  [nvh265dec]
  tile 32  4 fps  [nvh265dec]
  tile 33  4 fps  [nvh265dec]
  tile 34  5 fps  [nvh265dec]
  tile 35  2 fps  [nvh265dec]
  tile 36  4 fps  [nvh265dec]
  tile 37  4 fps  [nvh265dec]
  tile 38  4 fps  [nvh265dec]
  tile 39  7 fps  [nvh265dec]
  tile 40  8 fps  [nvh265dec]
  tile 41  6 fps  [nvh265dec]
  tile 42  2 fps  [nvh265dec]
  tile 43  4 fps  [nvh265dec]
  tile 44  3 fps  [nvh265dec]
  tile 45  4 fps  [nvh265dec]
  tile 46  4 fps  [nvh265dec]
  tile 47  9 fps  [nvh265dec]
  tile 48  6 fps  [nvh265dec]
  composited: rendered=3 dropped=8  cpu=6%  rss=9242MB
--
  tile 0  4 fps  [nvh265dec]
  tile 1  4 fps  [nvh265dec]
  tile 2  6 fps  [nvh265dec]
  tile 3  5 fps  [nvh265dec]
  tile 4  9 fps  [nvh265dec]
  tile 5  7 fps  [nvh265dec]
  tile 6  6 fps  [nvh265dec]
  tile 7  3 fps  [nvh265dec]
  tile 8  4 fps  [nvh265dec]
  tile 9  5 fps  [nvh265dec]
  tile 10  8 fps  [nvh265dec]
  tile 11  3 fps  [nvh265dec]
  tile 12  2 fps  [nvh265dec]
  tile 13  10 fps  [nvh265dec]
  tile 14  10 fps  [nvh265dec]
  tile 15  5 fps  [nvh265dec]
  tile 16  3 fps  [nvh265dec]
  tile 17  3 fps  [nvh265dec]
  tile 18  5 fps  [nvh265dec]
  tile 19  4 fps  [nvh265dec]
  tile 20  8 fps  [nvh265dec]
  tile 21  4 fps  [nvh265dec]
  tile 22  4 fps  [nvh265dec]
  tile 23  9 fps  [nvh265dec]
  tile 24  5 fps  [nvh265dec]
  tile 25  7 fps  [nvh265dec]
  tile 26  5 fps  [nvh265dec]
  tile 27  8 fps  [nvh265dec]
  tile 28  3 fps  [nvh265dec]
  tile 29  4 fps  [nvh265dec]
  tile 30  8 fps  [nvh265dec]
  tile 31  5 fps  [nvh265dec]
  tile 32  6 fps  [nvh265dec]
  tile 33  3 fps  [nvh265dec]
  tile 34  3 fps  [nvh265dec]
  tile 35  6 fps  [nvh265dec]
  tile 36  4 fps  [nvh265dec]
  tile 37  8 fps  [nvh265dec]
  tile 38  6 fps  [nvh265dec]
  tile 39  7 fps  [nvh265dec]
  tile 40  7 fps  [nvh265dec]
  tile 41  6 fps  [nvh265dec]
  tile 42  2 fps  [nvh265dec]
  tile 43  5 fps  [nvh265dec]
  tile 44  3 fps  [nvh265dec]
  tile 45  5 fps  [nvh265dec]
  tile 46  5 fps  [nvh265dec]
  tile 47  4 fps  [nvh265dec]
  tile 48  8 fps  [nvh265dec]
  composited: rendered=3 dropped=16  cpu=4%  rss=9498MB
--
  tile 0  4 fps  [nvh265dec]
  tile 1  5 fps  [nvh265dec]
  tile 2  4 fps  [nvh265dec]
  tile 3  8 fps  [nvh265dec]
  tile 4  7 fps  [nvh265dec]
  tile 5  4 fps  [nvh265dec]
  tile 6  3 fps  [nvh265dec]
  tile 7  5 fps  [nvh265dec]
  tile 8  9 fps  [nvh265dec]
  tile 9  5 fps  [nvh265dec]
  tile 10  11 fps  [nvh265dec]
  tile 11  2 fps  [nvh265dec]
  tile 12  6 fps  [nvh265dec]
  tile 13  8 fps  [nvh265dec]
  tile 14  10 fps  [nvh265dec]
  tile 15  2 fps  [nvh265dec]
  tile 16  9 fps  [nvh265dec]
  tile 17  4 fps  [nvh265dec]
  tile 18  3 fps  [nvh265dec]
  tile 19  6 fps  [nvh265dec]
  tile 20  8 fps  [nvh265dec]
  tile 21  2 fps  [nvh265dec]
  tile 22  7 fps  [nvh265dec]
  tile 23  5 fps  [nvh265dec]
  tile 24  4 fps  [nvh265dec]
  tile 25  5 fps  [nvh265dec]
  tile 26  3 fps  [nvh265dec]
  tile 27  8 fps  [nvh265dec]
  tile 28  8 fps  [nvh265dec]
  tile 29  11 fps  [nvh265dec]
  tile 30  9 fps  [nvh265dec]
  tile 31  2 fps  [nvh265dec]
  tile 32  8 fps  [nvh265dec]
  tile 33  3 fps  [nvh265dec]
  tile 34  3 fps  [nvh265dec]
  tile 35  6 fps  [nvh265dec]
  tile 36  5 fps  [nvh265dec]
  tile 37  6 fps  [nvh265dec]
  tile 38  9 fps  [nvh265dec]
  tile 39  6 fps  [nvh265dec]
  tile 40  5 fps  [nvh265dec]
  tile 41  8 fps  [nvh265dec]
  tile 42  4 fps  [nvh265dec]
  tile 43  4 fps  [nvh265dec]
  tile 44  2 fps  [nvh265dec]
  tile 45  5 fps  [nvh265dec]
  tile 46  4 fps  [nvh265dec]
  tile 47  4 fps  [nvh265dec]
  tile 48  7 fps  [nvh265dec]
  composited: rendered=3 dropped=19  cpu=5%  rss=9542MB
--
  tile 0  4 fps  [nvh265dec]
  tile 1  5 fps  [nvh265dec]
  tile 2  7 fps  [nvh265dec]
  tile 3  9 fps  [nvh265dec]
  tile 4  4 fps  [nvh265dec]
  tile 5  5 fps  [nvh265dec]
  tile 6  5 fps  [nvh265dec]
  tile 7  5 fps  [nvh265dec]
  tile 8  5 fps  [nvh265dec]
  tile 9  7 fps  [nvh265dec]
  tile 10  3 fps  [nvh265dec]
  tile 11  5 fps  [nvh265dec]
  tile 12  4 fps  [nvh265dec]
  tile 13  12 fps  [nvh265dec]
  tile 14  8 fps  [nvh265dec]
  tile 15  5 fps  [nvh265dec]
  tile 16  3 fps  [nvh265dec]
  tile 17  5 fps  [nvh265dec]
  tile 18  5 fps  [nvh265dec]
  tile 19  4 fps  [nvh265dec]
  tile 20  6 fps  [nvh265dec]
  tile 21  6 fps  [nvh265dec]
  tile 22  8 fps  [nvh265dec]
  tile 23  5 fps  [nvh265dec]
  tile 24  5 fps  [nvh265dec]
  tile 25  6 fps  [nvh265dec]
  tile 26  4 fps  [nvh265dec]
  tile 27  6 fps  [nvh265dec]
  tile 28  2 fps  [nvh265dec]
  tile 29  7 fps  [nvh265dec]
  tile 30  7 fps  [nvh265dec]
  tile 31  6 fps  [nvh265dec]
  tile 32  6 fps  [nvh265dec]
  tile 33  5 fps  [nvh265dec]
  tile 34  5 fps  [nvh265dec]
  tile 35  6 fps  [nvh265dec]
  tile 36  5 fps  [nvh265dec]
  tile 37  7 fps  [nvh265dec]
  tile 38  7 fps  [nvh265dec]
  tile 39  7 fps  [nvh265dec]
  tile 40  6 fps  [nvh265dec]
  tile 41  4 fps  [nvh265dec]
  tile 42  7 fps  [nvh265dec]
  tile 43  2 fps  [nvh265dec]
  tile 44  7 fps  [nvh265dec]
  tile 45  9 fps  [nvh265dec]
  tile 46  6 fps  [nvh265dec]
  tile 47  6 fps  [nvh265dec]
  tile 48  6 fps  [nvh265dec]
  composited: rendered=3 dropped=25  cpu=5%  rss=9563MB
--
  tile 0  1 fps  [nvh265dec]
  tile 1  1 fps  [nvh265dec]
  tile 2  1 fps  [nvh265dec]
  tile 3  9 fps  [nvh265dec]
  tile 4  0 fps  [nvh265dec]
  tile 5  1 fps  [nvh265dec]
  tile 6  1 fps  [nvh265dec]
  tile 7  2 fps  [nvh265dec]
  tile 8  1 fps  [nvh265dec]
  tile 9  1 fps  [nvh265dec]
  tile 10  0 fps  [nvh265dec]
  tile 11  1 fps  [nvh265dec]
  tile 12  2 fps  [nvh265dec]
  tile 13  6 fps  [nvh265dec]
  tile 14  6 fps  [nvh265dec]
  tile 15  1 fps  [nvh265dec]
  tile 16  1 fps  [nvh265dec]
  tile 17  3 fps  [nvh265dec]
  tile 18  2 fps  [nvh265dec]
  tile 19  1 fps  [nvh265dec]
  tile 20  6 fps  [nvh265dec]
  tile 21  1 fps  [nvh265dec]
  tile 22  7 fps  [nvh265dec]
  tile 23  1 fps  [nvh265dec]
  tile 24  0 fps  [nvh265dec]
  tile 25  1 fps  [nvh265dec]
  tile 26  1 fps  [nvh265dec]
  tile 27  8 fps  [nvh265dec]
  tile 28  4 fps  [nvh265dec]
  tile 29  6 fps  [nvh265dec]
  tile 30  4 fps  [nvh265dec]
  tile 31  2 fps  [nvh265dec]
  tile 32  9 fps  [nvh265dec]
  tile 33  1 fps  [nvh265dec]
  tile 34  1 fps  [nvh265dec]
  tile 35  0 fps  [nvh265dec]
  tile 36  1 fps  [nvh265dec]
  tile 37  6 fps  [nvh265dec]
  tile 38  0 fps  [nvh265dec]
  tile 39  1 fps  [nvh265dec]
  tile 40  2 fps  [nvh265dec]
  tile 41  2 fps  [nvh265dec]
  tile 42  0 fps  [nvh265dec]
  tile 43  0 fps  [nvh265dec]
  tile 44  0 fps  [nvh265dec]
  tile 45  2 fps  [nvh265dec]
  tile 46  1 fps  [nvh265dec]
  tile 47  2 fps  [nvh265dec]
  tile 48  8 fps  [nvh265dec]
  composited: rendered=4 dropped=25  cpu=4%  rss=9575MB
--
  tile 0  0 fps  [nvh265dec]
  tile 1  5 fps  [nvh265dec]
  tile 2  3 fps  [nvh265dec]
  tile 3  13 fps  [nvh265dec]
  tile 4  4 fps  [nvh265dec]
  tile 5  2 fps  [nvh265dec]
  tile 6  0 fps  [nvh265dec]
  tile 7  8 fps  [nvh265dec]
  tile 8  8 fps  [nvh265dec]
  tile 9  0 fps  [nvh265dec]
  tile 10  1 fps  [nvh265dec]
  tile 11  0 fps  [nvh265dec]
  tile 12  0 fps  [nvh265dec]
  tile 13  6 fps  [nvh265dec]
  tile 14  8 fps  [nvh265dec]
  tile 15  1 fps  [nvh265dec]
  tile 16  5 fps  [nvh265dec]
  tile 17  0 fps  [nvh265dec]
  tile 18  0 fps  [nvh265dec]
  tile 19  2 fps  [nvh265dec]
  tile 20  8 fps  [nvh265dec]
  tile 21  0 fps  [nvh265dec]
  tile 22  6 fps  [nvh265dec]
  tile 23  4 fps  [nvh265dec]
  tile 24  5 fps  [nvh265dec]
  tile 25  0 fps  [nvh265dec]
  tile 26  0 fps  [nvh265dec]
  tile 27  5 fps  [nvh265dec]
  tile 28  6 fps  [nvh265dec]
  tile 29  10 fps  [nvh265dec]
  tile 30  11 fps  [nvh265dec]
  tile 31  0 fps  [nvh265dec]
  tile 32  11 fps  [nvh265dec]
  tile 33  0 fps  [nvh265dec]
  tile 34  0 fps  [nvh265dec]
  tile 35  0 fps  [nvh265dec]
  tile 36  0 fps  [nvh265dec]
  tile 37  10 fps  [nvh265dec]
  tile 38  10 fps  [nvh265dec]
  tile 39  6 fps  [nvh265dec]
  tile 40  8 fps  [nvh265dec]
  tile 41  7 fps  [nvh265dec]
  tile 42  0 fps  [nvh265dec]
  tile 43  0 fps  [nvh265dec]
  tile 44  0 fps  [nvh265dec]
  tile 45  8 fps  [nvh265dec]
  tile 46  2 fps  [nvh265dec]
  tile 47  5 fps  [nvh265dec]
  tile 48  9 fps  [nvh265dec]
  composited: rendered=4 dropped=25  cpu=1%  rss=9576MB
--
  tile 0  8 fps  [nvh265dec]
  tile 1  8 fps  [nvh265dec]
  tile 2  6 fps  [nvh265dec]
  tile 3  8 fps  [nvh265dec]
  tile 4  7 fps  [nvh265dec]
  tile 5  5 fps  [nvh265dec]
  tile 6  0 fps  [nvh265dec]
  tile 7  5 fps  [nvh265dec]
  tile 8  10 fps  [nvh265dec]
  tile 9  3 fps  [nvh265dec]
  tile 10  7 fps  [nvh265dec]
  tile 11  6 fps  [nvh265dec]
  tile 12  0 fps  [nvh265dec]
  tile 13  10 fps  [nvh265dec]
  tile 14  7 fps  [nvh265dec]
  tile 15  7 fps  [nvh265dec]
  tile 16  8 fps  [nvh265dec]
  tile 17  0 fps  [nvh265dec]
  tile 18  8 fps  [nvh265dec]
  tile 19  3 fps  [nvh265dec]
  tile 20  6 fps  [nvh265dec]
  tile 21  0 fps  [nvh265dec]
  tile 22  7 fps  [nvh265dec]
  tile 23  7 fps  [nvh265dec]
  tile 24  8 fps  [nvh265dec]
  tile 25  4 fps  [nvh265dec]
  tile 26  3 fps  [nvh265dec]
  tile 27  10 fps  [nvh265dec]
  tile 28  6 fps  [nvh265dec]
  tile 29  8 fps  [nvh265dec]
  tile 30  15 fps  [nvh265dec]
  tile 31  6 fps  [nvh265dec]
  tile 32  12 fps  [nvh265dec]
  tile 33  4 fps  [nvh265dec]
  tile 34  3 fps  [nvh265dec]
  tile 35  0 fps  [nvh265dec]
  tile 36  3 fps  [nvh265dec]
  tile 37  12 fps  [nvh265dec]
  tile 38  10 fps  [nvh265dec]
  tile 39  5 fps  [nvh265dec]
  tile 40  15 fps  [nvh265dec]
  tile 41  5 fps  [nvh265dec]
  tile 42  2 fps  [nvh265dec]
  tile 43  7 fps  [nvh265dec]
  tile 44  0 fps  [nvh265dec]
  tile 45  10 fps  [nvh265dec]
  tile 46  10 fps  [nvh265dec]
  tile 47  10 fps  [nvh265dec]
  tile 48  10 fps  [nvh265dec]
  composited: rendered=4 dropped=25  cpu=1%  rss=9577MB
--
  tile 0  8 fps  [nvh265dec]
  tile 1  5 fps  [nvh265dec]
  tile 2  14 fps  [nvh265dec]
  tile 3  12 fps  [nvh265dec]
  tile 4  5 fps  [nvh265dec]
  tile 5  7 fps  [nvh265dec]
  tile 6  4 fps  [nvh265dec]
  tile 7  6 fps  [nvh265dec]
  tile 8  6 fps  [nvh265dec]
  tile 9  6 fps  [nvh265dec]
  tile 10  7 fps  [nvh265dec]
  tile 11  6 fps  [nvh265dec]
  tile 12  0 fps  [nvh265dec]
  tile 13  13 fps  [nvh265dec]
  tile 14  11 fps  [nvh265dec]
  tile 15  7 fps  [nvh265dec]
  tile 16  10 fps  [nvh265dec]
  tile 17  6 fps  [nvh265dec]
  tile 18  12 fps  [nvh265dec]
  tile 19  5 fps  [nvh265dec]
  tile 20  6 fps  [nvh265dec]
  tile 21  1 fps  [nvh265dec]
  tile 22  7 fps  [nvh265dec]
  tile 23  9 fps  [nvh265dec]
  tile 24  9 fps  [nvh265dec]
  tile 25  7 fps  [nvh265dec]
  tile 26  10 fps  [nvh265dec]
  tile 27  10 fps  [nvh265dec]
  tile 28  9 fps  [nvh265dec]
  tile 29  12 fps  [nvh265dec]
  tile 30  8 fps  [nvh265dec]
  tile 31  5 fps  [nvh265dec]
  tile 32  8 fps  [nvh265dec]
  tile 33  5 fps  [nvh265dec]
  tile 34  5 fps  [nvh265dec]
  tile 35  5 fps  [nvh265dec]
  tile 36  7 fps  [nvh265dec]
  tile 37  12 fps  [nvh265dec]
  tile 38  9 fps  [nvh265dec]
  tile 39  9 fps  [nvh265dec]
  tile 40  8 fps  [nvh265dec]
  tile 41  7 fps  [nvh265dec]
  tile 42  6 fps  [nvh265dec]
  tile 43  8 fps  [nvh265dec]
  tile 44  0 fps  [nvh265dec]
  tile 45  11 fps  [nvh265dec]
  tile 46  9 fps  [nvh265dec]
  tile 47  7 fps  [nvh265dec]
  tile 48  8 fps  [nvh265dec]
  composited: rendered=4 dropped=25  cpu=1%  rss=9578MB
--
  tile 0  5 fps  [nvh265dec]
  tile 1  3 fps  [nvh265dec]
  tile 2  5 fps  [nvh265dec]
  tile 3  6 fps  [nvh265dec]
  tile 4  7 fps  [nvh265dec]
  tile 5  5 fps  [nvh265dec]
  tile 6  3 fps  [nvh265dec]
  tile 7  4 fps  [nvh265dec]
  tile 8  7 fps  [nvh265dec]
  tile 9  5 fps  [nvh265dec]
  tile 10  4 fps  [nvh265dec]
  tile 11  9 fps  [nvh265dec]
  tile 12  6 fps  [nvh265dec]
  tile 13  5 fps  [nvh265dec]
  tile 14  8 fps  [nvh265dec]
  tile 15  6 fps  [nvh265dec]
  tile 16  6 fps  [nvh265dec]
  tile 17  6 fps  [nvh265dec]
  tile 18  10 fps  [nvh265dec]
  tile 19  8 fps  [nvh265dec]
  tile 20  3 fps  [nvh265dec]
  tile 21  2 fps  [nvh265dec]
  tile 22  8 fps  [nvh265dec]
  tile 23  6 fps  [nvh265dec]
  tile 24  6 fps  [nvh265dec]
  tile 25  3 fps  [nvh265dec]
  tile 26  5 fps  [nvh265dec]
  tile 27  9 fps  [nvh265dec]
  tile 28  5 fps  [nvh265dec]
  tile 29  7 fps  [nvh265dec]
  tile 30  6 fps  [nvh265dec]
  tile 31  6 fps  [nvh265dec]
  tile 32  8 fps  [nvh265dec]
  tile 33  7 fps  [nvh265dec]
  tile 34  7 fps  [nvh265dec]
  tile 35  6 fps  [nvh265dec]
  tile 36  4 fps  [nvh265dec]
  tile 37  5 fps  [nvh265dec]
  tile 38  5 fps  [nvh265dec]
  tile 39  7 fps  [nvh265dec]
  tile 40  6 fps  [nvh265dec]
  tile 41  3 fps  [nvh265dec]
  tile 42  4 fps  [nvh265dec]
  tile 43  4 fps  [nvh265dec]
  tile 44  7 fps  [nvh265dec]
  tile 45  4 fps  [nvh265dec]
  tile 46  6 fps  [nvh265dec]
  tile 47  6 fps  [nvh265dec]
  tile 48  6 fps  [nvh265dec]
  composited: rendered=5 dropped=25  cpu=5%  rss=10173MB
--
  tile 0  2 fps  [nvh265dec]
  tile 1  1 fps  [nvh265dec]
  tile 2  7 fps  [nvh265dec]
  tile 3  4 fps  [nvh265dec]
  tile 4  3 fps  [nvh265dec]
  tile 5  0 fps  [nvh265dec]
  tile 6  0 fps  [nvh265dec]
  tile 7  9 fps  [nvh265dec]
  tile 8  9 fps  [nvh265dec]
  tile 9  0 fps  [nvh265dec]
  tile 10  0 fps  [nvh265dec]
  tile 11  2 fps  [nvh265dec]
  tile 12  0 fps  [nvh265dec]
  tile 13  5 fps  [nvh265dec]
  tile 14  6 fps  [nvh265dec]
  tile 15  0 fps  [nvh265dec]
  tile 16  6 fps  [nvh265dec]
  tile 17  0 fps  [nvh265dec]
  tile 18  5 fps  [nvh265dec]
  tile 19  2 fps  [nvh265dec]
  tile 20  8 fps  [nvh265dec]
  tile 21  0 fps  [nvh265dec]
  tile 22  7 fps  [nvh265dec]
  tile 23  7 fps  [nvh265dec]
  tile 24  6 fps  [nvh265dec]
  tile 25  0 fps  [nvh265dec]
  tile 26  0 fps  [nvh265dec]
  tile 27  10 fps  [nvh265dec]
  tile 28  9 fps  [nvh265dec]
  tile 29  8 fps  [nvh265dec]
  tile 30  7 fps  [nvh265dec]
  tile 31  0 fps  [nvh265dec]
  tile 32  7 fps  [nvh265dec]
  tile 33  0 fps  [nvh265dec]
  tile 34  0 fps  [nvh265dec]
  tile 35  0 fps  [nvh265dec]
  tile 36  0 fps  [nvh265dec]
  tile 37  9 fps  [nvh265dec]
  tile 38  8 fps  [nvh265dec]
  tile 39  6 fps  [nvh265dec]
  tile 40  12 fps  [nvh265dec]
  tile 41  7 fps  [nvh265dec]
  tile 42  0 fps  [nvh265dec]
  tile 43  0 fps  [nvh265dec]
  tile 44  0 fps  [nvh265dec]
  tile 45  8 fps  [nvh265dec]
  tile 46  8 fps  [nvh265dec]
  tile 47  8 fps  [nvh265dec]
  tile 48  7 fps  [nvh265dec]
  composited: rendered=5 dropped=25  cpu=3%  rss=10215MB
--
  tile 0  7 fps  [nvh265dec]
  tile 1  12 fps  [nvh265dec]
  tile 2  8 fps  [nvh265dec]
  tile 3  9 fps  [nvh265dec]
  tile 4  9 fps  [nvh265dec]
  tile 5  0 fps  [nvh265dec]
  tile 6  0 fps  [nvh265dec]
  tile 7  7 fps  [nvh265dec]
  tile 8  8 fps  [nvh265dec]
  tile 9  2 fps  [nvh265dec]
  tile 10  6 fps  [nvh265dec]
  tile 11  6 fps  [nvh265dec]
  tile 12  0 fps  [nvh265dec]
  tile 13  9 fps  [nvh265dec]
  tile 14  7 fps  [nvh265dec]
  tile 15  9 fps  [nvh265dec]
  tile 16  6 fps  [nvh265dec]
  tile 17  2 fps  [nvh265dec]
  tile 18  6 fps  [nvh265dec]
  tile 19  8 fps  [nvh265dec]
  tile 20  5 fps  [nvh265dec]
  tile 21  0 fps  [nvh265dec]
  tile 22  10 fps  [nvh265dec]
  tile 23  12 fps  [nvh265dec]
  tile 24  5 fps  [nvh265dec]
  tile 25  5 fps  [nvh265dec]
  tile 26  7 fps  [nvh265dec]
  tile 27  11 fps  [nvh265dec]
  tile 28  4 fps  [nvh265dec]
  tile 29  9 fps  [nvh265dec]
  tile 30  10 fps  [nvh265dec]
  tile 31  3 fps  [nvh265dec]
  tile 32  5 fps  [nvh265dec]
  tile 33  7 fps  [nvh265dec]
  tile 34  3 fps  [nvh265dec]
  tile 35  0 fps  [nvh265dec]
  tile 36  0 fps  [nvh265dec]
  tile 37  10 fps  [nvh265dec]
  tile 38  10 fps  [nvh265dec]
  tile 39  5 fps  [nvh265dec]
  tile 40  9 fps  [nvh265dec]
  tile 41  4 fps  [nvh265dec]
  tile 42  0 fps  [nvh265dec]
  tile 43  4 fps  [nvh265dec]
  tile 44  0 fps  [nvh265dec]
  tile 45  6 fps  [nvh265dec]
  tile 46  3 fps  [nvh265dec]
  tile 47  8 fps  [nvh265dec]
  tile 48  7 fps  [nvh265dec]
  composited: rendered=5 dropped=25  cpu=1%  rss=10219MB
--
  tile 0  12 fps  [nvh265dec]
  tile 1  8 fps  [nvh265dec]
  tile 2  7 fps  [nvh265dec]
  tile 3  14 fps  [nvh265dec]
  tile 4  5 fps  [nvh265dec]
  tile 5  5 fps  [nvh265dec]
  tile 6  0 fps  [nvh265dec]
  tile 7  6 fps  [nvh265dec]
  tile 8  7 fps  [nvh265dec]
  tile 9  8 fps  [nvh265dec]
  tile 10  7 fps  [nvh265dec]
  tile 11  9 fps  [nvh265dec]
  tile 12  5 fps  [nvh265dec]
  tile 13  8 fps  [nvh265dec]
  tile 14  8 fps  [nvh265dec]
  tile 15  7 fps  [nvh265dec]
  tile 16  4 fps  [nvh265dec]
  tile 17  6 fps  [nvh265dec]
  tile 18  5 fps  [nvh265dec]
  tile 19  8 fps  [nvh265dec]
  tile 20  12 fps  [nvh265dec]
  tile 21  0 fps  [nvh265dec]
  tile 22  8 fps  [nvh265dec]
  tile 23  8 fps  [nvh265dec]
  tile 24  7 fps  [nvh265dec]
  tile 25  6 fps  [nvh265dec]
  tile 26  5 fps  [nvh265dec]
  tile 27  9 fps  [nvh265dec]
  tile 28  9 fps  [nvh265dec]
  tile 29  9 fps  [nvh265dec]
  tile 30  11 fps  [nvh265dec]
  tile 31  4 fps  [nvh265dec]
  tile 32  9 fps  [nvh265dec]
  tile 33  8 fps  [nvh265dec]
  tile 34  7 fps  [nvh265dec]
  tile 35  3 fps  [nvh265dec]
  tile 36  4 fps  [nvh265dec]
  tile 37  13 fps  [nvh265dec]
  tile 38  10 fps  [nvh265dec]
  tile 39  5 fps  [nvh265dec]
  tile 40  8 fps  [nvh265dec]
  tile 41  9 fps  [nvh265dec]
  tile 42  7 fps  [nvh265dec]
  tile 43  7 fps  [nvh265dec]
  tile 44  0 fps  [nvh265dec]
  tile 45  8 fps  [nvh265dec]
  tile 46  14 fps  [nvh265dec]
  tile 47  12 fps  [nvh265dec]
  tile 48  6 fps  [nvh265dec]
  composited: rendered=5 dropped=25  cpu=1%  rss=10220MB
--
  tile 0  6 fps  [nvh265dec]
  tile 1  4 fps  [nvh265dec]
  tile 2  10 fps  [nvh265dec]
  tile 3  9 fps  [nvh265dec]
  tile 4  10 fps  [nvh265dec]
  tile 5  7 fps  [nvh265dec]
  tile 6  2 fps  [nvh265dec]
  tile 7  10 fps  [nvh265dec]
  tile 8  8 fps  [nvh265dec]
  tile 9  14 fps  [nvh265dec]
  tile 10  6 fps  [nvh265dec]
  tile 11  5 fps  [nvh265dec]
  tile 12  7 fps  [nvh265dec]
  tile 13  7 fps  [nvh265dec]
  tile 14  9 fps  [nvh265dec]
  tile 15  13 fps  [nvh265dec]
  tile 16  7 fps  [nvh265dec]
  tile 17  8 fps  [nvh265dec]
  tile 18  11 fps  [nvh265dec]
  tile 19  8 fps  [nvh265dec]
  tile 20  9 fps  [nvh265dec]
  tile 21  0 fps  [nvh265dec]
  tile 22  6 fps  [nvh265dec]
  tile 23  6 fps  [nvh265dec]
  tile 24  8 fps  [nvh265dec]
  tile 25  7 fps  [nvh265dec]
  tile 26  5 fps  [nvh265dec]
  tile 27  11 fps  [nvh265dec]
  tile 28  7 fps  [nvh265dec]
  tile 29  10 fps  [nvh265dec]
  tile 30  16 fps  [nvh265dec]
  tile 31  6 fps  [nvh265dec]
  tile 32  11 fps  [nvh265dec]
  tile 33  2 fps  [nvh265dec]
  tile 34  4 fps  [nvh265dec]
  tile 35  6 fps  [nvh265dec]
  tile 36  6 fps  [nvh265dec]
  tile 37  9 fps  [nvh265dec]
  tile 38  6 fps  [nvh265dec]
  tile 39  15 fps  [nvh265dec]
  tile 40  4 fps  [nvh265dec]
  tile 41  7 fps  [nvh265dec]
  tile 42  4 fps  [nvh265dec]
  tile 43  4 fps  [nvh265dec]
  tile 44  3 fps  [nvh265dec]
  tile 45  11 fps  [nvh265dec]
  tile 46  13 fps  [nvh265dec]
  tile 47  10 fps  [nvh265dec]
  tile 48  6 fps  [nvh265dec]
  composited: rendered=5 dropped=25  cpu=1%  rss=10220MB
--
  tile 0  3 fps  [nvh265dec]
  tile 1  4 fps  [nvh265dec]
  tile 2  8 fps  [nvh265dec]
  tile 3  4 fps  [nvh265dec]
  tile 4  8 fps  [nvh265dec]
  tile 5  3 fps  [nvh265dec]
  tile 6  4 fps  [nvh265dec]
  tile 7  7 fps  [nvh265dec]
  tile 8  6 fps  [nvh265dec]
  tile 9  9 fps  [nvh265dec]
  tile 10  5 fps  [nvh265dec]
  tile 11  5 fps  [nvh265dec]
  tile 12  5 fps  [nvh265dec]
  tile 13  7 fps  [nvh265dec]
  tile 14  11 fps  [nvh265dec]
  tile 15  8 fps  [nvh265dec]
  tile 16  4 fps  [nvh265dec]
  tile 17  8 fps  [nvh265dec]
  tile 18  8 fps  [nvh265dec]
  tile 19  5 fps  [nvh265dec]
  tile 20  5 fps  [nvh265dec]
  tile 21  2 fps  [nvh265dec]
  tile 22  6 fps  [nvh265dec]
  tile 23  9 fps  [nvh265dec]
  tile 24  7 fps  [nvh265dec]
  tile 25  11 fps  [nvh265dec]
  tile 26  7 fps  [nvh265dec]
  tile 27  7 fps  [nvh265dec]
  tile 28  8 fps  [nvh265dec]
  tile 29  5 fps  [nvh265dec]
  tile 30  6 fps  [nvh265dec]
  tile 31  5 fps  [nvh265dec]
  tile 32  7 fps  [nvh265dec]
  tile 33  6 fps  [nvh265dec]
  tile 34  5 fps  [nvh265dec]
  tile 35  3 fps  [nvh265dec]
  tile 36  4 fps  [nvh265dec]
  tile 37  7 fps  [nvh265dec]
  tile 38  3 fps  [nvh265dec]
  tile 39  4 fps  [nvh265dec]
  tile 40  5 fps  [nvh265dec]
  tile 41  5 fps  [nvh265dec]
  tile 42  7 fps  [nvh265dec]
  tile 43  4 fps  [nvh265dec]
  tile 44  7 fps  [nvh265dec]
  tile 45  7 fps  [nvh265dec]
  tile 46  5 fps  [nvh265dec]
  tile 47  9 fps  [nvh265dec]
  tile 48  12 fps  [nvh265dec]
  composited: rendered=6 dropped=25  cpu=5%  rss=10377MB
--
  tile 0  8 fps  [nvh265dec]
  tile 1  6 fps  [nvh265dec]
  tile 2  5 fps  [nvh265dec]
  tile 3  12 fps  [nvh265dec]
  tile 4  10 fps  [nvh265dec]
  tile 5  0 fps  [nvh265dec]
  tile 6  0 fps  [nvh265dec]
  tile 7  6 fps  [nvh265dec]
  tile 8  5 fps  [nvh265dec]
  tile 9  8 fps  [nvh265dec]
  tile 10  3 fps  [nvh265dec]
  tile 11  5 fps  [nvh265dec]
  tile 12  1 fps  [nvh265dec]
  tile 13  8 fps  [nvh265dec]
  tile 14  7 fps  [nvh265dec]
  tile 15  4 fps  [nvh265dec]
  tile 16  4 fps  [nvh265dec]
  tile 17  7 fps  [nvh265dec]
  tile 18  8 fps  [nvh265dec]
  tile 19  6 fps  [nvh265dec]
  tile 20  9 fps  [nvh265dec]
  tile 21  0 fps  [nvh265dec]
  tile 22  7 fps  [nvh265dec]
  tile 23  4 fps  [nvh265dec]
  tile 24  5 fps  [nvh265dec]
  tile 25  7 fps  [nvh265dec]
  tile 26  4 fps  [nvh265dec]
  tile 27  6 fps  [nvh265dec]
  tile 28  7 fps  [nvh265dec]
  tile 29  11 fps  [nvh265dec]
  tile 30  8 fps  [nvh265dec]
  tile 31  0 fps  [nvh265dec]
  tile 32  6 fps  [nvh265dec]
  tile 33  4 fps  [nvh265dec]
  tile 34  0 fps  [nvh265dec]
  tile 35  0 fps  [nvh265dec]
  tile 36  0 fps  [nvh265dec]
  tile 37  7 fps  [nvh265dec]
  tile 38  8 fps  [nvh265dec]
  tile 39  11 fps  [nvh265dec]
  tile 40  6 fps  [nvh265dec]
  tile 41  8 fps  [nvh265dec]
  tile 42  0 fps  [nvh265dec]
  tile 43  0 fps  [nvh265dec]
  tile 44  0 fps  [nvh265dec]
  tile 45  8 fps  [nvh265dec]
  tile 46  7 fps  [nvh265dec]
  tile 47  6 fps  [nvh265dec]
  tile 48  5 fps  [nvh265dec]
  composited: rendered=6 dropped=25  cpu=2%  rss=10472MB
--
  tile 0  8 fps  [nvh265dec]
  tile 1  9 fps  [nvh265dec]
  tile 2  12 fps  [nvh265dec]
  tile 3  5 fps  [nvh265dec]
  tile 4  12 fps  [nvh265dec]
  tile 5  0 fps  [nvh265dec]
  tile 6  0 fps  [nvh265dec]
  tile 7  7 fps  [nvh265dec]
  tile 8  8 fps  [nvh265dec]
  tile 9  10 fps  [nvh265dec]
  tile 10  5 fps  [nvh265dec]
  tile 11  3 fps  [nvh265dec]
  tile 12  6 fps  [nvh265dec]
  tile 13  8 fps  [nvh265dec]
  tile 14  8 fps  [nvh265dec]
  tile 15  8 fps  [nvh265dec]
  tile 16  5 fps  [nvh265dec]
  tile 17  9 fps  [nvh265dec]
  tile 18  7 fps  [nvh265dec]
  tile 19  6 fps  [nvh265dec]
  tile 20  9 fps  [nvh265dec]
  tile 21  0 fps  [nvh265dec]
  tile 22  7 fps  [nvh265dec]
  tile 23  5 fps  [nvh265dec]
  tile 24  9 fps  [nvh265dec]
  tile 25  5 fps  [nvh265dec]
  tile 26  6 fps  [nvh265dec]
  tile 27  9 fps  [nvh265dec]
  tile 28  7 fps  [nvh265dec]
  tile 29  8 fps  [nvh265dec]
  tile 30  11 fps  [nvh265dec]
  tile 31  3 fps  [nvh265dec]
  tile 32  8 fps  [nvh265dec]
  tile 33  6 fps  [nvh265dec]
  tile 34  6 fps  [nvh265dec]
  tile 35  0 fps  [nvh265dec]
  tile 36  0 fps  [nvh265dec]
  tile 37  7 fps  [nvh265dec]
  tile 38  7 fps  [nvh265dec]
  tile 39  9 fps  [nvh265dec]
  tile 40  11 fps  [nvh265dec]
  tile 41  8 fps  [nvh265dec]
  tile 42  5 fps  [nvh265dec]
  tile 43  4 fps  [nvh265dec]
  tile 44  0 fps  [nvh265dec]
  tile 45  5 fps  [nvh265dec]
  tile 46  7 fps  [nvh265dec]
  tile 47  14 fps  [nvh265dec]
  tile 48  12 fps  [nvh265dec]
  composited: rendered=6 dropped=25  cpu=1%  rss=10497MB
-- time limit reached --
SUMMARY: tiles=49 composited rendered=6 dropped=25
SUMMARY(test-pattern): codec=h265 src=1920x1080 tiles=49 aggregate decode fps=338  (~14 sustainable 25fps streams)
