grid: 16 tiles in 4x4 (400x225 each) on a 1600x900 surface
encoding h265 test clip (640x480, 575 frames) -> C:\Users\zubair\AppData\Local\Temp/vms_grid_pattern.h265 ...
encoded with x265enc; fanning out 16 decode-only branch(es). Sink sync is OFF, so per-tile fps is
max decode throughput; sum(fps)/25 ~= sustainable 25 fps streams.
connecting to 16 source(s) (credentials not shown)...
first composited frame after 1086.08 ms
--
  tile 0  124 fps  [nvh265dec]
  tile 1  111 fps  [nvh265dec]
  tile 2  124 fps  [nvh265dec]
  tile 3  120 fps  [nvh265dec]
  tile 4  104 fps  [nvh265dec]
  tile 5  132 fps  [nvh265dec]
  tile 6  97 fps  [nvh265dec]
  tile 7  103 fps  [nvh265dec]
  tile 8  125 fps  [nvh265dec]
  tile 9  115 fps  [nvh265dec]
  tile 10  107 fps  [nvh265dec]
  tile 11  117 fps  [nvh265dec]
  tile 12  115 fps  [nvh265dec]
  tile 13  114 fps  [nvh265dec]
  tile 14  115 fps  [nvh265dec]
  tile 15  113 fps  [nvh265dec]
  composited: rendered=28 dropped=0  rss=664MB
--
  tile 0  100 fps  [nvh265dec]
  tile 1  77 fps  [nvh265dec]
  tile 2  103 fps  [nvh265dec]
  tile 3  94 fps  [nvh265dec]
  tile 4  105 fps  [nvh265dec]
  tile 5  111 fps  [nvh265dec]
  tile 6  95 fps  [nvh265dec]
  tile 7  79 fps  [nvh265dec]
  tile 8  106 fps  [nvh265dec]
  tile 9  98 fps  [nvh265dec]
  tile 10  111 fps  [nvh265dec]
  tile 11  103 fps  [nvh265dec]
  tile 12  95 fps  [nvh265dec]
  tile 13  115 fps  [nvh265dec]
  tile 14  95 fps  [nvh265dec]
  tile 15  92 fps  [nvh265dec]
  composited: rendered=53 dropped=0  cpu=1%  rss=668MB
--
  tile 0  89 fps  [nvh265dec]
  tile 1  86 fps  [nvh265dec]
  tile 2  94 fps  [nvh265dec]
  tile 3  109 fps  [nvh265dec]
  tile 4  92 fps  [nvh265dec]
  tile 5  106 fps  [nvh265dec]
  tile 6  107 fps  [nvh265dec]
  tile 7  73 fps  [nvh265dec]
  tile 8  101 fps  [nvh265dec]
  tile 9  87 fps  [nvh265dec]
  tile 10  110 fps  [nvh265dec]
  tile 11  108 fps  [nvh265dec]
  tile 12  108 fps  [nvh265dec]
  tile 13  101 fps  [nvh265dec]
  tile 14  100 fps  [nvh265dec]
  tile 15  99 fps  [nvh265dec]
  composited: rendered=78 dropped=0  cpu=1%  rss=671MB
--
  tile 0  104 fps  [nvh265dec]
  tile 1  94 fps  [nvh265dec]
  tile 2  105 fps  [nvh265dec]
  tile 3  97 fps  [nvh265dec]
  tile 4  102 fps  [nvh265dec]
  tile 5  98 fps  [nvh265dec]
  tile 6  105 fps  [nvh265dec]
  tile 7  72 fps  [nvh265dec]
  tile 8  96 fps  [nvh265dec]
  tile 9  92 fps  [nvh265dec]
  tile 10  103 fps  [nvh265dec]
  tile 11  91 fps  [nvh265dec]
  tile 12  111 fps  [nvh265dec]
  tile 13  104 fps  [nvh265dec]
  tile 14  100 fps  [nvh265dec]
  tile 15  101 fps  [nvh265dec]
  composited: rendered=103 dropped=0  cpu=1%  rss=674MB
--
  tile 0  106 fps  [nvh265dec]
  tile 1  84 fps  [nvh265dec]
  tile 2  97 fps  [nvh265dec]
  tile 3  101 fps  [nvh265dec]
  tile 4  103 fps  [nvh265dec]
  tile 5  110 fps  [nvh265dec]
  tile 6  112 fps  [nvh265dec]
  tile 7  74 fps  [nvh265dec]
  tile 8  107 fps  [nvh265dec]
  tile 9  109 fps  [nvh265dec]
  tile 10  111 fps  [nvh265dec]
  tile 11  91 fps  [nvh265dec]
  tile 12  106 fps  [nvh265dec]
  tile 13  84 fps  [nvh265dec]
  tile 14  101 fps  [nvh265dec]
  tile 15  84 fps  [nvh265dec]
  composited: rendered=128 dropped=0  cpu=1%  rss=676MB
--
  tile 0  118 fps  [nvh265dec]
  tile 1  91 fps  [nvh265dec]
  tile 2  117 fps  [nvh265dec]
  tile 3  89 fps  [nvh265dec]
  tile 4  90 fps  [nvh265dec]
  tile 5  107 fps  [nvh265dec]
  tile 6  95 fps  [nvh265dec]
  tile 7  79 fps  [nvh265dec]
  tile 8  102 fps  [nvh265dec]
  tile 9  93 fps  [nvh265dec]
  tile 10  95 fps  [nvh265dec]
  tile 11  103 fps  [nvh265dec]
  tile 12  95 fps  [nvh265dec]
  tile 13  98 fps  [nvh265dec]
  tile 14  105 fps  [nvh265dec]
  tile 15  86 fps  [nvh265dec]
  composited: rendered=153 dropped=0  cpu=2%  rss=679MB
--
  tile 0  102 fps  [nvh265dec]
  tile 1  83 fps  [nvh265dec]
  tile 2  105 fps  [nvh265dec]
  tile 3  98 fps  [nvh265dec]
  tile 4  99 fps  [nvh265dec]
  tile 5  107 fps  [nvh265dec]
  tile 6  105 fps  [nvh265dec]
  tile 7  82 fps  [nvh265dec]
  tile 8  101 fps  [nvh265dec]
  tile 9  100 fps  [nvh265dec]
  tile 10  107 fps  [nvh265dec]
  tile 11  95 fps  [nvh265dec]
  tile 12  96 fps  [nvh265dec]
  tile 13  92 fps  [nvh265dec]
  tile 14  100 fps  [nvh265dec]
  tile 15  93 fps  [nvh265dec]
  composited: rendered=178 dropped=0  cpu=1%  rss=680MB
--
  tile 0  95 fps  [nvh265dec]
  tile 1  92 fps  [nvh265dec]
  tile 2  108 fps  [nvh265dec]
  tile 3  106 fps  [nvh265dec]
  tile 4  105 fps  [nvh265dec]
  tile 5  87 fps  [nvh265dec]
  tile 6  113 fps  [nvh265dec]
  tile 7  79 fps  [nvh265dec]
  tile 8  102 fps  [nvh265dec]
  tile 9  93 fps  [nvh265dec]
  tile 10  100 fps  [nvh265dec]
  tile 11  120 fps  [nvh265dec]
  tile 12  99 fps  [nvh265dec]
  tile 13  90 fps  [nvh265dec]
  tile 14  83 fps  [nvh265dec]
  tile 15  96 fps  [nvh265dec]
  composited: rendered=203 dropped=0  cpu=1%  rss=682MB
--
  tile 0  98 fps  [nvh265dec]
  tile 1  88 fps  [nvh265dec]
  tile 2  93 fps  [nvh265dec]
  tile 3  91 fps  [nvh265dec]
  tile 4  92 fps  [nvh265dec]
  tile 5  106 fps  [nvh265dec]
  tile 6  95 fps  [nvh265dec]
  tile 7  79 fps  [nvh265dec]
  tile 8  93 fps  [nvh265dec]
  tile 9  96 fps  [nvh265dec]
  tile 10  101 fps  [nvh265dec]
  tile 11  110 fps  [nvh265dec]
  tile 12  99 fps  [nvh265dec]
  tile 13  115 fps  [nvh265dec]
  tile 14  101 fps  [nvh265dec]
  tile 15  97 fps  [nvh265dec]
  composited: rendered=228 dropped=0  cpu=1%  rss=685MB
--
  tile 0  100 fps  [nvh265dec]
  tile 1  104 fps  [nvh265dec]
  tile 2  85 fps  [nvh265dec]
  tile 3  111 fps  [nvh265dec]
  tile 4  102 fps  [nvh265dec]
  tile 5  93 fps  [nvh265dec]
  tile 6  101 fps  [nvh265dec]
  tile 7  68 fps  [nvh265dec]
  tile 8  106 fps  [nvh265dec]
  tile 9  100 fps  [nvh265dec]
  tile 10  99 fps  [nvh265dec]
  tile 11  95 fps  [nvh265dec]
  tile 12  103 fps  [nvh265dec]
  tile 13  103 fps  [nvh265dec]
  tile 14  106 fps  [nvh265dec]
  tile 15  105 fps  [nvh265dec]
  composited: rendered=253 dropped=0  cpu=1%  rss=687MB
--
  tile 0  92 fps  [nvh265dec]
  tile 1  106 fps  [nvh265dec]
  tile 2  94 fps  [nvh265dec]
  tile 3  88 fps  [nvh265dec]
  tile 4  106 fps  [nvh265dec]
  tile 5  103 fps  [nvh265dec]
  tile 6  90 fps  [nvh265dec]
  tile 7  87 fps  [nvh265dec]
  tile 8  88 fps  [nvh265dec]
  tile 9  105 fps  [nvh265dec]
  tile 10  102 fps  [nvh265dec]
  tile 11  95 fps  [nvh265dec]
  tile 12  98 fps  [nvh265dec]
  tile 13  89 fps  [nvh265dec]
  tile 14  114 fps  [nvh265dec]
  tile 15  110 fps  [nvh265dec]
  composited: rendered=278 dropped=0  cpu=0%  rss=688MB
--
  tile 0  101 fps  [nvh265dec]
  tile 1  87 fps  [nvh265dec]
  tile 2  89 fps  [nvh265dec]
  tile 3  91 fps  [nvh265dec]
  tile 4  105 fps  [nvh265dec]
  tile 5  91 fps  [nvh265dec]
  tile 6  108 fps  [nvh265dec]
  tile 7  87 fps  [nvh265dec]
  tile 8  108 fps  [nvh265dec]
  tile 9  98 fps  [nvh265dec]
  tile 10  113 fps  [nvh265dec]
  tile 11  90 fps  [nvh265dec]
  tile 12  108 fps  [nvh265dec]
  tile 13  103 fps  [nvh265dec]
  tile 14  105 fps  [nvh265dec]
  tile 15  82 fps  [nvh265dec]
  composited: rendered=303 dropped=0  cpu=1%  rss=688MB
--
  tile 0  103 fps  [nvh265dec]
  tile 1  90 fps  [nvh265dec]
  tile 2  100 fps  [nvh265dec]
  tile 3  101 fps  [nvh265dec]
  tile 4  108 fps  [nvh265dec]
  tile 5  97 fps  [nvh265dec]
  tile 6  100 fps  [nvh265dec]
  tile 7  91 fps  [nvh265dec]
  tile 8  96 fps  [nvh265dec]
  tile 9  97 fps  [nvh265dec]
  tile 10  99 fps  [nvh265dec]
  tile 11  96 fps  [nvh265dec]
  tile 12  98 fps  [nvh265dec]
  tile 13  99 fps  [nvh265dec]
  tile 14  93 fps  [nvh265dec]
  tile 15  90 fps  [nvh265dec]
  composited: rendered=328 dropped=0  cpu=1%  rss=689MB
--
  tile 0  96 fps  [nvh265dec]
  tile 1  87 fps  [nvh265dec]
  tile 2  96 fps  [nvh265dec]
  tile 3  94 fps  [nvh265dec]
  tile 4  85 fps  [nvh265dec]
  tile 5  94 fps  [nvh265dec]
  tile 6  115 fps  [nvh265dec]
  tile 7  65 fps  [nvh265dec]
  tile 8  106 fps  [nvh265dec]
  tile 9  100 fps  [nvh265dec]
  tile 10  97 fps  [nvh265dec]
  tile 11  114 fps  [nvh265dec]
  tile 12  93 fps  [nvh265dec]
  tile 13  104 fps  [nvh265dec]
  tile 14  122 fps  [nvh265dec]
  tile 15  97 fps  [nvh265dec]
  composited: rendered=353 dropped=0  cpu=1%  rss=689MB
--
  tile 0  109 fps  [nvh265dec]
  tile 1  85 fps  [nvh265dec]
  tile 2  101 fps  [nvh265dec]
  tile 3  98 fps  [nvh265dec]
  tile 4  103 fps  [nvh265dec]
  tile 5  100 fps  [nvh265dec]
  tile 6  102 fps  [nvh265dec]
  tile 7  73 fps  [nvh265dec]
  tile 8  93 fps  [nvh265dec]
  tile 9  106 fps  [nvh265dec]
  tile 10  91 fps  [nvh265dec]
  tile 11  103 fps  [nvh265dec]
  tile 12  101 fps  [nvh265dec]
  tile 13  100 fps  [nvh265dec]
  tile 14  121 fps  [nvh265dec]
  tile 15  98 fps  [nvh265dec]
  composited: rendered=378 dropped=0  cpu=1%  rss=690MB
--
  tile 0  101 fps  [nvh265dec]
  tile 1  94 fps  [nvh265dec]
  tile 2  92 fps  [nvh265dec]
  tile 3  91 fps  [nvh265dec]
  tile 4  86 fps  [nvh265dec]
  tile 5  91 fps  [nvh265dec]
  tile 6  106 fps  [nvh265dec]
  tile 7  75 fps  [nvh265dec]
  tile 8  96 fps  [nvh265dec]
  tile 9  101 fps  [nvh265dec]
  tile 10  98 fps  [nvh265dec]
  tile 11  99 fps  [nvh265dec]
  tile 12  112 fps  [nvh265dec]
  tile 13  108 fps  [nvh265dec]
  tile 14  121 fps  [nvh265dec]
  tile 15  98 fps  [nvh265dec]
  composited: rendered=403 dropped=0  cpu=1%  rss=690MB
--
  tile 0  95 fps  [nvh265dec]
  tile 1  96 fps  [nvh265dec]
  tile 2  103 fps  [nvh265dec]
  tile 3  94 fps  [nvh265dec]
  tile 4  105 fps  [nvh265dec]
  tile 5  96 fps  [nvh265dec]
  tile 6  93 fps  [nvh265dec]
  tile 7  75 fps  [nvh265dec]
  tile 8  99 fps  [nvh265dec]
  tile 9  102 fps  [nvh265dec]
  tile 10  113 fps  [nvh265dec]
  tile 11  93 fps  [nvh265dec]
  tile 12  109 fps  [nvh265dec]
  tile 13  96 fps  [nvh265dec]
  tile 14  113 fps  [nvh265dec]
  tile 15  86 fps  [nvh265dec]
  composited: rendered=428 dropped=0  cpu=1%  rss=690MB
--
  tile 0  99 fps  [nvh265dec]
  tile 1  92 fps  [nvh265dec]
  tile 2  112 fps  [nvh265dec]
  tile 3  99 fps  [nvh265dec]
  tile 4  96 fps  [nvh265dec]
  tile 5  100 fps  [nvh265dec]
  tile 6  110 fps  [nvh265dec]
  tile 7  79 fps  [nvh265dec]
  tile 8  98 fps  [nvh265dec]
  tile 9  99 fps  [nvh265dec]
  tile 10  95 fps  [nvh265dec]
  tile 11  98 fps  [nvh265dec]
  tile 12  93 fps  [nvh265dec]
  tile 13  103 fps  [nvh265dec]
  tile 14  109 fps  [nvh265dec]
  tile 15  90 fps  [nvh265dec]
  composited: rendered=453 dropped=0  cpu=1%  rss=690MB
--
  tile 0  93 fps  [nvh265dec]
  tile 1  83 fps  [nvh265dec]
  tile 2  102 fps  [nvh265dec]
  tile 3  103 fps  [nvh265dec]
  tile 4  103 fps  [nvh265dec]
  tile 5  86 fps  [nvh265dec]
  tile 6  94 fps  [nvh265dec]
  tile 7  81 fps  [nvh265dec]
  tile 8  111 fps  [nvh265dec]
  tile 9  107 fps  [nvh265dec]
  tile 10  100 fps  [nvh265dec]
  tile 11  98 fps  [nvh265dec]
  tile 12  108 fps  [nvh265dec]
  tile 13  98 fps  [nvh265dec]
  tile 14  118 fps  [nvh265dec]
  tile 15  86 fps  [nvh265dec]
  composited: rendered=478 dropped=0  cpu=1%  rss=690MB
--
  tile 0  108 fps  [nvh265dec]
  tile 1  90 fps  [nvh265dec]
  tile 2  105 fps  [nvh265dec]
  tile 3  103 fps  [nvh265dec]
  tile 4  92 fps  [nvh265dec]
  tile 5  101 fps  [nvh265dec]
  tile 6  98 fps  [nvh265dec]
  tile 7  86 fps  [nvh265dec]
  tile 8  100 fps  [nvh265dec]
  tile 9  91 fps  [nvh265dec]
  tile 10  99 fps  [nvh265dec]
  tile 11  94 fps  [nvh265dec]
  tile 12  104 fps  [nvh265dec]
  tile 13  100 fps  [nvh265dec]
  tile 14  111 fps  [nvh265dec]
  tile 15  89 fps  [nvh265dec]
  composited: rendered=503 dropped=0  cpu=0%  rss=690MB
-- time limit reached --
SUMMARY: tiles=16 composited rendered=503 dropped=0
SUMMARY(test-pattern): codec=h265 src=640x480 tiles=16 aggregate decode fps=1576  (~63 sustainable 25fps streams)
