grid: 25 tiles in 5x5 (320x180 each) on a 1600x900 surface
encoding h265 test clip (640x480, 575 frames) -> C:\Users\zubair\AppData\Local\Temp/vms_grid_pattern.h265 ...
encoded with x265enc; fanning out 25 decode-only branch(es). Sink sync is OFF, so per-tile fps is
max decode throughput; sum(fps)/25 ~= sustainable 25 fps streams.
connecting to 25 source(s) (credentials not shown)...
first composited frame after 797.581 ms
--
  tile 0  60 fps  [nvh265dec]
  tile 1  67 fps  [nvh265dec]
  tile 2  62 fps  [nvh265dec]
  tile 3  58 fps  [nvh265dec]
  tile 4  52 fps  [nvh265dec]
  tile 5  59 fps  [nvh265dec]
  tile 6  63 fps  [nvh265dec]
  tile 7  71 fps  [nvh265dec]
  tile 8  63 fps  [nvh265dec]
  tile 9  55 fps  [nvh265dec]
  tile 10  58 fps  [nvh265dec]
  tile 11  58 fps  [nvh265dec]
  tile 12  63 fps  [nvh265dec]
  tile 13  58 fps  [nvh265dec]
  tile 14  64 fps  [nvh265dec]
  tile 15  68 fps  [nvh265dec]
  tile 16  58 fps  [nvh265dec]
  tile 17  61 fps  [nvh265dec]
  tile 18  64 fps  [nvh265dec]
  tile 19  56 fps  [nvh265dec]
  tile 20  68 fps  [nvh265dec]
  tile 21  51 fps  [nvh265dec]
  tile 22  65 fps  [nvh265dec]
  tile 23  60 fps  [nvh265dec]
  tile 24  63 fps  [nvh265dec]
  composited: rendered=21 dropped=0  rss=934MB
--
  tile 0  52 fps  [nvh265dec]
  tile 1  54 fps  [nvh265dec]
  tile 2  59 fps  [nvh265dec]
  tile 3  65 fps  [nvh265dec]
  tile 4  72 fps  [nvh265dec]
  tile 5  60 fps  [nvh265dec]
  tile 6  67 fps  [nvh265dec]
  tile 7  63 fps  [nvh265dec]
  tile 8  55 fps  [nvh265dec]
  tile 9  53 fps  [nvh265dec]
  tile 10  70 fps  [nvh265dec]
  tile 11  62 fps  [nvh265dec]
  tile 12  62 fps  [nvh265dec]
  tile 13  63 fps  [nvh265dec]
  tile 14  75 fps  [nvh265dec]
  tile 15  59 fps  [nvh265dec]
  tile 16  55 fps  [nvh265dec]
  tile 17  58 fps  [nvh265dec]
  tile 18  61 fps  [nvh265dec]
  tile 19  72 fps  [nvh265dec]
  tile 20  57 fps  [nvh265dec]
  tile 21  70 fps  [nvh265dec]
  tile 22  73 fps  [nvh265dec]
  tile 23  66 fps  [nvh265dec]
  tile 24  60 fps  [nvh265dec]
  composited: rendered=46 dropped=0  cpu=1%  rss=944MB
--
  tile 0  58 fps  [nvh265dec]
  tile 1  79 fps  [nvh265dec]
  tile 2  49 fps  [nvh265dec]
  tile 3  61 fps  [nvh265dec]
  tile 4  69 fps  [nvh265dec]
  tile 5  55 fps  [nvh265dec]
  tile 6  62 fps  [nvh265dec]
  tile 7  69 fps  [nvh265dec]
  tile 8  61 fps  [nvh265dec]
  tile 9  41 fps  [nvh265dec]
  tile 10  58 fps  [nvh265dec]
  tile 11  69 fps  [nvh265dec]
  tile 12  54 fps  [nvh265dec]
  tile 13  79 fps  [nvh265dec]
  tile 14  75 fps  [nvh265dec]
  tile 15  75 fps  [nvh265dec]
  tile 16  63 fps  [nvh265dec]
  tile 17  55 fps  [nvh265dec]
  tile 18  68 fps  [nvh265dec]
  tile 19  58 fps  [nvh265dec]
  tile 20  75 fps  [nvh265dec]
  tile 21  61 fps  [nvh265dec]
  tile 22  61 fps  [nvh265dec]
  tile 23  83 fps  [nvh265dec]
  tile 24  58 fps  [nvh265dec]
  composited: rendered=71 dropped=0  cpu=1%  rss=953MB
--
  tile 0  55 fps  [nvh265dec]
  tile 1  51 fps  [nvh265dec]
  tile 2  65 fps  [nvh265dec]
  tile 3  65 fps  [nvh265dec]
  tile 4  64 fps  [nvh265dec]
  tile 5  61 fps  [nvh265dec]
  tile 6  71 fps  [nvh265dec]
  tile 7  60 fps  [nvh265dec]
  tile 8  87 fps  [nvh265dec]
  tile 9  52 fps  [nvh265dec]
  tile 10  60 fps  [nvh265dec]
  tile 11  59 fps  [nvh265dec]
  tile 12  66 fps  [nvh265dec]
  tile 13  72 fps  [nvh265dec]
  tile 14  75 fps  [nvh265dec]
  tile 15  66 fps  [nvh265dec]
  tile 16  61 fps  [nvh265dec]
  tile 17  60 fps  [nvh265dec]
  tile 18  60 fps  [nvh265dec]
  tile 19  55 fps  [nvh265dec]
  tile 20  59 fps  [nvh265dec]
  tile 21  67 fps  [nvh265dec]
  tile 22  72 fps  [nvh265dec]
  tile 23  69 fps  [nvh265dec]
  tile 24  60 fps  [nvh265dec]
  composited: rendered=96 dropped=0  cpu=1%  rss=958MB
--
  tile 0  64 fps  [nvh265dec]
  tile 1  61 fps  [nvh265dec]
  tile 2  63 fps  [nvh265dec]
  tile 3  73 fps  [nvh265dec]
  tile 4  42 fps  [nvh265dec]
  tile 5  61 fps  [nvh265dec]
  tile 6  77 fps  [nvh265dec]
  tile 7  57 fps  [nvh265dec]
  tile 8  55 fps  [nvh265dec]
  tile 9  45 fps  [nvh265dec]
  tile 10  68 fps  [nvh265dec]
  tile 11  65 fps  [nvh265dec]
  tile 12  70 fps  [nvh265dec]
  tile 13  74 fps  [nvh265dec]
  tile 14  65 fps  [nvh265dec]
  tile 15  78 fps  [nvh265dec]
  tile 16  65 fps  [nvh265dec]
  tile 17  68 fps  [nvh265dec]
  tile 18  61 fps  [nvh265dec]
  tile 19  64 fps  [nvh265dec]
  tile 20  67 fps  [nvh265dec]
  tile 21  59 fps  [nvh265dec]
  tile 22  55 fps  [nvh265dec]
  tile 23  48 fps  [nvh265dec]
  tile 24  67 fps  [nvh265dec]
  composited: rendered=121 dropped=0  cpu=0%  rss=963MB
--
  tile 0  55 fps  [nvh265dec]
  tile 1  57 fps  [nvh265dec]
  tile 2  60 fps  [nvh265dec]
  tile 3  57 fps  [nvh265dec]
  tile 4  65 fps  [nvh265dec]
  tile 5  65 fps  [nvh265dec]
  tile 6  71 fps  [nvh265dec]
  tile 7  65 fps  [nvh265dec]
  tile 8  75 fps  [nvh265dec]
  tile 9  62 fps  [nvh265dec]
  tile 10  58 fps  [nvh265dec]
  tile 11  62 fps  [nvh265dec]
  tile 12  70 fps  [nvh265dec]
  tile 13  62 fps  [nvh265dec]
  tile 14  57 fps  [nvh265dec]
  tile 15  56 fps  [nvh265dec]
  tile 16  56 fps  [nvh265dec]
  tile 17  59 fps  [nvh265dec]
  tile 18  65 fps  [nvh265dec]
  tile 19  51 fps  [nvh265dec]
  tile 20  74 fps  [nvh265dec]
  tile 21  65 fps  [nvh265dec]
  tile 22  64 fps  [nvh265dec]
  tile 23  66 fps  [nvh265dec]
  tile 24  59 fps  [nvh265dec]
  composited: rendered=146 dropped=0  cpu=1%  rss=965MB
--
  tile 0  56 fps  [nvh265dec]
  tile 1  62 fps  [nvh265dec]
  tile 2  59 fps  [nvh265dec]
  tile 3  53 fps  [nvh265dec]
  tile 4  70 fps  [nvh265dec]
  tile 5  58 fps  [nvh265dec]
  tile 6  58 fps  [nvh265dec]
  tile 7  69 fps  [nvh265dec]
  tile 8  69 fps  [nvh265dec]
  tile 9  54 fps  [nvh265dec]
  tile 10  61 fps  [nvh265dec]
  tile 11  75 fps  [nvh265dec]
  tile 12  69 fps  [nvh265dec]
  tile 13  63 fps  [nvh265dec]
  tile 14  74 fps  [nvh265dec]
  tile 15  62 fps  [nvh265dec]
  tile 16  55 fps  [nvh265dec]
  tile 17  60 fps  [nvh265dec]
  tile 18  65 fps  [nvh265dec]
  tile 19  57 fps  [nvh265dec]
  tile 20  67 fps  [nvh265dec]
  tile 21  60 fps  [nvh265dec]
  tile 22  60 fps  [nvh265dec]
  tile 23  53 fps  [nvh265dec]
  tile 24  65 fps  [nvh265dec]
  composited: rendered=171 dropped=0  cpu=1%  rss=966MB
--
  tile 0  57 fps  [nvh265dec]
  tile 1  67 fps  [nvh265dec]
  tile 2  52 fps  [nvh265dec]
  tile 3  54 fps  [nvh265dec]
  tile 4  57 fps  [nvh265dec]
  tile 5  50 fps  [nvh265dec]
  tile 6  74 fps  [nvh265dec]
  tile 7  66 fps  [nvh265dec]
  tile 8  63 fps  [nvh265dec]
  tile 9  54 fps  [nvh265dec]
  tile 10  69 fps  [nvh265dec]
  tile 11  63 fps  [nvh265dec]
  tile 12  63 fps  [nvh265dec]
  tile 13  54 fps  [nvh265dec]
  tile 14  64 fps  [nvh265dec]
  tile 15  77 fps  [nvh265dec]
  tile 16  62 fps  [nvh265dec]
  tile 17  57 fps  [nvh265dec]
  tile 18  60 fps  [nvh265dec]
  tile 19  59 fps  [nvh265dec]
  tile 20  52 fps  [nvh265dec]
  tile 21  61 fps  [nvh265dec]
  tile 22  60 fps  [nvh265dec]
  tile 23  72 fps  [nvh265dec]
  tile 24  78 fps  [nvh265dec]
  composited: rendered=196 dropped=0  cpu=1%  rss=968MB
--
  tile 0  56 fps  [nvh265dec]
  tile 1  51 fps  [nvh265dec]
  tile 2  68 fps  [nvh265dec]
  tile 3  50 fps  [nvh265dec]
  tile 4  60 fps  [nvh265dec]
  tile 5  60 fps  [nvh265dec]
  tile 6  62 fps  [nvh265dec]
  tile 7  65 fps  [nvh265dec]
  tile 8  74 fps  [nvh265dec]
  tile 9  58 fps  [nvh265dec]
  tile 10  58 fps  [nvh265dec]
  tile 11  57 fps  [nvh265dec]
  tile 12  53 fps  [nvh265dec]
  tile 13  72 fps  [nvh265dec]
  tile 14  67 fps  [nvh265dec]
  tile 15  55 fps  [nvh265dec]
  tile 16  64 fps  [nvh265dec]
  tile 17  52 fps  [nvh265dec]
  tile 18  55 fps  [nvh265dec]
  tile 19  69 fps  [nvh265dec]
  tile 20  56 fps  [nvh265dec]
  tile 21  66 fps  [nvh265dec]
  tile 22  60 fps  [nvh265dec]
  tile 23  70 fps  [nvh265dec]
  tile 24  68 fps  [nvh265dec]
  composited: rendered=221 dropped=0  cpu=1%  rss=973MB
--
  tile 0  57 fps  [nvh265dec]
  tile 1  63 fps  [nvh265dec]
  tile 2  51 fps  [nvh265dec]
  tile 3  62 fps  [nvh265dec]
  tile 4  69 fps  [nvh265dec]
  tile 5  64 fps  [nvh265dec]
  tile 6  64 fps  [nvh265dec]
  tile 7  62 fps  [nvh265dec]
  tile 8  63 fps  [nvh265dec]
  tile 9  50 fps  [nvh265dec]
  tile 10  73 fps  [nvh265dec]
  tile 11  66 fps  [nvh265dec]
  tile 12  50 fps  [nvh265dec]
  tile 13  56 fps  [nvh265dec]
  tile 14  59 fps  [nvh265dec]
  tile 15  66 fps  [nvh265dec]
  tile 16  58 fps  [nvh265dec]
  tile 17  53 fps  [nvh265dec]
  tile 18  58 fps  [nvh265dec]
  tile 19  59 fps  [nvh265dec]
  tile 20  64 fps  [nvh265dec]
  tile 21  62 fps  [nvh265dec]
  tile 22  60 fps  [nvh265dec]
  tile 23  62 fps  [nvh265dec]
  tile 24  61 fps  [nvh265dec]
  composited: rendered=246 dropped=0  cpu=1%  rss=981MB
--
  tile 0  55 fps  [nvh265dec]
  tile 1  60 fps  [nvh265dec]
  tile 2  70 fps  [nvh265dec]
  tile 3  55 fps  [nvh265dec]
  tile 4  60 fps  [nvh265dec]
  tile 5  57 fps  [nvh265dec]
  tile 6  71 fps  [nvh265dec]
  tile 7  55 fps  [nvh265dec]
  tile 8  59 fps  [nvh265dec]
  tile 9  59 fps  [nvh265dec]
  tile 10  62 fps  [nvh265dec]
  tile 11  62 fps  [nvh265dec]
  tile 12  64 fps  [nvh265dec]
  tile 13  60 fps  [nvh265dec]
  tile 14  63 fps  [nvh265dec]
  tile 15  65 fps  [nvh265dec]
  tile 16  61 fps  [nvh265dec]
  tile 17  60 fps  [nvh265dec]
  tile 18  73 fps  [nvh265dec]
  tile 19  60 fps  [nvh265dec]
  tile 20  55 fps  [nvh265dec]
  tile 21  49 fps  [nvh265dec]
  tile 22  56 fps  [nvh265dec]
  tile 23  61 fps  [nvh265dec]
  tile 24  72 fps  [nvh265dec]
  composited: rendered=271 dropped=0  cpu=1%  rss=978MB
--
  tile 0  51 fps  [nvh265dec]
  tile 1  64 fps  [nvh265dec]
  tile 2  58 fps  [nvh265dec]
  tile 3  63 fps  [nvh265dec]
  tile 4  55 fps  [nvh265dec]
  tile 5  56 fps  [nvh265dec]
  tile 6  63 fps  [nvh265dec]
  tile 7  61 fps  [nvh265dec]
  tile 8  64 fps  [nvh265dec]
  tile 9  50 fps  [nvh265dec]
  tile 10  62 fps  [nvh265dec]
  tile 11  55 fps  [nvh265dec]
  tile 12  67 fps  [nvh265dec]
  tile 13  60 fps  [nvh265dec]
  tile 14  71 fps  [nvh265dec]
  tile 15  69 fps  [nvh265dec]
  tile 16  52 fps  [nvh265dec]
  tile 17  51 fps  [nvh265dec]
  tile 18  68 fps  [nvh265dec]
  tile 19  55 fps  [nvh265dec]
  tile 20  64 fps  [nvh265dec]
  tile 21  53 fps  [nvh265dec]
  tile 22  62 fps  [nvh265dec]
  tile 23  74 fps  [nvh265dec]
  tile 24  62 fps  [nvh265dec]
  composited: rendered=296 dropped=0  cpu=1%  rss=980MB
--
  tile 0  48 fps  [nvh265dec]
  tile 1  71 fps  [nvh265dec]
  tile 2  64 fps  [nvh265dec]
  tile 3  72 fps  [nvh265dec]
  tile 4  65 fps  [nvh265dec]
  tile 5  61 fps  [nvh265dec]
  tile 6  67 fps  [nvh265dec]
  tile 7  57 fps  [nvh265dec]
  tile 8  68 fps  [nvh265dec]
  tile 9  52 fps  [nvh265dec]
  tile 10  59 fps  [nvh265dec]
  tile 11  66 fps  [nvh265dec]
  tile 12  63 fps  [nvh265dec]
  tile 13  77 fps  [nvh265dec]
  tile 14  58 fps  [nvh265dec]
  tile 15  59 fps  [nvh265dec]
  tile 16  59 fps  [nvh265dec]
  tile 17  48 fps  [nvh265dec]
  tile 18  50 fps  [nvh265dec]
  tile 19  60 fps  [nvh265dec]
  tile 20  67 fps  [nvh265dec]
  tile 21  56 fps  [nvh265dec]
  tile 22  57 fps  [nvh265dec]
  tile 23  61 fps  [nvh265dec]
  tile 24  65 fps  [nvh265dec]
  composited: rendered=321 dropped=0  cpu=1%  rss=985MB
--
  tile 0  55 fps  [nvh265dec]
  tile 1  51 fps  [nvh265dec]
  tile 2  56 fps  [nvh265dec]
  tile 3  62 fps  [nvh265dec]
  tile 4  53 fps  [nvh265dec]
  tile 5  51 fps  [nvh265dec]
  tile 6  77 fps  [nvh265dec]
  tile 7  57 fps  [nvh265dec]
  tile 8  83 fps  [nvh265dec]
  tile 9  47 fps  [nvh265dec]
  tile 10  54 fps  [nvh265dec]
  tile 11  57 fps  [nvh265dec]
  tile 12  62 fps  [nvh265dec]
  tile 13  63 fps  [nvh265dec]
  tile 14  64 fps  [nvh265dec]
  tile 15  57 fps  [nvh265dec]
  tile 16  51 fps  [nvh265dec]
  tile 17  55 fps  [nvh265dec]
  tile 18  71 fps  [nvh265dec]
  tile 19  56 fps  [nvh265dec]
  tile 20  68 fps  [nvh265dec]
  tile 21  58 fps  [nvh265dec]
  tile 22  66 fps  [nvh265dec]
  tile 23  63 fps  [nvh265dec]
  tile 24  66 fps  [nvh265dec]
  composited: rendered=346 dropped=0  cpu=1%  rss=987MB
--
  tile 0  56 fps  [nvh265dec]
  tile 1  52 fps  [nvh265dec]
  tile 2  55 fps  [nvh265dec]
  tile 3  61 fps  [nvh265dec]
  tile 4  62 fps  [nvh265dec]
  tile 5  57 fps  [nvh265dec]
  tile 6  54 fps  [nvh265dec]
  tile 7  67 fps  [nvh265dec]
  tile 8  59 fps  [nvh265dec]
  tile 9  53 fps  [nvh265dec]
  tile 10  62 fps  [nvh265dec]
  tile 11  63 fps  [nvh265dec]
  tile 12  67 fps  [nvh265dec]
  tile 13  61 fps  [nvh265dec]
  tile 14  79 fps  [nvh265dec]
  tile 15  58 fps  [nvh265dec]
  tile 16  58 fps  [nvh265dec]
  tile 17  55 fps  [nvh265dec]
  tile 18  57 fps  [nvh265dec]
  tile 19  55 fps  [nvh265dec]
  tile 20  56 fps  [nvh265dec]
  tile 21  65 fps  [nvh265dec]
  tile 22  68 fps  [nvh265dec]
  tile 23  57 fps  [nvh265dec]
  tile 24  51 fps  [nvh265dec]
  composited: rendered=371 dropped=0  cpu=1%  rss=988MB
--
  tile 0  58 fps  [nvh265dec]
  tile 1  70 fps  [nvh265dec]
  tile 2  56 fps  [nvh265dec]
  tile 3  65 fps  [nvh265dec]
  tile 4  64 fps  [nvh265dec]
  tile 5  54 fps  [nvh265dec]
  tile 6  51 fps  [nvh265dec]
  tile 7  67 fps  [nvh265dec]
  tile 8  41 fps  [nvh265dec]
  tile 9  47 fps  [nvh265dec]
  tile 10  72 fps  [nvh265dec]
  tile 11  59 fps  [nvh265dec]
  tile 12  58 fps  [nvh265dec]
  tile 13  64 fps  [nvh265dec]
  tile 14  50 fps  [nvh265dec]
  tile 15  54 fps  [nvh265dec]
  tile 16  66 fps  [nvh265dec]
  tile 17  55 fps  [nvh265dec]
  tile 18  54 fps  [nvh265dec]
  tile 19  62 fps  [nvh265dec]
  tile 20  65 fps  [nvh265dec]
  tile 21  65 fps  [nvh265dec]
  tile 22  60 fps  [nvh265dec]
  tile 23  68 fps  [nvh265dec]
  tile 24  72 fps  [nvh265dec]
  composited: rendered=396 dropped=0  cpu=1%  rss=989MB
--
  tile 0  48 fps  [nvh265dec]
  tile 1  60 fps  [nvh265dec]
  tile 2  62 fps  [nvh265dec]
  tile 3  48 fps  [nvh265dec]
  tile 4  59 fps  [nvh265dec]
  tile 5  52 fps  [nvh265dec]
  tile 6  58 fps  [nvh265dec]
  tile 7  56 fps  [nvh265dec]
  tile 8  54 fps  [nvh265dec]
  tile 9  51 fps  [nvh265dec]
  tile 10  55 fps  [nvh265dec]
  tile 11  52 fps  [nvh265dec]
  tile 12  53 fps  [nvh265dec]
  tile 13  52 fps  [nvh265dec]
  tile 14  54 fps  [nvh265dec]
  tile 15  48 fps  [nvh265dec]
  tile 16  72 fps  [nvh265dec]
  tile 17  62 fps  [nvh265dec]
  tile 18  61 fps  [nvh265dec]
  tile 19  50 fps  [nvh265dec]
  tile 20  51 fps  [nvh265dec]
  tile 21  61 fps  [nvh265dec]
  tile 22  56 fps  [nvh265dec]
  tile 23  56 fps  [nvh265dec]
  tile 24  57 fps  [nvh265dec]
  composited: rendered=421 dropped=0  cpu=1%  rss=990MB
--
  tile 0  57 fps  [nvh265dec]
  tile 1  59 fps  [nvh265dec]
  tile 2  55 fps  [nvh265dec]
  tile 3  53 fps  [nvh265dec]
  tile 4  61 fps  [nvh265dec]
  tile 5  60 fps  [nvh265dec]
  tile 6  60 fps  [nvh265dec]
  tile 7  56 fps  [nvh265dec]
  tile 8  58 fps  [nvh265dec]
  tile 9  48 fps  [nvh265dec]
  tile 10  49 fps  [nvh265dec]
  tile 11  47 fps  [nvh265dec]
  tile 12  61 fps  [nvh265dec]
  tile 13  50 fps  [nvh265dec]
  tile 14  56 fps  [nvh265dec]
  tile 15  57 fps  [nvh265dec]
  tile 16  52 fps  [nvh265dec]
  tile 17  56 fps  [nvh265dec]
  tile 18  54 fps  [nvh265dec]
  tile 19  56 fps  [nvh265dec]
  tile 20  56 fps  [nvh265dec]
  tile 21  50 fps  [nvh265dec]
  tile 22  55 fps  [nvh265dec]
  tile 23  56 fps  [nvh265dec]
  tile 24  49 fps  [nvh265dec]
  composited: rendered=446 dropped=0  cpu=1%  rss=998MB
--
  tile 0  44 fps  [nvh265dec]
  tile 1  55 fps  [nvh265dec]
  tile 2  56 fps  [nvh265dec]
  tile 3  62 fps  [nvh265dec]
  tile 4  56 fps  [nvh265dec]
  tile 5  49 fps  [nvh265dec]
  tile 6  58 fps  [nvh265dec]
  tile 7  50 fps  [nvh265dec]
  tile 8  71 fps  [nvh265dec]
  tile 9  51 fps  [nvh265dec]
  tile 10  55 fps  [nvh265dec]
  tile 11  55 fps  [nvh265dec]
  tile 12  57 fps  [nvh265dec]
  tile 13  64 fps  [nvh265dec]
  tile 14  58 fps  [nvh265dec]
  tile 15  54 fps  [nvh265dec]
  tile 16  51 fps  [nvh265dec]
  tile 17  47 fps  [nvh265dec]
  tile 18  57 fps  [nvh265dec]
  tile 19  46 fps  [nvh265dec]
  tile 20  60 fps  [nvh265dec]
  tile 21  61 fps  [nvh265dec]
  tile 22  52 fps  [nvh265dec]
  tile 23  56 fps  [nvh265dec]
  tile 24  49 fps  [nvh265dec]
  composited: rendered=471 dropped=0  cpu=1%  rss=992MB
--
  tile 0  49 fps  [nvh265dec]
  tile 1  64 fps  [nvh265dec]
  tile 2  45 fps  [nvh265dec]
  tile 3  58 fps  [nvh265dec]
  tile 4  44 fps  [nvh265dec]
  tile 5  38 fps  [nvh265dec]
  tile 6  60 fps  [nvh265dec]
  tile 7  48 fps  [nvh265dec]
  tile 8  57 fps  [nvh265dec]
  tile 9  48 fps  [nvh265dec]
  tile 10  56 fps  [nvh265dec]
  tile 11  57 fps  [nvh265dec]
  tile 12  63 fps  [nvh265dec]
  tile 13  60 fps  [nvh265dec]
  tile 14  54 fps  [nvh265dec]
  tile 15  58 fps  [nvh265dec]
  tile 16  52 fps  [nvh265dec]
  tile 17  53 fps  [nvh265dec]
  tile 18  56 fps  [nvh265dec]
  tile 19  43 fps  [nvh265dec]
  tile 20  51 fps  [nvh265dec]
  tile 21  69 fps  [nvh265dec]
  tile 22  57 fps  [nvh265dec]
  tile 23  62 fps  [nvh265dec]
  tile 24  60 fps  [nvh265dec]
  composited: rendered=496 dropped=0  cpu=1%  rss=992MB
-- time limit reached --
SUMMARY: tiles=25 composited rendered=496 dropped=0
SUMMARY(test-pattern): codec=h265 src=640x480 tiles=25 aggregate decode fps=1519  (~61 sustainable 25fps streams)
