grid: 25 tiles in 5x5 (320x180 each) on a 1600x900 surface
encoding h265 test clip (1920x1080, 575 frames) -> C:\Users\zubair\AppData\Local\Temp/vms_grid_pattern.h265 ...
encoded with x265enc; fanning out 25 decode-only branch(es). Sink sync is OFF, so per-tile fps is
max decode throughput; sum(fps)/25 ~= sustainable 25 fps streams.
connecting to 25 source(s) (credentials not shown)...
first composited frame after 1.81587e+08 ms
--
  tile 0  8 fps  [nvh265dec]
  tile 1  5 fps  [nvh265dec]
  tile 2  10 fps  [nvh265dec]
  tile 3  4 fps  [nvh265dec]
  tile 4  5 fps  [nvh265dec]
  tile 5  9 fps  [nvh265dec]
  tile 6  6 fps  [nvh265dec]
  tile 7  16 fps  [nvh265dec]
  tile 8  8 fps  [nvh265dec]
  tile 9  5 fps  [nvh265dec]
  tile 10  5 fps  [nvh265dec]
  tile 11  6 fps  [nvh265dec]
  tile 12  9 fps  [nvh265dec]
  tile 13  12 fps  [nvh265dec]
  tile 14  8 fps  [nvh265dec]
  tile 15  13 fps  [nvh265dec]
  tile 16  9 fps  [nvh265dec]
  tile 17  8 fps  [nvh265dec]
  tile 18  3 fps  [nvh265dec]
  tile 19  7 fps  [nvh265dec]
  tile 20  1 fps  [nvh265dec]
  tile 21  2 fps  [nvh265dec]
  tile 22  9 fps  [nvh265dec]
  tile 23  8 fps  [nvh265dec]
  tile 24  4 fps  [nvh265dec]
  composited: rendered=1 dropped=0  rss=2870MB
--
  tile 0  4 fps  [nvh265dec]
  tile 1  16 fps  [nvh265dec]
  tile 2  12 fps  [nvh265dec]
  tile 3  14 fps  [nvh265dec]
  tile 4  11 fps  [nvh265dec]
  tile 5  11 fps  [nvh265dec]
  tile 6  10 fps  [nvh265dec]
  tile 7  11 fps  [nvh265dec]
  tile 8  10 fps  [nvh265dec]
  tile 9  7 fps  [nvh265dec]
  tile 10  12 fps  [nvh265dec]
  tile 11  9 fps  [nvh265dec]
  tile 12  15 fps  [nvh265dec]
  tile 13  9 fps  [nvh265dec]
  tile 14  14 fps  [nvh265dec]
  tile 15  15 fps  [nvh265dec]
  tile 16  12 fps  [nvh265dec]
  tile 17  9 fps  [nvh265dec]
  tile 18  13 fps  [nvh265dec]
  tile 19  8 fps  [nvh265dec]
  tile 20  10 fps  [nvh265dec]
  tile 21  13 fps  [nvh265dec]
  tile 22  10 fps  [nvh265dec]
  tile 23  11 fps  [nvh265dec]
  tile 24  9 fps  [nvh265dec]
  composited: rendered=4 dropped=6  cpu=4%  rss=3693MB
--
  tile 0  7 fps  [nvh265dec]
  tile 1  10 fps  [nvh265dec]
  tile 2  10 fps  [nvh265dec]
  tile 3  16 fps  [nvh265dec]
  tile 4  12 fps  [nvh265dec]
  tile 5  13 fps  [nvh265dec]
  tile 6  11 fps  [nvh265dec]
  tile 7  8 fps  [nvh265dec]
  tile 8  17 fps  [nvh265dec]
  tile 9  17 fps  [nvh265dec]
  tile 10  14 fps  [nvh265dec]
  tile 11  13 fps  [nvh265dec]
  tile 12  13 fps  [nvh265dec]
  tile 13  14 fps  [nvh265dec]
  tile 14  11 fps  [nvh265dec]
  tile 15  15 fps  [nvh265dec]
  tile 16  13 fps  [nvh265dec]
  tile 17  9 fps  [nvh265dec]
  tile 18  15 fps  [nvh265dec]
  tile 19  15 fps  [nvh265dec]
  tile 20  14 fps  [nvh265dec]
  tile 21  16 fps  [nvh265dec]
  tile 22  9 fps  [nvh265dec]
  tile 23  20 fps  [nvh265dec]
  tile 24  9 fps  [nvh265dec]
  composited: rendered=4 dropped=14  cpu=2%  rss=3694MB
--
  tile 0  12 fps  [nvh265dec]
  tile 1  11 fps  [nvh265dec]
  tile 2  8 fps  [nvh265dec]
  tile 3  9 fps  [nvh265dec]
  tile 4  11 fps  [nvh265dec]
  tile 5  8 fps  [nvh265dec]
  tile 6  12 fps  [nvh265dec]
  tile 7  15 fps  [nvh265dec]
  tile 8  12 fps  [nvh265dec]
  tile 9  10 fps  [nvh265dec]
  tile 10  14 fps  [nvh265dec]
  tile 11  11 fps  [nvh265dec]
  tile 12  14 fps  [nvh265dec]
  tile 13  12 fps  [nvh265dec]
  tile 14  13 fps  [nvh265dec]
  tile 15  10 fps  [nvh265dec]
  tile 16  12 fps  [nvh265dec]
  tile 17  10 fps  [nvh265dec]
  tile 18  11 fps  [nvh265dec]
  tile 19  14 fps  [nvh265dec]
  tile 20  11 fps  [nvh265dec]
  tile 21  11 fps  [nvh265dec]
  tile 22  11 fps  [nvh265dec]
  tile 23  7 fps  [nvh265dec]
  tile 24  9 fps  [nvh265dec]
  composited: rendered=5 dropped=25  cpu=3%  rss=3707MB
--
  tile 0  0 fps  [nvh265dec]
  tile 1  2 fps  [nvh265dec]
  tile 2  1 fps  [nvh265dec]
  tile 3  5 fps  [nvh265dec]
  tile 4  5 fps  [nvh265dec]
  tile 5  14 fps  [nvh265dec]
  tile 6  0 fps  [nvh265dec]
  tile 7  11 fps  [nvh265dec]
  tile 8  9 fps  [nvh265dec]
  tile 9  6 fps  [nvh265dec]
  tile 10  5 fps  [nvh265dec]
  tile 11  0 fps  [nvh265dec]
  tile 12  9 fps  [nvh265dec]
  tile 13  6 fps  [nvh265dec]
  tile 14  9 fps  [nvh265dec]
  tile 15  16 fps  [nvh265dec]
  tile 16  11 fps  [nvh265dec]
  tile 17  0 fps  [nvh265dec]
  tile 18  5 fps  [nvh265dec]
  tile 19  4 fps  [nvh265dec]
  tile 20  5 fps  [nvh265dec]
  tile 21  13 fps  [nvh265dec]
  tile 22  4 fps  [nvh265dec]
  tile 23  7 fps  [nvh265dec]
  tile 24  0 fps  [nvh265dec]
  composited: rendered=5 dropped=25  cpu=1%  rss=3706MB
--
  tile 0  2 fps  [nvh265dec]
  tile 1  9 fps  [nvh265dec]
  tile 2  8 fps  [nvh265dec]
  tile 3  12 fps  [nvh265dec]
  tile 4  11 fps  [nvh265dec]
  tile 5  9 fps  [nvh265dec]
  tile 6  11 fps  [nvh265dec]
  tile 7  6 fps  [nvh265dec]
  tile 8  9 fps  [nvh265dec]
  tile 9  12 fps  [nvh265dec]
  tile 10  8 fps  [nvh265dec]
  tile 11  11 fps  [nvh265dec]
  tile 12  11 fps  [nvh265dec]
  tile 13  12 fps  [nvh265dec]
  tile 14  9 fps  [nvh265dec]
  tile 15  16 fps  [nvh265dec]
  tile 16  9 fps  [nvh265dec]
  tile 17  7 fps  [nvh265dec]
  tile 18  8 fps  [nvh265dec]
  tile 19  10 fps  [nvh265dec]
  tile 20  9 fps  [nvh265dec]
  tile 21  16 fps  [nvh265dec]
  tile 22  11 fps  [nvh265dec]
  tile 23  9 fps  [nvh265dec]
  tile 24  9 fps  [nvh265dec]
  composited: rendered=6 dropped=25  cpu=4%  rss=3920MB
--
  tile 0  4 fps  [nvh265dec]
  tile 1  0 fps  [nvh265dec]
  tile 2  2 fps  [nvh265dec]
  tile 3  10 fps  [nvh265dec]
  tile 4  14 fps  [nvh265dec]
  tile 5  13 fps  [nvh265dec]
  tile 6  4 fps  [nvh265dec]
  tile 7  10 fps  [nvh265dec]
  tile 8  16 fps  [nvh265dec]
  tile 9  14 fps  [nvh265dec]
  tile 10  2 fps  [nvh265dec]
  tile 11  3 fps  [nvh265dec]
  tile 12  11 fps  [nvh265dec]
  tile 13  14 fps  [nvh265dec]
  tile 14  11 fps  [nvh265dec]
  tile 15  22 fps  [nvh265dec]
  tile 16  25 fps  [nvh265dec]
  tile 17  0 fps  [nvh265dec]
  tile 18  5 fps  [nvh265dec]
  tile 19  6 fps  [nvh265dec]
  tile 20  5 fps  [nvh265dec]
  tile 21  25 fps  [nvh265dec]
  tile 22  10 fps  [nvh265dec]
  tile 23  16 fps  [nvh265dec]
  tile 24  5 fps  [nvh265dec]
  composited: rendered=6 dropped=25  cpu=1%  rss=3969MB
--
  tile 0  7 fps  [nvh265dec]
  tile 1  2 fps  [nvh265dec]
  tile 2  5 fps  [nvh265dec]
  tile 3  8 fps  [nvh265dec]
  tile 4  10 fps  [nvh265dec]
  tile 5  4 fps  [nvh265dec]
  tile 6  1 fps  [nvh265dec]
  tile 7  2 fps  [nvh265dec]
  tile 8  5 fps  [nvh265dec]
  tile 9  5 fps  [nvh265dec]
  tile 10  3 fps  [nvh265dec]
  tile 11  4 fps  [nvh265dec]
  tile 12  4 fps  [nvh265dec]
  tile 13  20 fps  [nvh265dec]
  tile 14  3 fps  [nvh265dec]
  tile 15  16 fps  [nvh265dec]
  tile 16  13 fps  [nvh265dec]
  tile 17  2 fps  [nvh265dec]
  tile 18  5 fps  [nvh265dec]
  tile 19  5 fps  [nvh265dec]
  tile 20  2 fps  [nvh265dec]
  tile 21  20 fps  [nvh265dec]
  tile 22  5 fps  [nvh265dec]
  tile 23  12 fps  [nvh265dec]
  tile 24  3 fps  [nvh265dec]
  composited: rendered=7 dropped=25  cpu=3%  rss=3993MB
--
  tile 0  18 fps  [nvh265dec]
  tile 1  0 fps  [nvh265dec]
  tile 2  5 fps  [nvh265dec]
  tile 3  18 fps  [nvh265dec]
  tile 4  13 fps  [nvh265dec]
  tile 5  19 fps  [nvh265dec]
  tile 6  6 fps  [nvh265dec]
  tile 7  4 fps  [nvh265dec]
  tile 8  15 fps  [nvh265dec]
  tile 9  18 fps  [nvh265dec]
  tile 10  9 fps  [nvh265dec]
  tile 11  1 fps  [nvh265dec]
  tile 12  11 fps  [nvh265dec]
  tile 13  20 fps  [nvh265dec]
  tile 14  17 fps  [nvh265dec]
  tile 15  18 fps  [nvh265dec]
  tile 16  20 fps  [nvh265dec]
  tile 17  2 fps  [nvh265dec]
  tile 18  8 fps  [nvh265dec]
  tile 19  9 fps  [nvh265dec]
  tile 20  6 fps  [nvh265dec]
  tile 21  20 fps  [nvh265dec]
  tile 22  15 fps  [nvh265dec]
  tile 23  19 fps  [nvh265dec]
  tile 24  3 fps  [nvh265dec]
  composited: rendered=7 dropped=25  cpu=1%  rss=3994MB
--
  tile 0  9 fps  [nvh265dec]
  tile 1  2 fps  [nvh265dec]
  tile 2  3 fps  [nvh265dec]
  tile 3  10 fps  [nvh265dec]
  tile 4  8 fps  [nvh265dec]
  tile 5  10 fps  [nvh265dec]
  tile 6  4 fps  [nvh265dec]
  tile 7  2 fps  [nvh265dec]
  tile 8  10 fps  [nvh265dec]
  tile 9  14 fps  [nvh265dec]
  tile 10  9 fps  [nvh265dec]
  tile 11  4 fps  [nvh265dec]
  tile 12  4 fps  [nvh265dec]
  tile 13  11 fps  [nvh265dec]
  tile 14  10 fps  [nvh265dec]
  tile 15  10 fps  [nvh265dec]
  tile 16  14 fps  [nvh265dec]
  tile 17  4 fps  [nvh265dec]
  tile 18  2 fps  [nvh265dec]
  tile 19  4 fps  [nvh265dec]
  tile 20  5 fps  [nvh265dec]
  tile 21  10 fps  [nvh265dec]
  tile 22  4 fps  [nvh265dec]
  tile 23  18 fps  [nvh265dec]
  tile 24  4 fps  [nvh265dec]
  composited: rendered=8 dropped=25  cpu=3%  rss=4006MB
--
  tile 0  16 fps  [nvh265dec]
  tile 1  0 fps  [nvh265dec]
  tile 2  13 fps  [nvh265dec]
  tile 3  18 fps  [nvh265dec]
  tile 4  23 fps  [nvh265dec]
  tile 5  17 fps  [nvh265dec]
  tile 6  8 fps  [nvh265dec]
  tile 7  15 fps  [nvh265dec]
  tile 8  18 fps  [nvh265dec]
  tile 9  18 fps  [nvh265dec]
  tile 10  11 fps  [nvh265dec]
  tile 11  0 fps  [nvh265dec]
  tile 12  17 fps  [nvh265dec]
  tile 13  12 fps  [nvh265dec]
  tile 14  18 fps  [nvh265dec]
  tile 15  19 fps  [nvh265dec]
  tile 16  18 fps  [nvh265dec]
  tile 17  9 fps  [nvh265dec]
  tile 18  8 fps  [nvh265dec]
  tile 19  13 fps  [nvh265dec]
  tile 20  13 fps  [nvh265dec]
  tile 21  21 fps  [nvh265dec]
  tile 22  18 fps  [nvh265dec]
  tile 23  16 fps  [nvh265dec]
  tile 24  3 fps  [nvh265dec]
  composited: rendered=8 dropped=25  cpu=1%  rss=4007MB
--
  tile 0  12 fps  [nvh265dec]
  tile 1  2 fps  [nvh265dec]
  tile 2  2 fps  [nvh265dec]
  tile 3  17 fps  [nvh265dec]
  tile 4  14 fps  [nvh265dec]
  tile 5  12 fps  [nvh265dec]
  tile 6  1 fps  [nvh265dec]
  tile 7  10 fps  [nvh265dec]
  tile 8  14 fps  [nvh265dec]
  tile 9  21 fps  [nvh265dec]
  tile 10  4 fps  [nvh265dec]
  tile 11  3 fps  [nvh265dec]
  tile 12  5 fps  [nvh265dec]
  tile 13  15 fps  [nvh265dec]
  tile 14  11 fps  [nvh265dec]
  tile 15  16 fps  [nvh265dec]
  tile 16  18 fps  [nvh265dec]
  tile 17  0 fps  [nvh265dec]
  tile 18  1 fps  [nvh265dec]
  tile 19  0 fps  [nvh265dec]
  tile 20  1 fps  [nvh265dec]
  tile 21  13 fps  [nvh265dec]
  tile 22  7 fps  [nvh265dec]
  tile 23  14 fps  [nvh265dec]
  tile 24  1 fps  [nvh265dec]
  composited: rendered=9 dropped=25  cpu=2%  rss=4007MB
--
  tile 0  16 fps  [nvh265dec]
  tile 1  0 fps  [nvh265dec]
  tile 2  18 fps  [nvh265dec]
  tile 3  19 fps  [nvh265dec]
  tile 4  20 fps  [nvh265dec]
  tile 5  18 fps  [nvh265dec]
  tile 6  6 fps  [nvh265dec]
  tile 7  15 fps  [nvh265dec]
  tile 8  20 fps  [nvh265dec]
  tile 9  15 fps  [nvh265dec]
  tile 10  16 fps  [nvh265dec]
  tile 11  4 fps  [nvh265dec]
  tile 12  13 fps  [nvh265dec]
  tile 13  13 fps  [nvh265dec]
  tile 14  19 fps  [nvh265dec]
  tile 15  20 fps  [nvh265dec]
  tile 16  19 fps  [nvh265dec]
  tile 17  15 fps  [nvh265dec]
  tile 18  16 fps  [nvh265dec]
  tile 19  15 fps  [nvh265dec]
  tile 20  16 fps  [nvh265dec]
  tile 21  18 fps  [nvh265dec]
  tile 22  14 fps  [nvh265dec]
  tile 23  24 fps  [nvh265dec]
  tile 24  9 fps  [nvh265dec]
  composited: rendered=9 dropped=25  cpu=1%  rss=4008MB
--
  tile 0  13 fps  [nvh265dec]
  tile 1  2 fps  [nvh265dec]
  tile 2  11 fps  [nvh265dec]
  tile 3  16 fps  [nvh265dec]
  tile 4  13 fps  [nvh265dec]
  tile 5  14 fps  [nvh265dec]
  tile 6  2 fps  [nvh265dec]
  tile 7  16 fps  [nvh265dec]
  tile 8  16 fps  [nvh265dec]
  tile 9  17 fps  [nvh265dec]
  tile 10  11 fps  [nvh265dec]
  tile 11  4 fps  [nvh265dec]
  tile 12  10 fps  [nvh265dec]
  tile 13  18 fps  [nvh265dec]
  tile 14  15 fps  [nvh265dec]
  tile 15  15 fps  [nvh265dec]
  tile 16  14 fps  [nvh265dec]
  tile 17  17 fps  [nvh265dec]
  tile 18  10 fps  [nvh265dec]
  tile 19  2 fps  [nvh265dec]
  tile 20  11 fps  [nvh265dec]
  tile 21  11 fps  [nvh265dec]
  tile 22  10 fps  [nvh265dec]
  tile 23  13 fps  [nvh265dec]
  tile 24  4 fps  [nvh265dec]
  composited: rendered=10 dropped=25  cpu=2%  rss=4008MB
--
  tile 0  16 fps  [nvh265dec]
  tile 1  1 fps  [nvh265dec]
  tile 2  16 fps  [nvh265dec]
  tile 3  14 fps  [nvh265dec]
  tile 4  15 fps  [nvh265dec]
  tile 5  24 fps  [nvh265dec]
  tile 6  9 fps  [nvh265dec]
  tile 7  13 fps  [nvh265dec]
  tile 8  11 fps  [nvh265dec]
  tile 9  20 fps  [nvh265dec]
  tile 10  21 fps  [nvh265dec]
  tile 11  5 fps  [nvh265dec]
  tile 12  16 fps  [nvh265dec]
  tile 13  16 fps  [nvh265dec]
  tile 14  14 fps  [nvh265dec]
  tile 15  19 fps  [nvh265dec]
  tile 16  16 fps  [nvh265dec]
  tile 17  17 fps  [nvh265dec]
  tile 18  16 fps  [nvh265dec]
  tile 19  12 fps  [nvh265dec]
  tile 20  17 fps  [nvh265dec]
  tile 21  14 fps  [nvh265dec]
  tile 22  14 fps  [nvh265dec]
  tile 23  22 fps  [nvh265dec]
  tile 24  12 fps  [nvh265dec]
  composited: rendered=10 dropped=25  cpu=1%  rss=4009MB
--
  tile 0  13 fps  [nvh265dec]
  tile 1  1 fps  [nvh265dec]
  tile 2  17 fps  [nvh265dec]
  tile 3  18 fps  [nvh265dec]
  tile 4  14 fps  [nvh265dec]
  tile 5  19 fps  [nvh265dec]
  tile 6  1 fps  [nvh265dec]
  tile 7  22 fps  [nvh265dec]
  tile 8  12 fps  [nvh265dec]
  tile 9  22 fps  [nvh265dec]
  tile 10  13 fps  [nvh265dec]
  tile 11  2 fps  [nvh265dec]
  tile 12  12 fps  [nvh265dec]
  tile 13  19 fps  [nvh265dec]
  tile 14  12 fps  [nvh265dec]
  tile 15  14 fps  [nvh265dec]
  tile 16  13 fps  [nvh265dec]
  tile 17  15 fps  [nvh265dec]
  tile 18  16 fps  [nvh265dec]
  tile 19  1 fps  [nvh265dec]
  tile 20  15 fps  [nvh265dec]
  tile 21  11 fps  [nvh265dec]
  tile 22  15 fps  [nvh265dec]
  tile 23  19 fps  [nvh265dec]
  tile 24  7 fps  [nvh265dec]
  composited: rendered=11 dropped=25  cpu=1%  rss=4010MB
--
  tile 0  19 fps  [nvh265dec]
  tile 1  0 fps  [nvh265dec]
  tile 2  18 fps  [nvh265dec]
  tile 3  18 fps  [nvh265dec]
  tile 4  12 fps  [nvh265dec]
  tile 5  16 fps  [nvh265dec]
  tile 6  14 fps  [nvh265dec]
  tile 7  11 fps  [nvh265dec]
  tile 8  14 fps  [nvh265dec]
  tile 9  17 fps  [nvh265dec]
  tile 10  13 fps  [nvh265dec]
  tile 11  10 fps  [nvh265dec]
  tile 12  19 fps  [nvh265dec]
  tile 13  19 fps  [nvh265dec]
  tile 14  17 fps  [nvh265dec]
  tile 15  20 fps  [nvh265dec]
  tile 16  16 fps  [nvh265dec]
  tile 17  16 fps  [nvh265dec]
  tile 18  16 fps  [nvh265dec]
  tile 19  13 fps  [nvh265dec]
  tile 20  10 fps  [nvh265dec]
  tile 21  16 fps  [nvh265dec]
  tile 22  24 fps  [nvh265dec]
  tile 23  20 fps  [nvh265dec]
  tile 24  14 fps  [nvh265dec]
  composited: rendered=11 dropped=25  cpu=0%  rss=4011MB
--
  tile 0  16 fps  [nvh265dec]
  tile 1  2 fps  [nvh265dec]
  tile 2  10 fps  [nvh265dec]
  tile 3  20 fps  [nvh265dec]
  tile 4  13 fps  [nvh265dec]
  tile 5  12 fps  [nvh265dec]
  tile 6  1 fps  [nvh265dec]
  tile 7  18 fps  [nvh265dec]
  tile 8  16 fps  [nvh265dec]
  tile 9  13 fps  [nvh265dec]
  tile 10  14 fps  [nvh265dec]
  tile 11  3 fps  [nvh265dec]
  tile 12  10 fps  [nvh265dec]
  tile 13  25 fps  [nvh265dec]
  tile 14  15 fps  [nvh265dec]
  tile 15  15 fps  [nvh265dec]
  tile 16  10 fps  [nvh265dec]
  tile 17  14 fps  [nvh265dec]
  tile 18  13 fps  [nvh265dec]
  tile 19  13 fps  [nvh265dec]
  tile 20  14 fps  [nvh265dec]
  tile 21  19 fps  [nvh265dec]
  tile 22  22 fps  [nvh265dec]
  tile 23  18 fps  [nvh265dec]
  tile 24  6 fps  [nvh265dec]
  composited: rendered=12 dropped=25  cpu=2%  rss=4011MB
--
  tile 0  17 fps  [nvh265dec]
  tile 1  1 fps  [nvh265dec]
  tile 2  14 fps  [nvh265dec]
  tile 3  13 fps  [nvh265dec]
  tile 4  17 fps  [nvh265dec]
  tile 5  21 fps  [nvh265dec]
  tile 6  10 fps  [nvh265dec]
  tile 7  11 fps  [nvh265dec]
  tile 8  18 fps  [nvh265dec]
  tile 9  21 fps  [nvh265dec]
  tile 10  15 fps  [nvh265dec]
  tile 11  13 fps  [nvh265dec]
  tile 12  13 fps  [nvh265dec]
  tile 13  14 fps  [nvh265dec]
  tile 14  16 fps  [nvh265dec]
  tile 15  18 fps  [nvh265dec]
  tile 16  24 fps  [nvh265dec]
  tile 17  15 fps  [nvh265dec]
  tile 18  13 fps  [nvh265dec]
  tile 19  15 fps  [nvh265dec]
  tile 20  17 fps  [nvh265dec]
  tile 21  14 fps  [nvh265dec]
  tile 22  16 fps  [nvh265dec]
  tile 23  17 fps  [nvh265dec]
  tile 24  12 fps  [nvh265dec]
  composited: rendered=12 dropped=25  cpu=1%  rss=4012MB
--
  tile 0  22 fps  [nvh265dec]
  tile 1  1 fps  [nvh265dec]
  tile 2  14 fps  [nvh265dec]
  tile 3  17 fps  [nvh265dec]
  tile 4  14 fps  [nvh265dec]
  tile 5  16 fps  [nvh265dec]
  tile 6  0 fps  [nvh265dec]
  tile 7  15 fps  [nvh265dec]
  tile 8  15 fps  [nvh265dec]
  tile 9  19 fps  [nvh265dec]
  tile 10  16 fps  [nvh265dec]
  tile 11  0 fps  [nvh265dec]
  tile 12  13 fps  [nvh265dec]
  tile 13  23 fps  [nvh265dec]
  tile 14  17 fps  [nvh265dec]
  tile 15  20 fps  [nvh265dec]
  tile 16  15 fps  [nvh265dec]
  tile 17  13 fps  [nvh265dec]
  tile 18  13 fps  [nvh265dec]
  tile 19  13 fps  [nvh265dec]
  tile 20  16 fps  [nvh265dec]
  tile 21  15 fps  [nvh265dec]
  tile 22  16 fps  [nvh265dec]
  tile 23  19 fps  [nvh265dec]
  tile 24  10 fps  [nvh265dec]
  composited: rendered=13 dropped=25  cpu=1%  rss=4012MB
-- time limit reached --
SUMMARY: tiles=25 composited rendered=13 dropped=25
SUMMARY(test-pattern): codec=h265 src=1920x1080 tiles=25 aggregate decode fps=305  (~12 sustainable 25fps streams)
