grid: 16 tiles in 4x4 (400x225 each) on a 1600x900 surface
encoding h264 test clip (1920x1080, 575 frames) -> C:\Users\zubair\AppData\Local\Temp/vms_grid_pattern.h264 ...
encoded with x264enc; fanning out 16 decode-only branch(es). Sink sync is OFF, so per-tile fps is
max decode throughput; sum(fps)/25 ~= sustainable 25 fps streams.
connecting to 16 source(s) (credentials not shown)...
--
  tile 0  104 fps  [avdec_h264]
  tile 1  101 fps  [avdec_h264]
  tile 2  80 fps  [avdec_h264]
  tile 3  108 fps  [avdec_h264]
  tile 4  0 fps  [(pending)]
  tile 5  33 fps  [avdec_h264]
  tile 6  0 fps  [(pending)]
  tile 7  48 fps  [avdec_h264]
  tile 8  44 fps  [avdec_h264]
  tile 9  57 fps  [avdec_h264]
  tile 10  0 fps  [(pending)]
  tile 11  76 fps  [avdec_h264]
  tile 12  1 fps  [avdec_h264]
  tile 13  57 fps  [avdec_h264]
  tile 14  27 fps  [avdec_h264]
  tile 15  17 fps  [avdec_h264]
  composited: rendered=0 dropped=0  rss=3191MB
first composited frame after 1.86178e+08 ms
--
  tile 0  44 fps  [avdec_h264]
  tile 1  41 fps  [avdec_h264]
  tile 2  41 fps  [avdec_h264]
  tile 3  36 fps  [avdec_h264]
  tile 4  29 fps  [avdec_h264]
  tile 5  48 fps  [avdec_h264]
  tile 6  6 fps  [avdec_h264]
  tile 7  38 fps  [avdec_h264]
  tile 8  40 fps  [avdec_h264]
  tile 9  44 fps  [avdec_h264]
  tile 10  18 fps  [avdec_h264]
  tile 11  48 fps  [avdec_h264]
  tile 12  38 fps  [avdec_h264]
  tile 13  42 fps  [avdec_h264]
  tile 14  51 fps  [avdec_h264]
  tile 15  51 fps  [avdec_h264]
  composited: rendered=1 dropped=0  cpu=88%  rss=3801MB
--
  tile 0  40 fps  [avdec_h264]
  tile 1  46 fps  [avdec_h264]
  tile 2  52 fps  [avdec_h264]
  tile 3  40 fps  [avdec_h264]
  tile 4  44 fps  [avdec_h264]
  tile 5  47 fps  [avdec_h264]
  tile 6  38 fps  [avdec_h264]
  tile 7  37 fps  [avdec_h264]
  tile 8  47 fps  [avdec_h264]
  tile 9  39 fps  [avdec_h264]
  tile 10  38 fps  [avdec_h264]
  tile 11  45 fps  [avdec_h264]
  tile 12  42 fps  [avdec_h264]
  tile 13  42 fps  [avdec_h264]
  tile 14  37 fps  [avdec_h264]
  tile 15  44 fps  [avdec_h264]
  composited: rendered=1 dropped=0  cpu=91%  rss=4000MB
--
  tile 0  38 fps  [avdec_h264]
  tile 1  41 fps  [avdec_h264]
  tile 2  31 fps  [avdec_h264]
  tile 3  36 fps  [avdec_h264]
  tile 4  36 fps  [avdec_h264]
  tile 5  48 fps  [avdec_h264]
  tile 6  46 fps  [avdec_h264]
  tile 7  42 fps  [avdec_h264]
  tile 8  38 fps  [avdec_h264]
  tile 9  40 fps  [avdec_h264]
  tile 10  40 fps  [avdec_h264]
  tile 11  41 fps  [avdec_h264]
  tile 12  40 fps  [avdec_h264]
  tile 13  42 fps  [avdec_h264]
  tile 14  42 fps  [avdec_h264]
  tile 15  49 fps  [avdec_h264]
  composited: rendered=10 dropped=4  cpu=80%  rss=4055MB
--
  tile 0  39 fps  [avdec_h264]
  tile 1  38 fps  [avdec_h264]
  tile 2  36 fps  [avdec_h264]
  tile 3  41 fps  [avdec_h264]
  tile 4  45 fps  [avdec_h264]
  tile 5  36 fps  [avdec_h264]
  tile 6  44 fps  [avdec_h264]
  tile 7  55 fps  [avdec_h264]
  tile 8  51 fps  [avdec_h264]
  tile 9  40 fps  [avdec_h264]
  tile 10  31 fps  [avdec_h264]
  tile 11  36 fps  [avdec_h264]
  tile 12  52 fps  [avdec_h264]
  tile 13  48 fps  [avdec_h264]
  tile 14  41 fps  [avdec_h264]
  tile 15  33 fps  [avdec_h264]
  composited: rendered=20 dropped=10  cpu=85%  rss=4062MB
--
  tile 0  41 fps  [avdec_h264]
  tile 1  51 fps  [avdec_h264]
  tile 2  50 fps  [avdec_h264]
  tile 3  38 fps  [avdec_h264]
  tile 4  43 fps  [avdec_h264]
  tile 5  42 fps  [avdec_h264]
  tile 6  34 fps  [avdec_h264]
  tile 7  39 fps  [avdec_h264]
  tile 8  46 fps  [avdec_h264]
  tile 9  44 fps  [avdec_h264]
  tile 10  41 fps  [avdec_h264]
  tile 11  42 fps  [avdec_h264]
  tile 12  34 fps  [avdec_h264]
  tile 13  46 fps  [avdec_h264]
  tile 14  44 fps  [avdec_h264]
  tile 15  39 fps  [avdec_h264]
  composited: rendered=35 dropped=11  cpu=84%  rss=4068MB
--
  tile 0  39 fps  [avdec_h264]
  tile 1  36 fps  [avdec_h264]
  tile 2  38 fps  [avdec_h264]
  tile 3  44 fps  [avdec_h264]
  tile 4  46 fps  [avdec_h264]
  tile 5  51 fps  [avdec_h264]
  tile 6  47 fps  [avdec_h264]
  tile 7  42 fps  [avdec_h264]
  tile 8  51 fps  [avdec_h264]
  tile 9  47 fps  [avdec_h264]
  tile 10  38 fps  [avdec_h264]
  tile 11  46 fps  [avdec_h264]
  tile 12  47 fps  [avdec_h264]
  tile 13  45 fps  [avdec_h264]
  tile 14  50 fps  [avdec_h264]
  tile 15  31 fps  [avdec_h264]
  composited: rendered=48 dropped=14  cpu=80%  rss=4075MB
--
  tile 0  31 fps  [avdec_h264]
  tile 1  35 fps  [avdec_h264]
  tile 2  45 fps  [avdec_h264]
  tile 3  37 fps  [avdec_h264]
  tile 4  35 fps  [avdec_h264]
  tile 5  39 fps  [avdec_h264]
  tile 6  40 fps  [avdec_h264]
  tile 7  36 fps  [avdec_h264]
  tile 8  30 fps  [avdec_h264]
  tile 9  37 fps  [avdec_h264]
  tile 10  45 fps  [avdec_h264]
  tile 11  45 fps  [avdec_h264]
  tile 12  38 fps  [avdec_h264]
  tile 13  37 fps  [avdec_h264]
  tile 14  32 fps  [avdec_h264]
  tile 15  33 fps  [avdec_h264]
  composited: rendered=59 dropped=19  cpu=82%  rss=4084MB
--
  tile 0  52 fps  [avdec_h264]
  tile 1  35 fps  [avdec_h264]
  tile 2  38 fps  [avdec_h264]
  tile 3  32 fps  [avdec_h264]
  tile 4  33 fps  [avdec_h264]
  tile 5  44 fps  [avdec_h264]
  tile 6  43 fps  [avdec_h264]
  tile 7  38 fps  [avdec_h264]
  tile 8  58 fps  [avdec_h264]
  tile 9  33 fps  [avdec_h264]
  tile 10  34 fps  [avdec_h264]
  tile 11  39 fps  [avdec_h264]
  tile 12  41 fps  [avdec_h264]
  tile 13  47 fps  [avdec_h264]
  tile 14  41 fps  [avdec_h264]
  tile 15  51 fps  [avdec_h264]
  composited: rendered=72 dropped=24  cpu=84%  rss=4096MB
--
  tile 0  54 fps  [avdec_h264]
  tile 1  40 fps  [avdec_h264]
  tile 2  41 fps  [avdec_h264]
  tile 3  38 fps  [avdec_h264]
  tile 4  41 fps  [avdec_h264]
  tile 5  40 fps  [avdec_h264]
  tile 6  37 fps  [avdec_h264]
  tile 7  28 fps  [avdec_h264]
  tile 8  42 fps  [avdec_h264]
  tile 9  42 fps  [avdec_h264]
  tile 10  41 fps  [avdec_h264]
  tile 11  36 fps  [avdec_h264]
  tile 12  46 fps  [avdec_h264]
  tile 13  46 fps  [avdec_h264]
  tile 14  46 fps  [avdec_h264]
  tile 15  42 fps  [avdec_h264]
  composited: rendered=84 dropped=27  cpu=80%  rss=4108MB
--
  tile 0  44 fps  [avdec_h264]
  tile 1  46 fps  [avdec_h264]
  tile 2  38 fps  [avdec_h264]
  tile 3  52 fps  [avdec_h264]
  tile 4  38 fps  [avdec_h264]
  tile 5  45 fps  [avdec_h264]
  tile 6  45 fps  [avdec_h264]
  tile 7  40 fps  [avdec_h264]
  tile 8  43 fps  [avdec_h264]
  tile 9  42 fps  [avdec_h264]
  tile 10  34 fps  [avdec_h264]
  tile 11  41 fps  [avdec_h264]
  tile 12  43 fps  [avdec_h264]
  tile 13  36 fps  [avdec_h264]
  tile 14  41 fps  [avdec_h264]
  tile 15  40 fps  [avdec_h264]
  composited: rendered=95 dropped=31  cpu=82%  rss=4108MB
--
  tile 0  32 fps  [avdec_h264]
  tile 1  37 fps  [avdec_h264]
  tile 2  38 fps  [avdec_h264]
  tile 3  31 fps  [avdec_h264]
  tile 4  48 fps  [avdec_h264]
  tile 5  37 fps  [avdec_h264]
  tile 6  38 fps  [avdec_h264]
  tile 7  43 fps  [avdec_h264]
  tile 8  46 fps  [avdec_h264]
  tile 9  41 fps  [avdec_h264]
  tile 10  36 fps  [avdec_h264]
  tile 11  51 fps  [avdec_h264]
  tile 12  41 fps  [avdec_h264]
  tile 13  39 fps  [avdec_h264]
  tile 14  53 fps  [avdec_h264]
  tile 15  39 fps  [avdec_h264]
  composited: rendered=108 dropped=34  cpu=86%  rss=4116MB
--
  tile 0  35 fps  [avdec_h264]
  tile 1  34 fps  [avdec_h264]
  tile 2  43 fps  [avdec_h264]
  tile 3  25 fps  [avdec_h264]
  tile 4  41 fps  [avdec_h264]
  tile 5  47 fps  [avdec_h264]
  tile 6  32 fps  [avdec_h264]
  tile 7  44 fps  [avdec_h264]
  tile 8  41 fps  [avdec_h264]
  tile 9  51 fps  [avdec_h264]
  tile 10  44 fps  [avdec_h264]
  tile 11  34 fps  [avdec_h264]
  tile 12  52 fps  [avdec_h264]
  tile 13  36 fps  [avdec_h264]
  tile 14  47 fps  [avdec_h264]
  tile 15  43 fps  [avdec_h264]
  composited: rendered=123 dropped=36  cpu=83%  rss=4125MB
--
  tile 0  46 fps  [avdec_h264]
  tile 1  52 fps  [avdec_h264]
  tile 2  36 fps  [avdec_h264]
  tile 3  45 fps  [avdec_h264]
  tile 4  46 fps  [avdec_h264]
  tile 5  44 fps  [avdec_h264]
  tile 6  40 fps  [avdec_h264]
  tile 7  29 fps  [avdec_h264]
  tile 8  46 fps  [avdec_h264]
  tile 9  35 fps  [avdec_h264]
  tile 10  31 fps  [avdec_h264]
  tile 11  54 fps  [avdec_h264]
  tile 12  40 fps  [avdec_h264]
  tile 13  41 fps  [avdec_h264]
  tile 14  27 fps  [avdec_h264]
  tile 15  41 fps  [avdec_h264]
  composited: rendered=134 dropped=40  cpu=85%  rss=4130MB
--
  tile 0  47 fps  [avdec_h264]
  tile 1  34 fps  [avdec_h264]
  tile 2  36 fps  [avdec_h264]
  tile 3  42 fps  [avdec_h264]
  tile 4  45 fps  [avdec_h264]
  tile 5  46 fps  [avdec_h264]
  tile 6  41 fps  [avdec_h264]
  tile 7  44 fps  [avdec_h264]
  tile 8  52 fps  [avdec_h264]
  tile 9  34 fps  [avdec_h264]
  tile 10  44 fps  [avdec_h264]
  tile 11  43 fps  [avdec_h264]
  tile 12  41 fps  [avdec_h264]
  tile 13  48 fps  [avdec_h264]
  tile 14  42 fps  [avdec_h264]
  tile 15  30 fps  [avdec_h264]
  composited: rendered=147 dropped=53  cpu=88%  rss=4138MB
--
  tile 0  36 fps  [avdec_h264]
  tile 1  34 fps  [avdec_h264]
  tile 2  33 fps  [avdec_h264]
  tile 3  38 fps  [avdec_h264]
  tile 4  44 fps  [avdec_h264]
  tile 5  42 fps  [avdec_h264]
  tile 6  37 fps  [avdec_h264]
  tile 7  50 fps  [avdec_h264]
  tile 8  51 fps  [avdec_h264]
  tile 9  33 fps  [avdec_h264]
  tile 10  29 fps  [avdec_h264]
  tile 11  47 fps  [avdec_h264]
  tile 12  38 fps  [avdec_h264]
  tile 13  47 fps  [avdec_h264]
  tile 14  40 fps  [avdec_h264]
  tile 15  37 fps  [avdec_h264]
  composited: rendered=168 dropped=53  cpu=83%  rss=4145MB
--
  tile 0  45 fps  [avdec_h264]
  tile 1  33 fps  [avdec_h264]
  tile 2  42 fps  [avdec_h264]
  tile 3  40 fps  [avdec_h264]
  tile 4  39 fps  [avdec_h264]
  tile 5  45 fps  [avdec_h264]
  tile 6  45 fps  [avdec_h264]
  tile 7  41 fps  [avdec_h264]
  tile 8  40 fps  [avdec_h264]
  tile 9  32 fps  [avdec_h264]
  tile 10  37 fps  [avdec_h264]
  tile 11  43 fps  [avdec_h264]
  tile 12  52 fps  [avdec_h264]
  tile 13  34 fps  [avdec_h264]
  tile 14  47 fps  [avdec_h264]
  tile 15  50 fps  [avdec_h264]
  composited: rendered=180 dropped=58  cpu=86%  rss=4145MB
--
  tile 0  34 fps  [avdec_h264]
  tile 1  32 fps  [avdec_h264]
  tile 2  45 fps  [avdec_h264]
  tile 3  43 fps  [avdec_h264]
  tile 4  40 fps  [avdec_h264]
  tile 5  43 fps  [avdec_h264]
  tile 6  42 fps  [avdec_h264]
  tile 7  43 fps  [avdec_h264]
  tile 8  45 fps  [avdec_h264]
  tile 9  41 fps  [avdec_h264]
  tile 10  41 fps  [avdec_h264]
  tile 11  45 fps  [avdec_h264]
  tile 12  45 fps  [avdec_h264]
  tile 13  39 fps  [avdec_h264]
  tile 14  45 fps  [avdec_h264]
  tile 15  45 fps  [avdec_h264]
  composited: rendered=195 dropped=61  cpu=85%  rss=4146MB
--
  tile 0  38 fps  [avdec_h264]
  tile 1  42 fps  [avdec_h264]
  tile 2  35 fps  [avdec_h264]
  tile 3  45 fps  [avdec_h264]
  tile 4  36 fps  [avdec_h264]
  tile 5  37 fps  [avdec_h264]
  tile 6  43 fps  [avdec_h264]
  tile 7  52 fps  [avdec_h264]
  tile 8  40 fps  [avdec_h264]
  tile 9  35 fps  [avdec_h264]
  tile 10  43 fps  [avdec_h264]
  tile 11  50 fps  [avdec_h264]
  tile 12  30 fps  [avdec_h264]
  tile 13  39 fps  [avdec_h264]
  tile 14  43 fps  [avdec_h264]
  tile 15  40 fps  [avdec_h264]
  composited: rendered=209 dropped=63  cpu=85%  rss=4146MB
--
  tile 0  40 fps  [avdec_h264]
  tile 1  44 fps  [avdec_h264]
  tile 2  47 fps  [avdec_h264]
  tile 3  41 fps  [avdec_h264]
  tile 4  35 fps  [avdec_h264]
  tile 5  41 fps  [avdec_h264]
  tile 6  50 fps  [avdec_h264]
  tile 7  41 fps  [avdec_h264]
  tile 8  35 fps  [avdec_h264]
  tile 9  37 fps  [avdec_h264]
  tile 10  41 fps  [avdec_h264]
  tile 11  38 fps  [avdec_h264]
  tile 12  44 fps  [avdec_h264]
  tile 13  46 fps  [avdec_h264]
  tile 14  39 fps  [avdec_h264]
  tile 15  35 fps  [avdec_h264]
  composited: rendered=226 dropped=64  cpu=81%  rss=4146MB
-- time limit reached --
SUMMARY: tiles=16 composited rendered=226 dropped=64
SUMMARY(test-pattern): codec=h264 src=1920x1080 tiles=16 aggregate decode fps=790  (~32 sustainable 25fps streams)
