grid: 12 tiles in 4x3 (400x300 each) on a 1600x900 surface
encoding h264 test clip (1920x1080, 575 frames) -> C:\Users\zubair\AppData\Local\Temp/vms_grid_pattern.h264 ...
encoded with x264enc; fanning out 12 decode-only branch(es). Sink sync is OFF, so per-tile fps is
max decode throughput; sum(fps)/25 ~= sustainable 25 fps streams.
connecting to 12 source(s) (credentials not shown)...
--
  tile 0  70 fps  [avdec_h264]
  tile 1  8 fps  [avdec_h264]
  tile 2  50 fps  [avdec_h264]
  tile 3  81 fps  [avdec_h264]
  tile 4  107 fps  [avdec_h264]
  tile 5  113 fps  [avdec_h264]
  tile 6  80 fps  [avdec_h264]
  tile 7  106 fps  [avdec_h264]
  tile 8  58 fps  [avdec_h264]
  tile 9  91 fps  [avdec_h264]
  tile 10  17 fps  [avdec_h264]
  tile 11  105 fps  [avdec_h264]
  composited: rendered=0 dropped=0  rss=2874MB
first composited frame after 1.8615e+08 ms
--
  tile 0  57 fps  [avdec_h264]
  tile 1  48 fps  [avdec_h264]
  tile 2  46 fps  [avdec_h264]
  tile 3  49 fps  [avdec_h264]
  tile 4  48 fps  [avdec_h264]
  tile 5  57 fps  [avdec_h264]
  tile 6  65 fps  [avdec_h264]
  tile 7  62 fps  [avdec_h264]
  tile 8  54 fps  [avdec_h264]
  tile 9  48 fps  [avdec_h264]
  tile 10  48 fps  [avdec_h264]
  tile 11  53 fps  [avdec_h264]
  composited: rendered=1 dropped=0  cpu=84%  rss=3043MB
--
  tile 0  59 fps  [avdec_h264]
  tile 1  50 fps  [avdec_h264]
  tile 2  45 fps  [avdec_h264]
  tile 3  42 fps  [avdec_h264]
  tile 4  74 fps  [avdec_h264]
  tile 5  53 fps  [avdec_h264]
  tile 6  59 fps  [avdec_h264]
  tile 7  51 fps  [avdec_h264]
  tile 8  53 fps  [avdec_h264]
  tile 9  47 fps  [avdec_h264]
  tile 10  41 fps  [avdec_h264]
  tile 11  53 fps  [avdec_h264]
  composited: rendered=15 dropped=0  cpu=82%  rss=3059MB
--
  tile 0  46 fps  [avdec_h264]
  tile 1  54 fps  [avdec_h264]
  tile 2  54 fps  [avdec_h264]
  tile 3  48 fps  [avdec_h264]
  tile 4  61 fps  [avdec_h264]
  tile 5  66 fps  [avdec_h264]
  tile 6  68 fps  [avdec_h264]
  tile 7  54 fps  [avdec_h264]
  tile 8  58 fps  [avdec_h264]
  tile 9  42 fps  [avdec_h264]
  tile 10  49 fps  [avdec_h264]
  tile 11  74 fps  [avdec_h264]
  composited: rendered=30 dropped=1  cpu=85%  rss=3060MB
--
  tile 0  71 fps  [avdec_h264]
  tile 1  56 fps  [avdec_h264]
  tile 2  48 fps  [avdec_h264]
  tile 3  50 fps  [avdec_h264]
  tile 4  66 fps  [avdec_h264]
  tile 5  50 fps  [avdec_h264]
  tile 6  68 fps  [avdec_h264]
  tile 7  58 fps  [avdec_h264]
  tile 8  60 fps  [avdec_h264]
  tile 9  49 fps  [avdec_h264]
  tile 10  58 fps  [avdec_h264]
  tile 11  50 fps  [avdec_h264]
  composited: rendered=46 dropped=2  cpu=89%  rss=3067MB
--
  tile 0  60 fps  [avdec_h264]
  tile 1  48 fps  [avdec_h264]
  tile 2  56 fps  [avdec_h264]
  tile 3  68 fps  [avdec_h264]
  tile 4  54 fps  [avdec_h264]
  tile 5  46 fps  [avdec_h264]
  tile 6  61 fps  [avdec_h264]
  tile 7  63 fps  [avdec_h264]
  tile 8  58 fps  [avdec_h264]
  tile 9  46 fps  [avdec_h264]
  tile 10  53 fps  [avdec_h264]
  tile 11  74 fps  [avdec_h264]
  composited: rendered=63 dropped=3  cpu=86%  rss=3067MB
--
  tile 0  65 fps  [avdec_h264]
  tile 1  38 fps  [avdec_h264]
  tile 2  49 fps  [avdec_h264]
  tile 3  54 fps  [avdec_h264]
  tile 4  53 fps  [avdec_h264]
  tile 5  66 fps  [avdec_h264]
  tile 6  61 fps  [avdec_h264]
  tile 7  46 fps  [avdec_h264]
  tile 8  45 fps  [avdec_h264]
  tile 9  47 fps  [avdec_h264]
  tile 10  50 fps  [avdec_h264]
  tile 11  54 fps  [avdec_h264]
  composited: rendered=79 dropped=3  cpu=84%  rss=3080MB
--
  tile 0  47 fps  [avdec_h264]
  tile 1  53 fps  [avdec_h264]
  tile 2  52 fps  [avdec_h264]
  tile 3  56 fps  [avdec_h264]
  tile 4  55 fps  [avdec_h264]
  tile 5  58 fps  [avdec_h264]
  tile 6  54 fps  [avdec_h264]
  tile 7  49 fps  [avdec_h264]
  tile 8  52 fps  [avdec_h264]
  tile 9  50 fps  [avdec_h264]
  tile 10  52 fps  [avdec_h264]
  tile 11  68 fps  [avdec_h264]
  composited: rendered=96 dropped=4  cpu=79%  rss=3080MB
--
  tile 0  61 fps  [avdec_h264]
  tile 1  57 fps  [avdec_h264]
  tile 2  52 fps  [avdec_h264]
  tile 3  67 fps  [avdec_h264]
  tile 4  65 fps  [avdec_h264]
  tile 5  61 fps  [avdec_h264]
  tile 6  53 fps  [avdec_h264]
  tile 7  50 fps  [avdec_h264]
  tile 8  66 fps  [avdec_h264]
  tile 9  70 fps  [avdec_h264]
  tile 10  60 fps  [avdec_h264]
  tile 11  56 fps  [avdec_h264]
  composited: rendered=115 dropped=4  cpu=90%  rss=3082MB
--
  tile 0  53 fps  [avdec_h264]
  tile 1  44 fps  [avdec_h264]
  tile 2  42 fps  [avdec_h264]
  tile 3  53 fps  [avdec_h264]
  tile 4  57 fps  [avdec_h264]
  tile 5  59 fps  [avdec_h264]
  tile 6  48 fps  [avdec_h264]
  tile 7  59 fps  [avdec_h264]
  tile 8  48 fps  [avdec_h264]
  tile 9  52 fps  [avdec_h264]
  tile 10  48 fps  [avdec_h264]
  tile 11  64 fps  [avdec_h264]
  composited: rendered=131 dropped=4  cpu=86%  rss=3083MB
--
  tile 0  58 fps  [avdec_h264]
  tile 1  53 fps  [avdec_h264]
  tile 2  62 fps  [avdec_h264]
  tile 3  51 fps  [avdec_h264]
  tile 4  56 fps  [avdec_h264]
  tile 5  62 fps  [avdec_h264]
  tile 6  49 fps  [avdec_h264]
  tile 7  54 fps  [avdec_h264]
  tile 8  60 fps  [avdec_h264]
  tile 9  60 fps  [avdec_h264]
  tile 10  61 fps  [avdec_h264]
  tile 11  57 fps  [avdec_h264]
  composited: rendered=149 dropped=4  cpu=87%  rss=3085MB
--
  tile 0  52 fps  [avdec_h264]
  tile 1  48 fps  [avdec_h264]
  tile 2  45 fps  [avdec_h264]
  tile 3  52 fps  [avdec_h264]
  tile 4  60 fps  [avdec_h264]
  tile 5  65 fps  [avdec_h264]
  tile 6  66 fps  [avdec_h264]
  tile 7  47 fps  [avdec_h264]
  tile 8  55 fps  [avdec_h264]
  tile 9  52 fps  [avdec_h264]
  tile 10  39 fps  [avdec_h264]
  tile 11  64 fps  [avdec_h264]
  composited: rendered=165 dropped=7  cpu=88%  rss=3096MB
--
  tile 0  56 fps  [avdec_h264]
  tile 1  33 fps  [avdec_h264]
  tile 2  55 fps  [avdec_h264]
  tile 3  55 fps  [avdec_h264]
  tile 4  66 fps  [avdec_h264]
  tile 5  51 fps  [avdec_h264]
  tile 6  59 fps  [avdec_h264]
  tile 7  59 fps  [avdec_h264]
  tile 8  69 fps  [avdec_h264]
  tile 9  55 fps  [avdec_h264]
  tile 10  70 fps  [avdec_h264]
  tile 11  52 fps  [avdec_h264]
  composited: rendered=182 dropped=8  cpu=86%  rss=3087MB
--
  tile 0  52 fps  [avdec_h264]
  tile 1  57 fps  [avdec_h264]
  tile 2  49 fps  [avdec_h264]
  tile 3  56 fps  [avdec_h264]
  tile 4  73 fps  [avdec_h264]
  tile 5  57 fps  [avdec_h264]
  tile 6  73 fps  [avdec_h264]
  tile 7  50 fps  [avdec_h264]
  tile 8  61 fps  [avdec_h264]
  tile 9  52 fps  [avdec_h264]
  tile 10  41 fps  [avdec_h264]
  tile 11  47 fps  [avdec_h264]
  composited: rendered=198 dropped=10  cpu=89%  rss=3087MB
--
  tile 0  48 fps  [avdec_h264]
  tile 1  51 fps  [avdec_h264]
  tile 2  55 fps  [avdec_h264]
  tile 3  56 fps  [avdec_h264]
  tile 4  62 fps  [avdec_h264]
  tile 5  70 fps  [avdec_h264]
  tile 6  72 fps  [avdec_h264]
  tile 7  56 fps  [avdec_h264]
  tile 8  55 fps  [avdec_h264]
  tile 9  48 fps  [avdec_h264]
  tile 10  51 fps  [avdec_h264]
  tile 11  59 fps  [avdec_h264]
  composited: rendered=211 dropped=11  cpu=91%  rss=3087MB
--
  tile 0  64 fps  [avdec_h264]
  tile 1  53 fps  [avdec_h264]
  tile 2  47 fps  [avdec_h264]
  tile 3  56 fps  [avdec_h264]
  tile 4  60 fps  [avdec_h264]
  tile 5  62 fps  [avdec_h264]
  tile 6  59 fps  [avdec_h264]
  tile 7  69 fps  [avdec_h264]
  tile 8  50 fps  [avdec_h264]
  tile 9  56 fps  [avdec_h264]
  tile 10  45 fps  [avdec_h264]
  tile 11  49 fps  [avdec_h264]
  composited: rendered=226 dropped=12  cpu=86%  rss=3087MB
--
  tile 0  58 fps  [avdec_h264]
  tile 1  52 fps  [avdec_h264]
  tile 2  51 fps  [avdec_h264]
  tile 3  53 fps  [avdec_h264]
  tile 4  52 fps  [avdec_h264]
  tile 5  65 fps  [avdec_h264]
  tile 6  53 fps  [avdec_h264]
  tile 7  65 fps  [avdec_h264]
  tile 8  54 fps  [avdec_h264]
  tile 9  49 fps  [avdec_h264]
  tile 10  58 fps  [avdec_h264]
  tile 11  64 fps  [avdec_h264]
  composited: rendered=242 dropped=12  cpu=88%  rss=3087MB
--
  tile 0  55 fps  [avdec_h264]
  tile 1  52 fps  [avdec_h264]
  tile 2  56 fps  [avdec_h264]
  tile 3  53 fps  [avdec_h264]
  tile 4  65 fps  [avdec_h264]
  tile 5  71 fps  [avdec_h264]
  tile 6  57 fps  [avdec_h264]
  tile 7  59 fps  [avdec_h264]
  tile 8  60 fps  [avdec_h264]
  tile 9  48 fps  [avdec_h264]
  tile 10  59 fps  [avdec_h264]
  tile 11  64 fps  [avdec_h264]
  composited: rendered=258 dropped=14  cpu=90%  rss=3088MB
--
  tile 0  54 fps  [avdec_h264]
  tile 1  50 fps  [avdec_h264]
  tile 2  49 fps  [avdec_h264]
  tile 3  67 fps  [avdec_h264]
  tile 4  61 fps  [avdec_h264]
  tile 5  67 fps  [avdec_h264]
  tile 6  68 fps  [avdec_h264]
  tile 7  58 fps  [avdec_h264]
  tile 8  48 fps  [avdec_h264]
  tile 9  48 fps  [avdec_h264]
  tile 10  52 fps  [avdec_h264]
  tile 11  62 fps  [avdec_h264]
  composited: rendered=275 dropped=14  cpu=90%  rss=3089MB
--
  tile 0  43 fps  [avdec_h264]
  tile 1  47 fps  [avdec_h264]
  tile 2  50 fps  [avdec_h264]
  tile 3  65 fps  [avdec_h264]
  tile 4  50 fps  [avdec_h264]
  tile 5  74 fps  [avdec_h264]
  tile 6  63 fps  [avdec_h264]
  tile 7  37 fps  [avdec_h264]
  tile 8  63 fps  [avdec_h264]
  tile 9  59 fps  [avdec_h264]
  tile 10  48 fps  [avdec_h264]
  tile 11  52 fps  [avdec_h264]
  composited: rendered=292 dropped=14  cpu=88%  rss=3090MB
-- time limit reached --
SUMMARY: tiles=12 composited rendered=292 dropped=14
SUMMARY(test-pattern): codec=h264 src=1920x1080 tiles=12 aggregate decode fps=759  (~30 sustainable 25fps streams)
